Component: ARM Compiler 5.05 update 1 (build 106) Tool: armlink [4d0efa]

==============================================================================

Section Cross References

    main.o(i.main) refers to misc.o(i.NVIC_SetVectorTable) for NVIC_SetVectorTable
    main.o(i.main) refers to misc.o(i.NVIC_PriorityGroupConfig) for NVIC_PriorityGroupConfig
    main.o(i.main) refers to ros_test.o(i.ros_task_create) for ros_task_create
    main.o(i.main) refers to tasks.o(i.vTaskStartScheduler) for vTaskStartScheduler
    ros_bsp.o(i.ros_communication_bsp_init) refers to queue.o(i.xQueueGenericCreate) for xQueueGenericCreate
    ros_bsp.o(i.ros_communication_bsp_init) refers to queue.o(i.xQueueSemaphoreTake) for xQueueSemaphoreTake
    ros_bsp.o(i.ros_communication_bsp_init) refers to ros_bsp.o(i.ros_serial_init) for ros_serial_init
    ros_bsp.o(i.ros_communication_bsp_init) refers to tasks.o(i.xTaskCreate) for xTaskCreate
    ros_bsp.o(i.ros_communication_bsp_init) refers to ros_bsp.o(.data) for xRosSerialRecvCharsQueue
    ros_bsp.o(i.ros_communication_bsp_init) refers to ros_bsp.o(i.ros_task_send) for ros_task_send
    ros_bsp.o(i.ros_dealy_ms) refers to tasks.o(i.vTaskDelay) for vTaskDelay
    ros_bsp.o(i.ros_get_system_time) refers to tasks.o(i.xTaskGetTickCount) for xTaskGetTickCount
    ros_bsp.o(i.ros_receive_char_callback) refers to queue.o(i.xQueueGenericSendFromISR) for xQueueGenericSendFromISR
    ros_bsp.o(i.ros_receive_char_callback) refers to ros_bsp.o(.data) for xRosSerialRecvCharsQueue
    ros_bsp.o(i.ros_send_frame_over_callback) refers to queue.o(i.xQueueGiveFromISR) for xQueueGiveFromISR
    ros_bsp.o(i.ros_send_frame_over_callback) refers to ros_bsp.o(.data) for xRosSerialSendCompleteBinary
    ros_bsp.o(i.ros_serial_init) refers to serial.o(i.serial_ros_init) for serial_ros_init
    ros_bsp.o(i.ros_serial_init) refers to serial.o(i.serial_ros_send_data_init) for serial_ros_send_data_init
    ros_bsp.o(i.ros_serial_init) refers to ros_bsp.o(i.ros_receive_char_callback) for ros_receive_char_callback
    ros_bsp.o(i.ros_serial_init) refers to ros_bsp.o(i.ros_send_frame_over_callback) for ros_send_frame_over_callback
    ros_bsp.o(i.ros_serial_read_char) refers to queue.o(i.xQueueReceive) for xQueueReceive
    ros_bsp.o(i.ros_serial_read_char) refers to ros_bsp.o(.data) for xRosSerialRecvCharsQueue
    ros_bsp.o(i.ros_serial_recv_enable_init) refers to serial.o(i.serial_ros_recv_enable) for serial_ros_recv_enable
    ros_bsp.o(i.ros_serial_write_length) refers to port.o(i.vPortEnterCritical) for vPortEnterCritical
    ros_bsp.o(i.ros_serial_write_length) refers to rt_memcpy_v6.o(.text) for __aeabi_memcpy
    ros_bsp.o(i.ros_serial_write_length) refers to queue.o(i.xQueueGenericSend) for xQueueGenericSend
    ros_bsp.o(i.ros_serial_write_length) refers to port.o(i.vPortExitCritical) for vPortExitCritical
    ros_bsp.o(i.ros_serial_write_length) refers to ros_bsp.o(.bss) for cOutputQueuePush
    ros_bsp.o(i.ros_serial_write_length) refers to ros_bsp.o(.data) for xRosSerialSendCharsQueue
    ros_bsp.o(i.ros_task_send) refers to queue.o(i.xQueueReceive) for xQueueReceive
    ros_bsp.o(i.ros_task_send) refers to queue.o(i.xQueueSemaphoreTake) for xQueueSemaphoreTake
    ros_bsp.o(i.ros_task_send) refers to port.o(i.vPortEnterCritical) for vPortEnterCritical
    ros_bsp.o(i.ros_task_send) refers to serial.o(i.serial_ros_send_data) for serial_ros_send_data
    ros_bsp.o(i.ros_task_send) refers to port.o(i.vPortExitCritical) for vPortExitCritical
    ros_bsp.o(i.ros_task_send) refers to ros_bsp.o(.bss) for cOutputQueuePull
    ros_bsp.o(i.ros_task_send) refers to ros_bsp.o(.data) for xRosSerialSendCharsQueue
    ros_test.o(i._Z13ros_node_initPv) refers to ros_bsp.o(i.ros_serial_recv_enable_init) for ros_serial_recv_enable_init
    ros_test.o(i._Z13ros_node_initPv) refers to tasks.o(i.xTaskCreate) for xTaskCreate
    ros_test.o(i._Z13ros_node_initPv) refers to tasks.o(i.vTaskDelete) for vTaskDelete
    ros_test.o(i._Z13ros_node_initPv) refers to ros_test.o(.bss) for n
    ros_test.o(i._Z13ros_node_initPv) refers to ros_test.o(.data) for psNode
    ros_test.o(i._Z17node_test_publishPv) refers to ros_bsp.o(i.ros_dealy_ms) for ros_dealy_ms
    ros_test.o(i._Z17node_test_publishPv) refers to ros_test.o(.bss) for n
    ros_test.o(i._Z17node_test_publishPv) refers to ros_test.o(.data) for Msg
    ros_test.o(i._Z19node_test_subscribePv) refers to ros_test.o(t._ZN3ros11NodeHandle_I13Stm32HardwareLi25ELi25ELi512ELi512EE8spinOnceEv) for ros::NodeHandle_<Stm32Hardware, (int)25, (int)25, (int)512, (int)512>::spinOnce()
    ros_test.o(i._Z19node_test_subscribePv) refers to ros_bsp.o(i.ros_dealy_ms) for ros_dealy_ms
    ros_test.o(i._Z19node_test_subscribePv) refers to ros_test.o(.bss) for n
[...]
    ros_node_init(void*)                     0x08000fbd   Thumb Code   106  ros_test.o(i._Z13ros_node_initPv)
    i._Z17node_test_publishPv                0x08001030   Section        0  ros_test.o(i._Z17node_test_publishPv)
    node_test_publish(void*)                 0x08001031   Thumb Code    80  ros_test.o(i._Z17node_test_publishPv)
    i._Z19node_test_subscribePv              0x08001098   Section        0  ros_test.o(i._Z19node_test_subscribePv)
    node_test_subscribe(void*)               0x08001099   Thumb Code    58  ros_test.o(i._Z19node_test_subscribePv)
    i._Z8CallBackRKN8std_msgs6StringE        0x080010dc   Section        0  ros_test.o(i._Z8CallBackRKN8std_msgs6StringE)
    CallBack(const std_msgs::String&)        0x080010dd   Thumb Code     2  ros_test.o(i._Z8CallBackRKN8std_msgs6StringE)
    i._ZN13Stm32Hardware4timeEv              0x080010de   Section        0  ros_test.o(i._ZN13Stm32Hardware4timeEv)
    i._ZN14rosserial_msgs20RequestParamResponse11deserializeEPh 0x080010e8   Section        0  ros_test.o(i._ZN14rosserial_msgs20RequestParamResponse11deserializeEPh)
    i._ZN14rosserial_msgs20RequestParamResponse6getMD5Ev 0x0800122c   Section        0  ros_test.o(i._ZN14rosserial_msgs20RequestParamResponse6getMD5Ev)
    i._ZN14rosserial_msgs20RequestParamResponse7getTypeEv 0x08001238   Section        0  ros_test.o(i._ZN14rosserial_msgs20RequestParamResponse7getTypeEv)
    i._ZN14rosserial_msgs3Log6getMD5Ev       0x08001244   Section        0  ros_test.o(i._ZN14rosserial_msgs3Log6getMD5Ev)
    i._ZN14rosserial_msgs3Log7getTypeEv      0x08001250   Section        0  ros_test.o(i._ZN14rosserial_msgs3Log7getTypeEv)
    i._ZN14rosserial_msgs9TopicInfo6getMD5Ev 0x0800125c   Section        0  ros_test.o(i._ZN14rosserial_msgs9TopicInfo6getMD5Ev)
    i._ZN14rosserial_msgs9TopicInfo7getTypeEv 0x08001268   Section        0  ros_test.o(i._ZN14rosserial_msgs9TopicInfo7getTypeEv)
    i._ZN3ros16normalizeSecNSecERmS0_        0x08001274   Section        0  time.o(i._ZN3ros16normalizeSecNSecERmS0_)
    i._ZN3ros3MsgC2Ev                        0x08001298   Section        0  ros_test.o(i._ZN3ros3MsgC2Ev)
    i._ZN8std_msgs4Time11deserializeEPh      0x080012a4   Section        0  ros_test.o(i._ZN8std_msgs4Time11deserializeEPh)
    i._ZN8std_msgs4Time6getMD5Ev             0x08001300   Section        0  ros_test.o(i._ZN8std_msgs4Time6getMD5Ev)
    i._ZN8std_msgs4Time7getTypeEv            0x0800130c   Section        0  ros_test.o(i._ZN8std_msgs4Time7getTypeEv)
    i._ZN8std_msgs4TimeC1Ev                  0x08001318   Section        0  ros_test.o(i._ZN8std_msgs4TimeC1Ev)
    i._ZN8std_msgs6String11deserializeEPh    0x0800133c   Section        0  ros_test.o(i._ZN8std_msgs6String11deserializeEPh)
    i._ZN8std_msgs6String6getMD5Ev           0x0800136c   Section        0  ros_test.o(i._ZN8std_msgs6String6getMD5Ev)
    i._ZN8std_msgs6String7getTypeEv          0x08001378   Section        0  ros_test.o(i._ZN8std_msgs6String7getTypeEv)
    i._ZN8std_msgs6StringC1Ev                0x08001384   Section        0  ros_test.o(i._ZN8std_msgs6StringC1Ev)
    i._ZNK14rosserial_msgs20RequestParamResponse9serializeEPh 0x0800139c   Section        0  ros_test.o(i._ZNK14rosserial_msgs20RequestParamResponse9serializeEPh)
    i._ZNK14rosserial_msgs3Log9serializeEPh  0x0800149a   Section        0  ros_test.o(i._ZNK14rosserial_msgs3Log9serializeEPh)
    i._ZNK14rosserial_msgs9TopicInfo9serializeEPh 0x080014ca   Section        0  ros_test.o(i._ZNK14rosserial_msgs9TopicInfo9serializeEPh)
    i._ZNK8std_msgs4Time9serializeEPh        0x0800155c   Section        0  ros_test.o(i._ZNK8std_msgs4Time9serializeEPh)
    i._ZNK8std_msgs6String9serializeEPh      0x080015a0   Section        0  ros_test.o(i._ZNK8std_msgs6String9serializeEPh)
    i.__cxa_pure_virtual                     0x080015ca   Section        0  pure_virt.o(i.__cxa_pure_virtual)
    i.__sti___12_ros_test_cpp_356953f6       0x080015d0   Section        0  ros_test.o(i.__sti___12_ros_test_cpp_356953f6)
    __sti___12_ros_test_cpp_356953f6         0x080015d1   Thumb Code    70  ros_test.o(i.__sti___12_ros_test_cpp_356953f6)
    i.main                                   0x08001650   Section        0  main.o(i.main)
    i.prvAddCurrentTaskToDelayedList         0x08001678   Section        0  tasks.o(i.prvAddCurrentTaskToDelayedList)
    prvAddCurrentTaskToDelayedList           0x08001679   Thumb Code   124  tasks.o(i.prvAddCurrentTaskToDelayedList)
    i.prvAddNewTaskToReadyList               0x08001710   Section        0  tasks.o(i.prvAddNewTaskToReadyList)
    prvAddNewTaskToReadyList                 0x08001711   Thumb Code   150  tasks.o(i.prvAddNewTaskToReadyList)
    i.prvCheckTasksWaitingTermination        0x080017c4   Section        0  tasks.o(i.prvCheckTasksWaitingTermination)
    prvCheckTasksWaitingTermination          0x080017c5   Thumb Code    60  tasks.o(i.prvCheckTasksWaitingTermination)
    i.prvCopyDataFromQueue                   0x0800180c   Section        0  queue.o(i.prvCopyDataFromQueue)
    prvCopyDataFromQueue                     0x0800180d   Thumb Code    42  queue.o(i.prvCopyDataFromQueue)
    i.prvCopyDataToQueue                     0x08001836   Section        0  queue.o(i.prvCopyDataToQueue)
    prvCopyDataToQueue                       0x08001837   Thumb Code   106  queue.o(i.prvCopyDataToQueue)
    i.prvDeleteTCB                           0x080018a0   Section        0  tasks.o(i.prvDeleteTCB)
    prvDeleteTCB                             0x080018a1   Thumb Code    18  tasks.o(i.prvDeleteTCB)
    i.prvHeapInit                            0x080018b4   Section        0  heap_4.o(i.prvHeapInit)
    prvHeapInit                              0x080018b5   Thumb Code    98  heap_4.o(i.prvHeapInit)
    i.prvIdleTask                            0x08001930   Section        0  tasks.o(i.prvIdleTask)
    prvIdleTask                              0x08001931   Thumb Code    32  tasks.o(i.prvIdleTask)
    i.prvInitialiseNewQueue                  0x08001958   Section        0  queue.o(i.prvInitialiseNewQueue)
    prvInitialiseNewQueue                    0x08001959   Thumb Code    38  queue.o(i.prvInitialiseNewQueue)
    i.prvInitialiseNewTask                   0x0800197e   Section        0  tasks.o(i.prvInitialiseNewTask)
    prvInitialiseNewTask                     0x0800197f   Thumb Code   128  tasks.o(i.prvInitialiseNewTask)
    i.prvInitialiseTaskLists                 0x08001a00   Section        0  tasks.o(i.prvInitialiseTaskLists)
    prvInitialiseTaskLists                   0x08001a01   Thumb Code    70  tasks.o(i.prvInitialiseTaskLists)
    i.prvInsertBlockIntoFreeList             0x08001a68   Section        0  heap_4.o(i.prvInsertBlockIntoFreeList)
    prvInsertBlockIntoFreeList               0x08001a69   Thumb Code    96  heap_4.o(i.prvInsertBlockIntoFreeList)
    i.prvIsQueueEmpty                        0x08001ad0   Section        0  queue.o(i.prvIsQueueEmpty)
    prvIsQueueEmpty                          0x08001ad1   Thumb Code    26  queue.o(i.prvIsQueueEmpty)
    i.prvIsQueueFull                         0x08001aea   Section        0  queue.o(i.prvIsQueueFull)
    prvIsQueueFull                           0x08001aeb   Thumb Code    30  queue.o(i.prvIsQueueFull)
    i.prvResetNextTaskUnblockTime            0x08001b08   Section        0  tasks.o(i.prvResetNextTaskUnblockTime)
    prvResetNextTaskUnblockTime              0x08001b09   Thumb Code    42  tasks.o(i.prvResetNextTaskUnblockTime)
    i.prvTaskExitError                       0x08001b3c   Section        0  port.o(i.prvTaskExitError)
    prvTaskExitError                         0x08001b3d   Thumb Code    22  port.o(i.prvTaskExitError)
    i.prvUnlockQueue                         0x08001b52   Section        0  queue.o(i.prvUnlockQueue)
    prvUnlockQueue                           0x08001b53   Thumb Code   126  queue.o(i.prvUnlockQueue)
    i.pvPortMalloc                           0x08001bd0   Section        0  heap_4.o(i.pvPortMalloc)
    i.pxPortInitialiseStack                  0x08001ca0   Section        0  port.o(i.pxPortInitialiseStack)
    i.ros_communication_bsp_init             0x08001cc4   Section        0  ros_bsp.o(i.ros_communication_bsp_init)
    i.ros_dealy_ms                           0x08001d48   Section        0  ros_bsp.o(i.ros_dealy_ms)
    i.ros_get_system_time                    0x08001d54   Section        0  ros_bsp.o(i.ros_get_system_time)
    i.ros_receive_char_callback              0x08001d5c   Section        0  ros_bsp.o(i.ros_receive_char_callback)
    ros_receive_char_callback                0x08001d5d   Thumb Code    48  ros_bsp.o(i.ros_receive_char_callback)
    i.ros_send_frame_over_callback           0x08001d94   Section        0  ros_bsp.o(i.ros_send_frame_over_callback)
    ros_send_frame_over_callback             0x08001d95   Thumb Code    38  ros_bsp.o(i.ros_send_frame_over_callback)
    i.ros_serial_init                        0x08001dc4   Section        0  ros_bsp.o(i.ros_serial_init)
    ros_serial_init                          0x08001dc5   Thumb Code    20  ros_bsp.o(i.ros_serial_init)
    i.ros_serial_read_char                   0x08001de0   Section        0  ros_bsp.o(i.ros_serial_read_char)
    i.ros_serial_recv_enable_init            0x08001e04   Section        0  ros_bsp.o(i.ros_serial_recv_enable_init)
    i.ros_serial_write_length                0x08001e0c   Section        0  ros_bsp.o(i.ros_serial_write_length)
    i.ros_task_create                        0x08001e44   Section        0  ros_test.o(i.ros_task_create)
    i.ros_task_send                          0x08001e70   Section        0  ros_bsp.o(i.ros_task_send)
    ros_task_send                            0x08001e71   Thumb Code    62  ros_bsp.o(i.ros_task_send)
    i.serial_ros_init                        0x08001ebc   Section        0  serial.o(i.serial_ros_init)
    i.serial_ros_recv_enable                 0x08001ecc   Section        0  serial.o(i.serial_ros_recv_enable)
    i.serial_ros_send_data                   0x08001ed4   Section        0  serial.o(i.serial_ros_send_data)
    i.serial_ros_send_data_init              0x08001eec   Section        0  serial.o(i.serial_ros_send_data_init)
    i.uart_ros_dma_init                      0x08001ef8   Section        0  usart.o(i.uart_ros_dma_init)
    i.uart_ros_init                          0x08001fa0   Section        0  usart.o(i.uart_ros_init)
    i.uart_ros_rx_isr_enable                 0x08002078   Section        0  usart.o(i.uart_ros_rx_isr_enable)
    i.uart_send_data_by_dma                  0x0800208c   Section        0  usart.o(i.uart_send_data_by_dma)
    i.uxListRemove                           0x080020bc   Section        0  list.o(i.uxListRemove)
    i.vListInitialise                        0x080020e4   Section        0  list.o(i.vListInitialise)
    i.vListInitialiseItem                    0x080020fe   Section        0  list.o(i.vListInitialiseItem)
    i.vListInsert                            0x08002104   Section        0  list.o(i.vListInsert)
    i.vListInsertEnd                         0x08002138   Section        0  list.o(i.vListInsertEnd)
    i.vPortEnterCritical                     0x08002150   Section        0  port.o(i.vPortEnterCritical)
    i.vPortExitCritical                      0x08002174   Section        0  port.o(i.vPortExitCritical)
    i.vPortFree                              0x08002194   Section        0  heap_4.o(i.vPortFree)
    i.vPortSetupTimerInterrupt               0x080021dc   Section        0  port.o(i.vPortSetupTimerInterrupt)
    i.vTaskDelay                             0x080021f4   Section        0  tasks.o(i.vTaskDelay)
    i.vTaskDelete                            0x08002228   Section        0  tasks.o(i.vTaskDelete)
    i.vTaskInternalSetTimeOutState           0x080022f4   Section        0  tasks.o(i.vTaskInternalSetTimeOutState)
    i.vTaskMissedYield                       0x0800230c   Section        0  tasks.o(i.vTaskMissedYield)
    i.vTaskPlaceOnEventList                  0x08002318   Section        0  tasks.o(i.vTaskPlaceOnEventList)
    i.vTaskStartScheduler                    0x08002338   Section        0  tasks.o(i.vTaskStartScheduler)
    i.vTaskSuspendAll                        0x0800239c   Section        0  tasks.o(i.vTaskSuspendAll)
    i.vTaskSwitchContext                     0x080023ac   Section        0  tasks.o(i.vTaskSwitchContext)
    i.xPortStartScheduler                    0x0800240c   Section        0  port.o(i.xPortStartScheduler)
    i.xQueueGenericCreate                    0x08002440   Section        0  queue.o(i.xQueueGenericCreate)
    i.xQueueGenericReset                     0x08002478   Section        0  queue.o(i.xQueueGenericReset)
    i.xQueueGenericSend                      0x080024f8   Section        0  queue.o(i.xQueueGenericSend)
    i.xQueueGenericSendFromISR               0x08002610   Section        0  queue.o(i.xQueueGenericSendFromISR)
    i.xQueueGiveFromISR                      0x08002696   Section        0  queue.o(i.xQueueGiveFromISR)
    i.xQueueReceive                          0x08002710   Section        0  queue.o(i.xQueueReceive)
    i.xQueueSemaphoreTake                    0x08002814   Section        0  queue.o(i.xQueueSemaphoreTake)
    i.xTaskCheckForTimeOut                   0x08002904   Section        0  tasks.o(i.xTaskCheckForTimeOut)
    i.xTaskCreate                            0x08002960   Section        0  tasks.o(i.xTaskCreate)
    i.xTaskGetTickCount                      0x080029c0   Section        0  tasks.o(i.xTaskGetTickCount)
    i.xTaskIncrementTick                     0x080029cc   Section        0  tasks.o(i.xTaskIncrementTick)
    i.xTaskRemoveFromEventList               0x08002ae8   Section        0  tasks.o(i.xTaskRemoveFromEventList)
    i.xTaskResumeAll                         0x08002b68   Section        0  tasks.o(i.xTaskResumeAll)
    t._ZN3ros10SubscriberIN8std_msgs6StringEE10getMsgTypeEv 0x08002c50   Section        0  ros_test.o(t._ZN3ros10SubscriberIN8std_msgs6StringEE10getMsgTypeEv)
    t._ZN3ros10SubscriberIN8std_msgs6StringEE15getEndpointTypeEv 0x08002c5c   Section        0  ros_test.o(t._ZN3ros10SubscriberIN8std_msgs6StringEE15getEndpointTypeEv)
    t._ZN3ros10SubscriberIN8std_msgs6StringEE8callbackEPh 0x08002c62   Section        0  ros_test.o(t._ZN3ros10SubscriberIN8std_msgs6StringEE8callbackEPh)
    t._ZN3ros10SubscriberIN8std_msgs6StringEE9getMsgMD5Ev 0x08002c7c   Section        0  ros_test.o(t._ZN3ros10SubscriberIN8std_msgs6StringEE9getMsgMD5Ev)
    t._ZN3ros11NodeHandle_I13Stm32HardwareLi25ELi25ELi512ELi512EE15negotiateTopicsEv 0x08002c88   Section        0  ros_test.o(t._ZN3ros11NodeHandle_I13Stm32HardwareLi25ELi25ELi512ELi512EE15negotiateTopicsEv)
    t._ZN3ros11NodeHandle_I13Stm32HardwareLi25ELi25ELi512ELi512EE15requestSyncTimeEv 0x08002dac   Section        0  ros_test.o(t._ZN3ros11NodeHandle_I13Stm32HardwareLi25ELi25ELi512ELi512EE15requestSyncTimeEv)
    t._ZN3ros11NodeHandle_I13Stm32HardwareLi25ELi25ELi512ELi512EE7publishEiPKNS_3MsgE 0x08002dcc   Section        0  ros_test.o(t._ZN3ros11NodeHandle_I13Stm32HardwareLi25ELi25ELi512ELi512EE7publishEiPKNS_3MsgE)
    t._ZN3ros11NodeHandle_I13Stm32HardwareLi25ELi25ELi512ELi512EE8spinOnceEv 0x08002ec8   Section        0  ros_test.o(t._ZN3ros11NodeHandle_I13Stm32HardwareLi25ELi25ELi512ELi512EE8spinOnceEv)
    t._ZN3ros11NodeHandle_I13Stm32HardwareLi25ELi25ELi512ELi512EE8syncTimeEPh 0x0800313c   Section        0  ros_test.o(t._ZN3ros11NodeHandle_I13Stm32HardwareLi25ELi25ELi512ELi512EE8syncTimeEPh)
    t._ZN3ros11NodeHandle_I13Stm32HardwareLi25ELi25ELi512ELi512EEC1Ev 0x080031dc   Section        0  ros_test.o(t._ZN3ros11NodeHandle_I13Stm32HardwareLi25ELi25ELi512ELi512EEC1Ev)
    .constdata                               0x0800328c   Section       28  ros_test.o(.constdata)
    rosserial_msgs::REQUESTPARAM             0x0800328c   Data          28  ros_test.o(.constdata)
    .constdata__ZTVN14rosserial_msgs20RequestParamResponseE 0x080032a8   Section       24  ros_test.o(.constdata__ZTVN14rosserial_msgs20RequestParamResponseE)
    .constdata__ZTVN14rosserial_msgs3LogE    0x080032c0   Section       24  ros_test.o(.constdata__ZTVN14rosserial_msgs3LogE)
    .constdata__ZTVN14rosserial_msgs9TopicInfoE 0x080032d8   Section       24  ros_test.o(.constdata__ZTVN14rosserial_msgs9TopicInfoE)
    .constdata__ZTVN3ros10SubscriberIN8std_msgs6StringEEE 0x080032f0   Section       24  ros_test.o(.constdata__ZTVN3ros10SubscriberIN8std_msgs6StringEEE)
    .constdata__ZTVN3ros11NodeHandle_I13Stm32HardwareLi25ELi25ELi512ELi512EEE 0x08003308   Section       20  ros_test.o(.constdata__ZTVN3ros11NodeHandle_I13Stm32HardwareLi25ELi25ELi512ELi512EEE)
    .constdata__ZTVN3ros11Subscriber_E       0x0800331c   Section       24  ros_test.o(.constdata__ZTVN3ros11Subscriber_E)
    .constdata__ZTVN3ros15NodeHandleBase_E   0x08003334   Section       20  ros_test.o(.constdata__ZTVN3ros15NodeHandleBase_E)
    .constdata__ZTVN3ros3MsgE                0x08003348   Section       24  ros_test.o(.constdata__ZTVN3ros3MsgE)
    .constdata__ZTVN8std_msgs4TimeE          0x08003360   Section       24  ros_test.o(.constdata__ZTVN8std_msgs4TimeE)
    .constdata__ZTVN8std_msgs6StringE        0x08003378   Section       24  ros_test.o(.constdata__ZTVN8std_msgs6StringE)
    .constdata__ZZN14rosserial_msgs20RequestParamResponse6getMD5EvEs 0x08003390   Section       33  ros_test.o(.constdata__ZZN14rosserial_msgs20RequestParamResponse6getMD5EvEs)
    .constdata__ZZN14rosserial_msgs3Log6getMD5EvEs 0x080033b1   Section       33  ros_test.o(.constdata__ZZN14rosserial_msgs3Log6getMD5EvEs)
    .constdata__ZZN14rosserial_msgs3Log7getTypeEvEs 0x080033d2   Section       19  ros_test.o(.constdata__ZZN14rosserial_msgs3Log7getTypeEvEs)
    .constdata__ZZN14rosserial_msgs9TopicInfo6getMD5EvEs 0x080033e5   Section       33  ros_test.o(.constdata__ZZN14rosserial_msgs9TopicInfo6getMD5EvEs)
    .constdata__ZZN14rosserial_msgs9TopicInfo7getTypeEvEs 0x08003406   Section       25  ros_test.o(.constdata__ZZN14rosserial_msgs9TopicInfo7getTypeEvEs)
    .constdata__ZZN3ros11NodeHandle_I13Stm32HardwareLi25ELi25ELi512ELi512EE7publishEiPKNS_3MsgEEs 0x0800341f   Section       57  ros_test.o(.constdata__ZZN3ros11NodeHandle_I13Stm32HardwareLi25ELi25ELi512ELi512EE7publishEiPKNS_3MsgEEs)
    .constdata__ZZN8std_msgs4Time6getMD5EvEs 0x08003458   Section       33  ros_test.o(.constdata__ZZN8std_msgs4Time6getMD5EvEs)
    .constdata__ZZN8std_msgs4Time7getTypeEvEs 0x08003479   Section       14  ros_test.o(.constdata__ZZN8std_msgs4Time7getTypeEvEs)
    .constdata__ZZN8std_msgs6String6getMD5EvEs 0x08003487   Section       33  ros_test.o(.constdata__ZZN8std_msgs6String6getMD5EvEs)
    .constdata__ZZN8std_msgs6String7getTypeEvEs 0x080034a8   Section       16  ros_test.o(.constdata__ZZN8std_msgs6String7getTypeEvEs)
    .init_array                              0x080034d8   Section        4  ros_test.o(.init_array)
    .init_array                              0x080034dc   Section        0  init_aeabi.o(.init_array)
    .data                                    0x20000000   Section       12  ros_bsp.o(.data)
    xRosSerialRecvCharsQueue                 0x20000000   Data           4  ros_bsp.o(.data)
    xRosSerialSendCharsQueue                 0x20000004   Data           4  ros_bsp.o(.data)
    xRosSerialSendCompleteBinary             0x20000008   Data           4  ros_bsp.o(.data)
    .data                                    0x2000000c   Section       84  ros_test.o(.data)
    xRegisteredNode                          0x2000000c   Data          72  ros_test.o(.data)
    psNode                                   0x20000054   Data           4  ros_test.o(.data)
    Msg                                      0x20000058   Data           8  ros_test.o(.data)
    .data                                    0x20000060   Section        8  usart.o(.data)
    uartRosReceiveOneByte                    0x20000060   Data           4  usart.o(.data)
    uartRosDmaSendOver                       0x20000064   Data           4  usart.o(.data)
    .data                                    0x20000068   Section       60  tasks.o(.data)
    pxDelayedTaskList                        0x2000006c   Data           4  tasks.o(.data)
    pxOverflowDelayedTaskList                0x20000070   Data           4  tasks.o(.data)
    uxDeletedTasksWaitingCleanUp             0x20000074   Data           4  tasks.o(.data)
    uxCurrentNumberOfTasks                   0x20000078   Data           4  tasks.o(.data)
    xTickCount                               0x2000007c   Data           4  tasks.o(.data)
    uxTopReadyPriority                       0x20000080   Data           4  tasks.o(.data)
    xSchedulerRunning                        0x20000084   Data           4  tasks.o(.data)
    uxPendedTicks                            0x20000088   Data           4  tasks.o(.data)
    xYieldPending                            0x2000008c   Data           4  tasks.o(.data)
    xNumOfOverflows                          0x20000090   Data           4  tasks.o(.data)
    uxTaskNumber                             0x20000094   Data           4  tasks.o(.data)
    xNextTaskUnblockTime                     0x20000098   Data           4  tasks.o(.data)
    xIdleTaskHandle                          0x2000009c   Data           4  tasks.o(.data)
    uxSchedulerSuspended                     0x200000a0   Data           4  tasks.o(.data)
    .data                                    0x200000a4   Section        4  port.o(.data)
    uxCriticalNesting                        0x200000a4   Data           4  port.o(.data)
    .data                                    0x200000a8   Section       24  heap_4.o(.data)
    xStart                                   0x200000a8   Data           8  heap_4.o(.data)
    pxEnd                                    0x200000b0   Data           4  heap_4.o(.data)
    xFreeBytesRemaining                      0x200000b4   Data           4  heap_4.o(.data)
    xMinimumEverFreeBytesRemaining           0x200000b8   Data           4  heap_4.o(.data)
    xBlockAllocatedBit                       0x200000bc   Data           4  heap_4.o(.data)
    .data                                    0x200000c0   Section       20  stm32f10x_rcc.o(.data)
    APBAHBPrescTable                         0x200000c0   Data          16  stm32f10x_rcc.o(.data)
    ADCPrescTable                            0x200000d0   Data           4  stm32f10x_rcc.o(.data)
    .bss                                     0x200000d4   Section      520  ros_bsp.o(.bss)
    cOutputQueuePull                         0x200000d4   Data         260  ros_bsp.o(.bss)
    cOutputQueuePush                         0x200001d8   Data         260  ros_bsp.o(.bss)
    .bss                                     0x200002dc   Section     1372  ros_test.o(.bss)
    n                                        0x200002dc   Data        1324  ros_test.o(.bss)
    stm_publish                              0x20000808   Data          20  ros_test.o(.bss)
    stm_subscribe                            0x2000081c   Data          28  ros_test.o(.bss)
    .bss                                     0x20000838   Section      420  tasks.o(.bss)
    pxReadyTasksLists                        0x20000838   Data         320  tasks.o(.bss)
    xDelayedTaskList1                        0x20000978   Data          20  tasks.o(.bss)
    xDelayedTaskList2                        0x2000098c   Data          20  tasks.o(.bss)
    xPendingReadyList                        0x200009a0   Data          20  tasks.o(.bss)
    xTasksWaitingTermination                 0x200009b4   Data          20  tasks.o(.bss)
    xSuspendedTaskList                       0x200009c8   Data          20  tasks.o(.bss)
    .bss                                     0x200009dc   Section    17408  heap_4.o(.bss)
    ucHeap                                   0x200009dc   Data       17408  heap_4.o(.bss)
    .bss                                     0x20004ddc   Section       96  libspace.o(.bss)
    HEAP                                     0x20004e40   Section      512  startup_stm32f10x_md.o(HEAP)
    Heap_Mem                                 0x20004e40   Data         512  startup_stm32f10x_md.o(HEAP)
    STACK                                    0x20005040   Section     1024  startup_stm32f10x_md.o(STACK)
    Stack_Mem                                0x20005040   Data        1024  startup_stm32f10x_md.o(STACK)
    __initial_sp                             0x20005440   Data           0  startup_stm32f10x_md.o(STACK)

    Global Symbols

    Symbol Name                              Value     Ov Type        Size  Object(Section)

    BuildAttributes$$THM_ISAv4$P$D$K$B$S$PE$A:L22UL41UL21$X:L11$S22US41US21$IEEE1$IW$USESV6$~STKCKD$USESV7$~SHL$OTIME$ROPI$EBA8$UX$STANDARDLIB$REQ8$PRES8$EABIv2 0x00000000   Number         0  anon$$obj.o ABSOLUTE
    __ARM_use_no_argv                        0x00000000   Number         0  main.o ABSOLUTE
    __ARM::default_unexpected_handler()       - Undefined Weak Reference
    __ARM_exceptions_buffer_required          - Undefined Weak Reference
    __ARM_exceptions_init                     - Undefined Weak Reference
    __alloca_initialize                       - Undefined Weak Reference
    __arm_preinit_                            - Undefined Weak Reference
    __cxa_finalize                            - Undefined Weak Reference
    __rt_locale                               - Undefined Weak Reference
    __sigvec_lookup                           - Undefined Weak Reference
    __user_heap_extent                        - Undefined Weak Reference
    _atexit_init                              - Undefined Weak Reference
    _call_atexit_fns                          - Undefined Weak Reference
    _clock_init                               - Undefined Weak Reference
    _fp_trap_init                             - Undefined Weak Reference
    _fp_trap_shutdown                         - Undefined Weak Reference
    _get_lc_collate                           - Undefined Weak Reference
    _get_lc_ctype                             - Undefined Weak Reference
    _get_lc_monetary                          - Undefined Weak Reference
    _get_lc_numeric                           - Undefined Weak Reference
    _get_lc_time                              - Undefined Weak Reference
    _getenv_init                              - Undefined Weak Reference
    _handle_redirection                       - Undefined Weak Reference
    _initio                                   - Undefined Weak Reference
    _mutex_acquire                            - Undefined Weak Reference
    _mutex_free                               - Undefined Weak Reference
    _mutex_release                            - Undefined Weak Reference
    _rand_init                                - Undefined Weak Reference
    _signal_finish                            - Undefined Weak Reference
    _signal_init                              - Undefined Weak Reference
    _terminateio                              - Undefined Weak Reference
    __Vectors_Size                           0x000000ec   Number         0  startup_stm32f10x_md.o ABSOLUTE
    __Vectors                                0x08000000   Data           4  startup_stm32f10x_md.o(RESET)
    __Vectors_End                            0x080000ec   Data           0  startup_stm32f10x_md.o(RESET)
    __main                                   0x080000ed   Thumb Code     8  __main.o(!!!main)
    __scatterload                            0x080000f5   Thumb Code     0  __scatter.o(!!!scatter)
    __scatterload_rt2                        0x080000f5   Thumb Code    44  __scatter.o(!!!scatter)
    __scatterload_rt2_thumb_only             0x080000f5   Thumb Code     0  __scatter.o(!!!scatter)
    __scatterload_null                       0x08000103   Thumb Code     0  __scatter.o(!!!scatter)
    __scatterload_copy                       0x08000129   Thumb Code    26  __scatter_copy.o(!!handler_copy)
    __scatterload_zeroinit                   0x08000145   Thumb Code    28  __scatter_zi.o(!!handler_zi)
    __rt_lib_init                            0x08000161   Thumb Code     0  libinit.o(.ARM.Collect$$libinit$$00000000)
    __rt_lib_init_fp_1                       0x08000163   Thumb Code     0  libinit2.o(.ARM.Collect$$libinit$$00000002)
    __rt_lib_init_heap_2                     0x08000163   Thumb Code     0  libinit2.o(.ARM.Collect$$libinit$$00000005)
    __rt_lib_init_preinit_1                  0x08000163   Thumb Code     0  libinit2.o(.ARM.Collect$$libinit$$00000004)
    __rt_lib_init_alloca_1                   0x0800016b   Thumb Code     0  libinit2.o(.ARM.Collect$$libinit$$0000002E)
    __rt_lib_init_argv_1                     0x0800016b   Thumb Code     0  libinit2.o(.ARM.Collect$$libinit$$0000002C)
    __rt_lib_init_atexit_1                   0x0800016b   Thumb Code     0  libinit2.o(.ARM.Collect$$libinit$$0000001B)
    __rt_lib_init_clock_1                    0x0800016b   Thumb Code     0  libinit2.o(.ARM.Collect$$libinit$$00000021)
    __rt_lib_init_cpp_2                      0x0800016b   Thumb Code     0  libinit2.o(.ARM.Collect$$libinit$$00000031)
    __rt_lib_init_exceptions_1               0x0800016b   Thumb Code     0  libinit2.o(.ARM.Collect$$libinit$$00000030)
    __rt_lib_init_fp_trap_1                  0x0800016b   Thumb Code     0  libinit2.o(.ARM.Collect$$libinit$$0000001F)
    __rt_lib_init_getenv_1                   0x0800016b   Thumb Code     0  libinit2.o(.ARM.Collect$$libinit$$00000023)
    __rt_lib_init_heap_1                     0x0800016b   Thumb Code     0  libinit2.o(.ARM.Collect$$libinit$$0000000A)
    __rt_lib_init_lc_collate_1               0x0800016b   Thumb Code     0  libinit2.o(.ARM.Collect$$libinit$$00000011)
    __rt_lib_init_lc_ctype_1                 0x0800016b   Thumb Code     0  libinit2.o(.ARM.Collect$$libinit$$00000013)
    __rt_lib_init_lc_monetary_1              0x0800016b   Thumb Code     0  libinit2.o(.ARM.Collect$$libinit$$00000015)
    __rt_lib_init_lc_numeric_1               0x0800016b   Thumb Code     0  libinit2.o(.ARM.Collect$$libinit$$00000017)
    __rt_lib_init_lc_time_1                  0x0800016b   Thumb Code     0  libinit2.o(.ARM.Collect$$libinit$$00000019)
    __rt_lib_init_rand_1                     0x0800016b   Thumb Code     0  libinit2.o(.ARM.Collect$$libinit$$0000000E)
    __rt_lib_init_signal_1                   0x0800016b   Thumb Code     0  libinit2.o(.ARM.Collect$$libinit$$0000001D)
    __rt_lib_init_stdio_1                    0x0800016b   Thumb Code     0  libinit2.o(.ARM.Collect$$libinit$$00000025)
    __rt_lib_init_user_alloc_1               0x0800016b   Thumb Code     0  libinit2.o(.ARM.Collect$$libinit$$0000000C)
    __rt_lib_init_cpp_1                      0x0800016f   Thumb Code     0  libinit2.o(.ARM.Collect$$libinit$$00000032)
    __rt_lib_init_return                     0x0800016f   Thumb Code     0  libinit2.o(.ARM.Collect$$libinit$$00000033)
    __rt_lib_shutdown                        0x08000171   Thumb Code     0  libshutdown.o(.ARM.Collect$$libshutdown$$00000000)
    __rt_lib_shutdown_fp_trap_1              0x08000173   Thumb Code     0  libshutdown2.o(.ARM.Collect$$libshutdown$$00000006)
    __rt_lib_shutdown_heap_1                 0x08000173   Thumb Code     0  libshutdown2.o(.ARM.Collect$$libshutdown$$0000000E)
    __rt_lib_shutdown_return                 0x08000173   Thumb Code     0  libshutdown2.o(.ARM.Collect$$libshutdown$$0000000F)
    __rt_lib_shutdown_signal_1               0x08000173   Thumb Code     0  libshutdown2.o(.ARM.Collect$$libshutdown$$00000009)
    __rt_lib_shutdown_stdio_1                0x08000173   Thumb Code     0  libshutdown2.o(.ARM.Collect$$libshutdown$$00000003)
    __rt_lib_shutdown_user_alloc_1           0x08000173   Thumb Code     0  libshutdown2.o(.ARM.Collect$$libshutdown$$0000000B)
    __rt_entry                               0x08000175   Thumb Code     0  __rtentry.o(.ARM.Collect$$rtentry$$00000000)
    __rt_entry_presh_1                       0x08000175   Thumb Code     0  __rtentry2.o(.ARM.Collect$$rtentry$$00000002)
    __rt_entry_sh                            0x08000175   Thumb Code     0  __rtentry4.o(.ARM.Collect$$rtentry$$00000004)
    __rt_entry_li                            0x0800017b   Thumb Code     0  __rtentry2.o(.ARM.Collect$$rtentry$$0000000A)
    __rt_entry_postsh_1                      0x0800017b   Thumb Code     0  __rtentry2.o(.ARM.Collect$$rtentry$$00000009)
    __rt_entry_main                          0x0800017f   Thumb Code     0  __rtentry2.o(.ARM.Collect$$rtentry$$0000000D)
    __rt_entry_postli_1                      0x0800017f   Thumb Code     0  __rtentry2.o(.ARM.Collect$$rtentry$$0000000C)
    __rt_exit                                0x08000187   Thumb Code     0  rtexit.o(.ARM.Collect$$rtexit$$00000000)
    __rt_exit_ls                             0x08000189   Thumb Code     0  rtexit2.o(.ARM.Collect$$rtexit$$00000003)
    __rt_exit_prels_1                        0x08000189   Thumb Code     0  rtexit2.o(.ARM.Collect$$rtexit$$00000002)
    __rt_exit_exit                           0x0800018d   Thumb Code     0  rtexit2.o(.ARM.Collect$$rtexit$$00000004)
    vPortSVCHandler                          0x08000195   Thumb Code    32  port.o(.emb_text)
    __asm___6_port_c_39a90d8d__prvStartFirstTask 0x080001b9   Thumb Code    28  port.o(.emb_text)
    xPortPendSVHandler                       0x080001d9   Thumb Code    72  port.o(.emb_text)
    vPortGetIPSR                             0x08000225   Thumb Code     6  port.o(.emb_text)
    Reset_Handler                            0x0800022d   Thumb Code     8  startup_stm32f10x_md.o(.text)
    _maybe_terminate_alloc                   0x0800022d   Thumb Code     0  maybetermalloc1.o(.emb_text)
    ADC1_2_IRQHandler                        0x08000247   Thumb Code     0  startup_stm32f10x_md.o(.text)
    CAN1_RX1_IRQHandler                      0x08000247   Thumb Code     0  startup_stm32f10x_md.o(.text)
    CAN1_SCE_IRQHandler                      0x08000247   Thumb Code     0  startup_stm32f10x_md.o(.text)
    DMA1_Channel1_IRQHandler                 0x08000247   Thumb Code     0  startup_stm32f10x_md.o(.text)
    DMA1_Channel2_IRQHandler                 0x08000247   Thumb Code     0  startup_stm32f10x_md.o(.text)
    DMA1_Channel3_IRQHandler                 0x08000247   Thumb Code     0  startup_stm32f10x_md.o(.text)
    DMA1_Channel4_IRQHandler                 0x08000247   Thumb Code     0  startup_stm32f10x_md.o(.text)
    DMA1_Channel5_IRQHandler                 0x08000247   Thumb Code     0  startup_stm32f10x_md.o(.text)
    DMA1_Channel6_IRQHandler                 0x08000247   Thumb Code     0  startup_stm32f10x_md.o(.text)
    DMA1_Channel7_IRQHandler                 0x08000247   Thumb Code     0  startup_stm32f10x_md.o(.text)
    EXTI0_IRQHandler                         0x08000247   Thumb Code     0  startup_stm32f10x_md.o(.text)
    EXTI15_10_IRQHandler                     0x08000247   Thumb Code     0  startup_stm32f10x_md.o(.text)
    EXTI1_IRQHandler                         0x08000247   Thumb Code     0  startup_stm32f10x_md.o(.text)
    EXTI2_IRQHandler                         0x08000247   Thumb Code     0  startup_stm32f10x_md.o(.text)
    EXTI3_IRQHandler                         0x08000247   Thumb Code     0  startup_stm32f10x_md.o(.text)
    EXTI4_IRQHandler                         0x08000247   Thumb Code     0  startup_stm32f10x_md.o(.text)
    EXTI9_5_IRQHandler                       0x08000247   Thumb Code     0  startup_stm32f10x_md.o(.text)
    FLASH_IRQHandler                         0x08000247   Thumb Code     0  startup_stm32f10x_md.o(.text)
    I2C1_ER_IRQHandler                       0x08000247   Thumb Code     0  startup_stm32f10x_md.o(.text)
    I2C1_EV_IRQHandler                       0x08000247   Thumb Code     0  startup_stm32f10x_md.o(.text)
    I2C2_ER_IRQHandler                       0x08000247   Thumb Code     0  startup_stm32f10x_md.o(.text)
    I2C2_EV_IRQHandler                       0x08000247   Thumb Code     0  startup_stm32f10x_md.o(.text)
    PVD_IRQHandler                           0x08000247   Thumb Code     0  startup_stm32f10x_md.o(.text)
    RCC_IRQHandler                           0x08000247   Thumb Code     0  startup_stm32f10x_md.o(.text)
    RTCAlarm_IRQHandler                      0x08000247   Thumb Code     0  startup_stm32f10x_md.o(.text)
    RTC_IRQHandler                           0x08000247   Thumb Code     0  startup_stm32f10x_md.o(.text)
    SPI1_IRQHandler                          0x08000247   Thumb Code     0  startup_stm32f10x_md.o(.text)
    SPI2_IRQHandler                          0x08000247   Thumb Code     0  startup_stm32f10x_md.o(.text)
    TAMPER_IRQHandler                        0x08000247   Thumb Code     0  startup_stm32f10x_md.o(.text)
    TIM1_BRK_IRQHandler                      0x08000247   Thumb Code     0  startup_stm32f10x_md.o(.text)
    TIM1_CC_IRQHandler                       0x08000247   Thumb Code     0  startup_stm32f10x_md.o(.text)
    TIM1_TRG_COM_IRQHandler                  0x08000247   Thumb Code     0  startup_stm32f10x_md.o(.text)
    TIM1_UP_IRQHandler                       0x08000247   Thumb Code     0  startup_stm32f10x_md.o(.text)
    TIM2_IRQHandler                          0x08000247   Thumb Code     0  startup_stm32f10x_md.o(.text)
    TIM3_IRQHandler                          0x08000247   Thumb Code     0  startup_stm32f10x_md.o(.text)
    TIM4_IRQHandler                          0x08000247   Thumb Code     0  startup_stm32f10x_md.o(.text)
    USART2_IRQHandler                        0x08000247   Thumb Code     0  startup_stm32f10x_md.o(.text)
    USART3_IRQHandler                        0x08000247   Thumb Code     0  startup_stm32f10x_md.o(.text)
    USBWakeUp_IRQHandler                     0x08000247   Thumb Code     0  startup_stm32f10x_md.o(.text)
    USB_HP_CAN1_TX_IRQHandler                0x08000247   Thumb Code     0  startup_stm32f10x_md.o(.text)
    USB_LP_CAN1_RX0_IRQHandler               0x08000247   Thumb Code     0  startup_stm32f10x_md.o(.text)
    WWDG_IRQHandler                          0x08000247   Thumb Code     0  startup_stm32f10x_md.o(.text)
    __user_initial_stackheap                 0x08000249   Thumb Code     0  startup_stm32f10x_md.o(.text)
    realloc                                  0x0800026d   Thumb Code   184  h1_realloc.o(.text)
    strlen                                   0x08000325   Thumb Code    62  strlen.o(.text)
    __aeabi_memcpy                           0x08000363   Thumb Code     0  rt_memcpy_v6.o(.text)
    __rt_memcpy                              0x08000363   Thumb Code   138  rt_memcpy_v6.o(.text)
    _memcpy_lastbytes                        0x080003c9   Thumb Code     0  rt_memcpy_v6.o(.text)
    __aeabi_memclr4                          0x080003ed   Thumb Code     0  rt_memclr_w.o(.text)
    __aeabi_memclr8                          0x080003ed   Thumb Code     0  rt_memclr_w.o(.text)
    __rt_memclr_w                            0x080003ed   Thumb Code    78  rt_memclr_w.o(.text)
    _memset_w                                0x080003f1   Thumb Code     0  rt_memclr_w.o(.text)
    __use_two_region_memory                  0x0800043b   Thumb Code     2  heapauxi.o(.text)
    __rt_heap_escrow                         0x0800043d   Thumb Code     2  heapauxi.o(.text)
    __rt_heap_expand                         0x0800043f   Thumb Code     2  heapauxi.o(.text)
    __cpp_initialize__aeabi_                 0x08000441   Thumb Code    26  init_aeabi.o(.text)
    __rt_heap_descriptor                     0x08000465   Thumb Code     8  rt_heap_descriptor_intlibspace.o(.text)
    __use_no_heap                            0x0800046d   Thumb Code     2  hguard.o(.text)
    __heap$guard                             0x0800046f   Thumb Code     2  hguard.o(.text)
    _terminate_user_alloc                    0x08000471   Thumb Code     2  init_alloc.o(.text)
    _init_user_alloc                         0x08000473   Thumb Code     2  init_alloc.o(.text)
    __Heap_Full                              0x08000475   Thumb Code    34  init_alloc.o(.text)
    __Heap_Broken                            0x08000497   Thumb Code     6  init_alloc.o(.text)
    _init_alloc                              0x0800049d   Thumb Code    94  init_alloc.o(.text)
    malloc                                   0x080004fb   Thumb Code    94  h1_alloc.o(.text)
    free                                     0x08000559   Thumb Code    78  h1_free.o(.text)
    __rt_SIGPVFN                             0x080005a7   Thumb Code    14  defsig_pvfn_outer.o(.text)
    __aeabi_memcpy4                          0x080005b5   Thumb Code     0  rt_memcpy_w.o(.text)
    __aeabi_memcpy8                          0x080005b5   Thumb Code     0  rt_memcpy_w.o(.text)
    __rt_memcpy_w                            0x080005b5   Thumb Code   100  rt_memcpy_w.o(.text)
    _memcpy_lastbytes_aligned                0x080005fd   Thumb Code     0  rt_memcpy_w.o(.text)
    __user_libspace                          0x08000619   Thumb Code     8  libspace.o(.text)
    __user_perproc_libspace                  0x08000619   Thumb Code     0  libspace.o(.text)
    __user_perthread_libspace                0x08000619   Thumb Code     0  libspace.o(.text)
    __Heap_Initialize                        0x08000621   Thumb Code    10  h1_init.o(.text)
    __Heap_DescSize                          0x0800062b   Thumb Code     4  h1_init.o(.text)
    __Heap_ProvideMemory                     0x0800062f   Thumb Code    52  h1_extend.o(.text)
    __sig_exit                               0x08000663   Thumb Code    10  defsig_exit.o(.text)
    __rt_SIGRTMEM                            0x0800066d   Thumb Code    14  defsig_rtmem_outer.o(.text)
    __rt_SIGPVFN_inner                       0x0800067d   Thumb Code    14  defsig_pvfn_inner.o(.text)
    _sys_exit                                0x080006ad   Thumb Code     8  sys_exit.o(.text)
    __user_setup_stackheap                   0x080006b9   Thumb Code    74  sys_stackheap_outer.o(.text)
    exit                                     0x08000703   Thumb Code    12  exit.o(.text)
    __default_signal_display                 0x0800070f   Thumb Code    50  defsig_general.o(.text)
    __rt_SIGRTMEM_inner                      0x08000741   Thumb Code    22  defsig_rtmem_inner.o(.text)
    _ttywrch                                 0x08000791   Thumb Code    14  sys_wrch.o(.text)
    __I$use$semihosting                      0x0800079f   Thumb Code     0  use_no_semi.o(.text)
    __use_no_semihosting_swi                 0x0800079f   Thumb Code     2  use_no_semi.o(.text)
    BusFault_Handler                         0x080007a1   Thumb Code     4  stm32f10x_it.o(i.BusFault_Handler)
    __semihosting_library_function           0x080007a1   Thumb Code     0  indicate_semi.o(.text)
    DMA_ClearFlag                            0x080007a5   Thumb Code    18  stm32f10x_dma.o(i.DMA_ClearFlag)
    DMA_Cmd                                  0x080007c1   Thumb Code    24  stm32f10x_dma.o(i.DMA_Cmd)
    DMA_DeInit                               0x080007d9   Thumb Code   324  stm32f10x_dma.o(i.DMA_DeInit)
    DMA_ITConfig                             0x08000925   Thumb Code    18  stm32f10x_dma.o(i.DMA_ITConfig)
    DMA_Init                                 0x08000937   Thumb Code    60  stm32f10x_dma.o(i.DMA_Init)
    DebugMon_Handler                         0x08000973   Thumb Code     2  stm32f10x_it.o(i.DebugMon_Handler)
    GPIO_Init                                0x08000975   Thumb Code   278  stm32f10x_gpio.o(i.GPIO_Init)
    HardFault_Handler                        0x08000a8b   Thumb Code     4  stm32f10x_it.o(i.HardFault_Handler)
    MemManage_Handler                        0x08000a8f   Thumb Code     4  stm32f10x_it.o(i.MemManage_Handler)
    NMI_Handler                              0x08000a93   Thumb Code     2  stm32f10x_it.o(i.NMI_Handler)
    NVIC_Init                                0x08000a95   Thumb Code   100  misc.o(i.NVIC_Init)
    NVIC_PriorityGroupConfig                 0x08000b05   Thumb Code    10  misc.o(i.NVIC_PriorityGroupConfig)
    NVIC_SetVectorTable                      0x08000b19   Thumb Code    12  misc.o(i.NVIC_SetVectorTable)
    PendSV_Handler                           0x08000b2d   Thumb Code     2  stm32f10x_it.o(i.PendSV_Handler)
    RCC_AHBPeriphClockCmd                    0x08000b31   Thumb Code    26  stm32f10x_rcc.o(i.RCC_AHBPeriphClockCmd)
    RCC_APB2PeriphClockCmd                   0x08000b51   Thumb Code    26  stm32f10x_rcc.o(i.RCC_APB2PeriphClockCmd)
    RCC_GetClocksFreq                        0x08000b71   Thumb Code   192  stm32f10x_rcc.o(i.RCC_GetClocksFreq)
    SVC_Handler                              0x08000c45   Thumb Code     2  stm32f10x_it.o(i.SVC_Handler)
    SysTick_Handler                          0x08000d31   Thumb Code     2  stm32f10x_it.o(i.SysTick_Handler)
    SystemInit                               0x08000d35   Thumb Code    78  system_stm32f10x.o(i.SystemInit)
    USART1_IRQHandler                        0x08000d95   Thumb Code    64  usart.o(i.USART1_IRQHandler)
    USART_ClearFlag                          0x08000ddd   Thumb Code    18  stm32f10x_usart.o(i.USART_ClearFlag)
    USART_ClearITPendingBit                  0x08000def   Thumb Code    30  stm32f10x_usart.o(i.USART_ClearITPendingBit)
    USART_Cmd                                0x08000e0d   Thumb Code    24  stm32f10x_usart.o(i.USART_Cmd)
    USART_DMACmd                             0x08000e25   Thumb Code    18  stm32f10x_usart.o(i.USART_DMACmd)
    USART_GetITStatus                        0x08000e37   Thumb Code    84  stm32f10x_usart.o(i.USART_GetITStatus)
    USART_ITConfig                           0x08000e8b   Thumb Code    74  stm32f10x_usart.o(i.USART_ITConfig)
    USART_Init                               0x08000ed5   Thumb Code   210  stm32f10x_usart.o(i.USART_Init)
    USART_ReceiveData                        0x08000fad   Thumb Code    10  stm32f10x_usart.o(i.USART_ReceiveData)
    UsageFault_Handler                       0x08000fb7   Thumb Code     4  stm32f10x_it.o(i.UsageFault_Handler)
    Stm32Hardware::time()                    0x080010df   Thumb Code    10  ros_test.o(i._ZN13Stm32Hardware4timeEv)
    rosserial_msgs::RequestParamResponse::deserialize(unsigned char*) 0x080010e9   Thumb Code   324  ros_test.o(i._ZN14rosserial_msgs20RequestParamResponse11deserializeEPh)
    rosserial_msgs::RequestParamResponse::getMD5() 0x0800122d   Thumb Code     6  ros_test.o(i._ZN14rosserial_msgs20RequestParamResponse6getMD5Ev)
    rosserial_msgs::RequestParamResponse::getType() 0x08001239   Thumb Code     6  ros_test.o(i._ZN14rosserial_msgs20RequestParamResponse7getTypeEv)
    rosserial_msgs::Log::getMD5()            0x08001245   Thumb Code     6  ros_test.o(i._ZN14rosserial_msgs3Log6getMD5Ev)
    rosserial_msgs::Log::getType()           0x08001251   Thumb Code     6  ros_test.o(i._ZN14rosserial_msgs3Log7getTypeEv)
    rosserial_msgs::TopicInfo::getMD5()      0x0800125d   Thumb Code     6  ros_test.o(i._ZN14rosserial_msgs9TopicInfo6getMD5Ev)
    rosserial_msgs::TopicInfo::getType()     0x08001269   Thumb Code     6  ros_test.o(i._ZN14rosserial_msgs9TopicInfo7getTypeEv)
    ros::normalizeSecNSec(unsigned long&, unsigned long&) 0x08001275   Thumb Code    30  time.o(i._ZN3ros16normalizeSecNSecERmS0_)
    ros::Msg::Msg__sub_object()              0x08001299   Thumb Code     6  ros_test.o(i._ZN3ros3MsgC2Ev)
    std_msgs::Time::deserialize(unsigned char*) 0x080012a5   Thumb Code    92  ros_test.o(i._ZN8std_msgs4Time11deserializeEPh)
    std_msgs::Time::getMD5()                 0x08001301   Thumb Code     6  ros_test.o(i._ZN8std_msgs4Time6getMD5Ev)
    std_msgs::Time::getType()                0x0800130d   Thumb Code     6  ros_test.o(i._ZN8std_msgs4Time7getTypeEv)
    std_msgs::Time::Time()                   0x08001319   Thumb Code    32  ros_test.o(i._ZN8std_msgs4TimeC1Ev)
    std_msgs::Time::Time__sub_object()       0x08001319   Thumb Code     0  ros_test.o(i._ZN8std_msgs4TimeC1Ev)
    std_msgs::String::deserialize(unsigned char*) 0x0800133d   Thumb Code    48  ros_test.o(i._ZN8std_msgs6String11deserializeEPh)
    std_msgs::String::getMD5()               0x0800136d   Thumb Code     6  ros_test.o(i._ZN8std_msgs6String6getMD5Ev)
    std_msgs::String::getType()              0x08001379   Thumb Code     6  ros_test.o(i._ZN8std_msgs6String7getTypeEv)
    std_msgs::String::String()               0x08001385   Thumb Code    20  ros_test.o(i._ZN8std_msgs6StringC1Ev)
    std_msgs::String::String__sub_object()   0x08001385   Thumb Code     0  ros_test.o(i._ZN8std_msgs6StringC1Ev)
    rosserial_msgs::RequestParamResponse::serialize(unsigned char*) const 0x0800139d   Thumb Code   254  ros_test.o(i._ZNK14rosserial_msgs20RequestParamResponse9serializeEPh)
    rosserial_msgs::Log::serialize(unsigned char*) const 0x0800149b   Thumb Code    48  ros_test.o(i._ZNK14rosserial_msgs3Log9serializeEPh)
    rosserial_msgs::TopicInfo::serialize(unsigned char*) const 0x080014cb   Thumb Code   146  ros_test.o(i._ZNK14rosserial_msgs9TopicInfo9serializeEPh)
    std_msgs::Time::serialize(unsigned char*) const 0x0800155d   Thumb Code    68  ros_test.o(i._ZNK8std_msgs4Time9serializeEPh)
    std_msgs::String::serialize(unsigned char*) const 0x080015a1   Thumb Code    42  ros_test.o(i._ZNK8std_msgs6String9serializeEPh)
    __cxa_pure_virtual                       0x080015cb   Thumb Code     6  pure_virt.o(i.__cxa_pure_virtual)
    main                                     0x08001651   Thumb Code    38  main.o(i.main)
    pvPortMalloc                             0x08001bd1   Thumb Code   188  heap_4.o(i.pvPortMalloc)
    pxPortInitialiseStack                    0x08001ca1   Thumb Code    30  port.o(i.pxPortInitialiseStack)
    ros_communication_bsp_init               0x08001cc5   Thumb Code   104  ros_bsp.o(i.ros_communication_bsp_init)
    ros_dealy_ms                             0x08001d49   Thumb Code    12  ros_bsp.o(i.ros_dealy_ms)
    ros_get_system_time                      0x08001d55   Thumb Code     8  ros_bsp.o(i.ros_get_system_time)
    ros_serial_read_char                     0x08001de1   Thumb Code    30  ros_bsp.o(i.ros_serial_read_char)
    ros_serial_recv_enable_init              0x08001e05   Thumb Code     8  ros_bsp.o(i.ros_serial_recv_enable_init)
    ros_serial_write_length                  0x08001e0d   Thumb Code    46  ros_bsp.o(i.ros_serial_write_length)
    ros_task_create                          0x08001e45   Thumb Code    28  ros_test.o(i.ros_task_create)
    serial_ros_init                          0x08001ebd   Thumb Code    16  serial.o(i.serial_ros_init)
    serial_ros_recv_enable                   0x08001ecd   Thumb Code     8  serial.o(i.serial_ros_recv_enable)
    serial_ros_send_data                     0x08001ed5   Thumb Code    18  serial.o(i.serial_ros_send_data)
    serial_ros_send_data_init                0x08001eed   Thumb Code    12  serial.o(i.serial_ros_send_data_init)
    uart_ros_dma_init                        0x08001ef9   Thumb Code   156  usart.o(i.uart_ros_dma_init)
    uart_ros_init                            0x08001fa1   Thumb Code   204  usart.o(i.uart_ros_init)
    uart_ros_rx_isr_enable                   0x08002079   Thumb Code    16  usart.o(i.uart_ros_rx_isr_enable)
    uart_send_data_by_dma                    0x0800208d   Thumb Code    38  usart.o(i.uart_send_data_by_dma)
    uxListRemove                             0x080020bd   Thumb Code    40  list.o(i.uxListRemove)
    vListInitialise                          0x080020e5   Thumb Code    26  list.o(i.vListInitialise)
    vListInitialiseItem                      0x080020ff   Thumb Code     6  list.o(i.vListInitialiseItem)
    vListInsert                              0x08002105   Thumb Code    52  list.o(i.vListInsert)
    vListInsertEnd                           0x08002139   Thumb Code    24  list.o(i.vListInsertEnd)
    vPortEnterCritical                       0x08002151   Thumb Code    30  port.o(i.vPortEnterCritical)
    vPortExitCritical                        0x08002175   Thumb Code    28  port.o(i.vPortExitCritical)
    vPortFree                                0x08002195   Thumb Code    64  heap_4.o(i.vPortFree)
    vPortSetupTimerInterrupt                 0x080021dd   Thumb Code    20  port.o(i.vPortSetupTimerInterrupt)
    vTaskDelay                               0x080021f5   Thumb Code    46  tasks.o(i.vTaskDelay)
    vTaskDelete                              0x08002229   Thumb Code   166  tasks.o(i.vTaskDelete)
    vTaskInternalSetTimeOutState             0x080022f5   Thumb Code    14  tasks.o(i.vTaskInternalSetTimeOutState)
    vTaskMissedYield                         0x0800230d   Thumb Code     8  tasks.o(i.vTaskMissedYield)
    vTaskPlaceOnEventList                    0x08002319   Thumb Code    28  tasks.o(i.vTaskPlaceOnEventList)
    vTaskStartScheduler                      0x08002339   Thumb Code    72  tasks.o(i.vTaskStartScheduler)
    vTaskSuspendAll                          0x0800239d   Thumb Code    12  tasks.o(i.vTaskSuspendAll)
    vTaskSwitchContext                       0x080023ad   Thumb Code    76  tasks.o(i.vTaskSwitchContext)
    xPortStartScheduler                      0x0800240d   Thumb Code    42  port.o(i.xPortStartScheduler)
    xQueueGenericCreate                      0x08002441   Thumb Code    56  queue.o(i.xQueueGenericCreate)
    xQueueGenericReset                       0x08002479   Thumb Code   122  queue.o(i.xQueueGenericReset)
    xQueueGenericSend                        0x080024f9   Thumb Code   276  queue.o(i.xQueueGenericSend)
    xQueueGenericSendFromISR                 0x08002611   Thumb Code   134  queue.o(i.xQueueGenericSendFromISR)
    xQueueGiveFromISR                        0x08002697   Thumb Code   120  queue.o(i.xQueueGiveFromISR)
    xQueueReceive                            0x08002711   Thumb Code   256  queue.o(i.xQueueReceive)
    xQueueSemaphoreTake                      0x08002815   Thumb Code   234  queue.o(i.xQueueSemaphoreTake)
    xTaskCheckForTimeOut                     0x08002905   Thumb Code    84  tasks.o(i.xTaskCheckForTimeOut)
    xTaskCreate                              0x08002961   Thumb Code    96  tasks.o(i.xTaskCreate)
    xTaskGetTickCount                        0x080029c1   Thumb Code     6  tasks.o(i.xTaskGetTickCount)
    xTaskIncrementTick                       0x080029cd   Thumb Code   238  tasks.o(i.xTaskIncrementTick)
    xTaskRemoveFromEventList                 0x08002ae9   Thumb Code   104  tasks.o(i.xTaskRemoveFromEventList)
    xTaskResumeAll                           0x08002b69   Thumb Code   196  tasks.o(i.xTaskResumeAll)
    ros::Subscriber<std_msgs::String>::getMsgType() 0x08002c51   Thumb Code     8  ros_test.o(t._ZN3ros10SubscriberIN8std_msgs6StringEE10getMsgTypeEv)
    ros::Subscriber<std_msgs::String>::getEndpointType() 0x08002c5d   Thumb Code     6  ros_test.o(t._ZN3ros10SubscriberIN8std_msgs6StringEE15getEndpointTypeEv)
    ros::Subscriber<std_msgs::String>::callback(unsigned char*) 0x08002c63   Thumb Code    26  ros_test.o(t._ZN3ros10SubscriberIN8std_msgs6StringEE8callbackEPh)
    ros::Subscriber<std_msgs::String>::getMsgMD5() 0x08002c7d   Thumb Code     8  ros_test.o(t._ZN3ros10SubscriberIN8std_msgs6StringEE9getMsgMD5Ev)
    ros::NodeHandle_<Stm32Hardware, (int)25, (int)25, (int)512, (int)512>::negotiateTopics() 0x08002c89   Thumb Code   288  ros_test.o(t._ZN3ros11NodeHandle_I13Stm32HardwareLi25ELi25ELi512ELi512EE15negotiateTopicsEv)
    ros::NodeHandle_<Stm32Hardware, (int)25, (int)25, (int)512, (int)512>::requestSyncTime() 0x08002dad   Thumb Code    32  ros_test.o(t._ZN3ros11NodeHandle_I13Stm32HardwareLi25ELi25ELi512ELi512EE15requestSyncTimeEv)
    ros::NodeHandle_<Stm32Hardware, (int)25, (int)25, (int)512, (int)512>::publish(int, const ros::Msg*) 0x08002dcd   Thumb Code   244  ros_test.o(t._ZN3ros11NodeHandle_I13Stm32HardwareLi25ELi25ELi512ELi512EE7publishEiPKNS_3MsgE)
    ros::NodeHandle_<Stm32Hardware, (int)25, (int)25, (int)512, (int)512>::spinOnce() 0x08002ec9   Thumb Code   626  ros_test.o(t._ZN3ros11NodeHandle_I13Stm32HardwareLi25ELi25ELi512ELi512EE8spinOnceEv)
    ros::NodeHandle_<Stm32Hardware, (int)25, (int)25, (int)512, (int)512>::syncTime(unsigned char*) 0x0800313d   Thumb Code   154  ros_test.o(t._ZN3ros11NodeHandle_I13Stm32HardwareLi25ELi25ELi512ELi512EE8syncTimeEPh)
    ros::NodeHandle_<Stm32Hardware, (int)25, (int)25, (int)512, (int)512>::NodeHandle_() 0x080031dd   Thumb Code   162  ros_test.o(t._ZN3ros11NodeHandle_I13Stm32HardwareLi25ELi25ELi512ELi512EEC1Ev)
    ros::NodeHandle_<Stm32Hardware, (int)25, (int)25, (int)512, (int)512>::NodeHandle___sub_object() 0x080031dd   Thumb Code     0  ros_test.o(t._ZN3ros11NodeHandle_I13Stm32HardwareLi25ELi25ELi512ELi512EEC1Ev)
    vtable for rosserial_msgs::RequestParamResponse 0x080032a8   Data          24  ros_test.o(.constdata__ZTVN14rosserial_msgs20RequestParamResponseE)
    vtable for rosserial_msgs::Log           0x080032c0   Data          24  ros_test.o(.constdata__ZTVN14rosserial_msgs3LogE)
    vtable for rosserial_msgs::TopicInfo     0x080032d8   Data          24  ros_test.o(.constdata__ZTVN14rosserial_msgs9TopicInfoE)
    vtable for ros::Subscriber<std_msgs::String> 0x080032f0   Data          24  ros_test.o(.constdata__ZTVN3ros10SubscriberIN8std_msgs6StringEEE)
    vtable for ros::NodeHandle_<Stm32Hardware, (int)25, (int)25, (int)512, (int)512> 0x08003308   Data          20  ros_test.o(.constdata__ZTVN3ros11NodeHandle_I13Stm32HardwareLi25ELi25ELi512ELi512EEE)
    vtable for ros::Subscriber_              0x0800331c   Data          24  ros_test.o(.constdata__ZTVN3ros11Subscriber_E)
    vtable for ros::NodeHandleBase_          0x08003334   Data          20  ros_test.o(.constdata__ZTVN3ros15NodeHandleBase_E)
    vtable for ros::Msg                      0x08003348   Data          24  ros_test.o(.constdata__ZTVN3ros3MsgE)
    vtable for std_msgs::Time                0x08003360   Data          24  ros_test.o(.constdata__ZTVN8std_msgs4TimeE)
    vtable for std_msgs::String              0x08003378   Data          24  ros_test.o(.constdata__ZTVN8std_msgs6StringE)
    rosserial_msgs::RequestParamResponse::getMD5()::string 0x08003390   Data          33  ros_test.o(.constdata__ZZN14rosserial_msgs20RequestParamResponse6getMD5EvEs)
    rosserial_msgs::Log::getMD5()::string    0x080033b1   Data          33  ros_test.o(.constdata__ZZN14rosserial_msgs3Log6getMD5EvEs)
    rosserial_msgs::Log::getType()::string   0x080033d2   Data          19  ros_test.o(.constdata__ZZN14rosserial_msgs3Log7getTypeEvEs)
    rosserial_msgs::TopicInfo::getMD5()::string 0x080033e5   Data          33  ros_test.o(.constdata__ZZN14rosserial_msgs9TopicInfo6getMD5EvEs)
    rosserial_msgs::TopicInfo::getType()::string 0x08003406   Data          25  ros_test.o(.constdata__ZZN14rosserial_msgs9TopicInfo7getTypeEvEs)
    ros::NodeHandle_<Stm32Hardware, (int)25, (int)25, (int)512, (int)512>::publish(int, const ros::Msg*)::string 0x0800341f   Data          57  ros_test.o(.constdata__ZZN3ros11NodeHandle_I13Stm32HardwareLi25ELi25ELi512ELi512EE7publishEiPKNS_3MsgEEs)
    std_msgs::Time::getMD5()::string         0x08003458   Data          33  ros_test.o(.constdata__ZZN8std_msgs4Time6getMD5EvEs)
    std_msgs::Time::getType()::string        0x08003479   Data          14  ros_test.o(.constdata__ZZN8std_msgs4Time7getTypeEvEs)
    std_msgs::String::getMD5()::string       0x08003487   Data          33  ros_test.o(.constdata__ZZN8std_msgs6String6getMD5EvEs)
    std_msgs::String::getType()::string      0x080034a8   Data          16  ros_test.o(.constdata__ZZN8std_msgs6String7getTypeEvEs)
    Region$$Table$$Base                      0x080034b8   Number         0  anon$$obj.o(Region$$Table)
    Region$$Table$$Limit                     0x080034d8   Number         0  anon$$obj.o(Region$$Table)
    SHT$$INIT_ARRAY$$Base                    0x080034d8   Number         0  ros_test.o(.init_array)
    SHT$$INIT_ARRAY$$Limit                   0x080034dc   Number         0  init_aeabi.o(.init_array)
    pxCurrentTCB                             0x20000068   Data           4  tasks.o(.data)
    __libspace_start                         0x20004ddc   Data          96  libspace.o(.bss)
    __temporary_stack_top$libspace           0x20004e3c   Data           0  libspace.o(.bss)



==============================================================================

Memory Map of the image

  Image Entry point : 0x080000ed

  Load Region LR_IROM1 (Base: 0x08000000, Size: 0x000035b0, Max: 0x00040000, ABSOLUTE)

    Execution Region ER_IROM1 (Base: 0x08000000, Size: 0x000034dc, Max: 0x00040000, ABSOLUTE)

    Base Addr    Size         Type   Attr      Idx    E Section Name        Object

    0x08000000   0x000000ec   Data   RO         1431    RESET               startup_stm32f10x_md.o
    0x080000ec   0x00000008   Code   RO         2170  * !!!main             c_w.l(__main.o)
    0x080000f4   0x00000034   Code   RO         2560    !!!scatter          c_w.l(__scatter.o)
    0x08000128   0x0000001a   Code   RO         2562    !!handler_copy      c_w.l(__scatter_copy.o)
    0x08000142   0x00000002   PAD
    0x08000144   0x0000001c   Code   RO         2564    !!handler_zi        c_w.l(__scatter_zi.o)
    0x08000160   0x00000002   Code   RO         2498    .ARM.Collect$$libinit$$00000000  c_w.l(libinit.o)
    0x08000162   0x00000000   Code   RO         2342    .ARM.Collect$$libinit$$00000002  c_w.l(libinit2.o)
    0x08000162   0x00000000   Code   RO         2344    .ARM.Collect$$libinit$$00000004  c_w.l(libinit2.o)
    0x08000162   0x00000008   Code   RO         2345    .ARM.Collect$$libinit$$00000005  c_w.l(libinit2.o)
    0x0800016a   0x00000000   Code   RO         2347    .ARM.Collect$$libinit$$0000000A  c_w.l(libinit2.o)
    0x0800016a   0x00000000   Code   RO         2349    .ARM.Collect$$libinit$$0000000C  c_w.l(libinit2.o)
    0x0800016a   0x00000000   Code   RO         2351    .ARM.Collect$$libinit$$0000000E  c_w.l(libinit2.o)
    0x0800016a   0x00000000   Code   RO         2354    .ARM.Collect$$libinit$$00000011  c_w.l(libinit2.o)
    0x0800016a   0x00000000   Code   RO         2356    .ARM.Collect$$libinit$$00000013  c_w.l(libinit2.o)
    0x0800016a   0x00000000   Code   RO         2358    .ARM.Collect$$libinit$$00000015  c_w.l(libinit2.o)
    0x0800016a   0x00000000   Code   RO         2360    .ARM.Collect$$libinit$$00000017  c_w.l(libinit2.o)
    0x0800016a   0x00000000   Code   RO         2362    .ARM.Collect$$libinit$$00000019  c_w.l(libinit2.o)
    0x0800016a   0x00000000   Code   RO         2364    .ARM.Collect$$libinit$$0000001B  c_w.l(libinit2.o)
    0x0800016a   0x00000000   Code   RO         2366    .ARM.Collect$$libinit$$0000001D  c_w.l(libinit2.o)
    0x0800016a   0x00000000   Code   RO         2368    .ARM.Collect$$libinit$$0000001F  c_w.l(libinit2.o)
    0x0800016a   0x00000000   Code   RO         2370    .ARM.Collect$$libinit$$00000021  c_w.l(libinit2.o)
    0x0800016a   0x00000000   Code   RO         2372    .ARM.Collect$$libinit$$00000023  c_w.l(libinit2.o)
    0x0800016a   0x00000000   Code   RO         2374    .ARM.Collect$$libinit$$00000025  c_w.l(libinit2.o)
    0x0800016a   0x00000000   Code   RO         2378    .ARM.Collect$$libinit$$0000002C  c_w.l(libinit2.o)
    0x0800016a   0x00000000   Code   RO         2380    .ARM.Collect$$libinit$$0000002E  c_w.l(libinit2.o)
    0x0800016a   0x00000000   Code   RO         2382    .ARM.Collect$$libinit$$00000030  c_w.l(libinit2.o)
    0x0800016a   0x00000004   Code   RO         2383    .ARM.Collect$$libinit$$00000031  c_w.l(libinit2.o)
    0x0800016e   0x00000000   Code   RO         2384    .ARM.Collect$$libinit$$00000032  c_w.l(libinit2.o)
    0x0800016e   0x00000002   Code   RO         2385    .ARM.Collect$$libinit$$00000033  c_w.l(libinit2.o)
    0x08000170   0x00000002   Code   RO         2557    .ARM.Collect$$libshutdown$$00000000  c_w.l(libshutdown.o)
    0x08000172   0x00000000   Code   RO         2521    .ARM.Collect$$libshutdown$$00000003  c_w.l(libshutdown2.o)
    0x08000172   0x00000000   Code   RO         2524    .ARM.Collect$$libshutdown$$00000006  c_w.l(libshutdown2.o)
    0x08000172   0x00000000   Code   RO         2527    .ARM.Collect$$libshutdown$$00000009  c_w.l(libshutdown2.o)
    0x08000172   0x00000000   Code   RO         2529    .ARM.Collect$$libshutdown$$0000000B  c_w.l(libshutdown2.o)
    0x08000172   0x00000000   Code   RO         2532    .ARM.Collect$$libshutdown$$0000000E  c_w.l(libshutdown2.o)
    0x08000172   0x00000002   Code   RO         2533    .ARM.Collect$$libshutdown$$0000000F  c_w.l(libshutdown2.o)
    0x08000174   0x00000000   Code   RO         2301    .ARM.Collect$$rtentry$$00000000  c_w.l(__rtentry.o)
    0x08000174   0x00000000   Code   RO         2408    .ARM.Collect$$rtentry$$00000002  c_w.l(__rtentry2.o)
    0x08000174   0x00000006   Code   RO         2420    .ARM.Collect$$rtentry$$00000004  c_w.l(__rtentry4.o)
    0x0800017a   0x00000000   Code   RO         2410    .ARM.Collect$$rtentry$$00000009  c_w.l(__rtentry2.o)
    0x0800017a   0x00000004   Code   RO         2411    .ARM.Collect$$rtentry$$0000000A  c_w.l(__rtentry2.o)
    0x0800017e   0x00000000   Code   RO         2413    .ARM.Collect$$rtentry$$0000000C  c_w.l(__rtentry2.o)
    0x0800017e   0x00000008   Code   RO         2414    .ARM.Collect$$rtentry$$0000000D  c_w.l(__rtentry2.o)
    0x08000186   0x00000002   Code   RO         2507    .ARM.Collect$$rtexit$$00000000  c_w.l(rtexit.o)
    0x08000188   0x00000000   Code   RO         2535    .ARM.Collect$$rtexit$$00000002  c_w.l(rtexit2.o)
    0x08000188   0x00000004   Code   RO         2536    .ARM.Collect$$rtexit$$00000003  c_w.l(rtexit2.o)
    0x0800018c   0x00000006   Code   RO         2537    .ARM.Collect$$rtexit$$00000004  c_w.l(rtexit2.o)
    0x08000192   0x00000002   PAD
    0x08000194   0x00000096   Code   RO         1211    .emb_text           port.o
    0x0800022a   0x00000002   PAD
    0x0800022c   0x00000000   Code   RO         2424    .emb_text           c_w.l(maybetermalloc1.o)
    0x0800022c   0x00000040   Code   RO         1432    .text               startup_stm32f10x_md.o
    0x0800026c   0x000000b8   Code   RO         2108    .text               c_w.l(h1_realloc.o)
    0x08000324   0x0000003e   Code   RO         2162    .text               c_w.l(strlen.o)
    0x08000362   0x0000008a   Code   RO         2164    .text               c_w.l(rt_memcpy_v6.o)
    0x080003ec   0x0000004e   Code   RO         2166    .text               c_w.l(rt_memclr_w.o)
    0x0800043a   0x00000006   Code   RO         2168    .text               c_w.l(heapauxi.o)
    0x08000440   0x00000024   Code   RO         2175    .text               c_w.l(init_aeabi.o)
    0x08000464   0x00000008   Code   RO         2305    .text               c_w.l(rt_heap_descriptor_intlibspace.o)
    0x0800046c   0x00000004   Code   RO         2307    .text               c_w.l(hguard.o)
    0x08000470   0x0000008a   Code   RO         2309    .text               c_w.l(init_alloc.o)
    0x080004fa   0x0000005e   Code   RO         2317    .text               c_w.l(h1_alloc.o)
    0x08000558   0x0000004e   Code   RO         2319    .text               c_w.l(h1_free.o)
    0x080005a6   0x0000000e   Code   RO         2335    .text               c_w.l(defsig_pvfn_outer.o)
    0x080005b4   0x00000064   Code   RO         2339    .text               c_w.l(rt_memcpy_w.o)
    0x08000618   0x00000008   Code   RO         2404    .text               c_w.l(libspace.o)
    0x08000620   0x0000000e   Code   RO         2426    .text               c_w.l(h1_init.o)
    0x0800062e   0x00000034   Code   RO         2428    .text               c_w.l(h1_extend.o)
    0x08000662   0x0000000a   Code   RO         2434    .text               c_w.l(defsig_exit.o)
    0x0800066c   0x0000000e   Code   RO         2436    .text               c_w.l(defsig_rtmem_outer.o)
    0x0800067a   0x00000002   PAD
    0x0800067c   0x00000030   Code   RO         2440    .text               c_w.l(defsig_pvfn_inner.o)
    0x080006ac   0x0000000c   Code   RO         2466    .text               c_w.l(sys_exit.o)
    0x080006b8   0x0000004a   Code   RO         2468    .text               c_w.l(sys_stackheap_outer.o)
    0x08000702   0x0000000c   Code   RO         2479    .text               c_w.l(exit.o)
    0x0800070e   0x00000032   Code   RO         2485    .text               c_w.l(defsig_general.o)
    0x08000740   0x00000050   Code   RO         2487    .text               c_w.l(defsig_rtmem_inner.o)
    0x08000790   0x0000000e   Code   RO         2502    .text               c_w.l(sys_wrch.o)
    0x0800079e   0x00000002   Code   RO         2504    .text               c_w.l(use_no_semi.o)
    0x080007a0   0x00000000   Code   RO         2506    .text               c_w.l(indicate_semi.o)
    0x080007a0   0x00000004   Code   RO         1332    i.BusFault_Handler  stm32f10x_it.o
    0x080007a4   0x0000001c   Code   RO         1472    i.DMA_ClearFlag     stm32f10x_dma.o
    0x080007c0   0x00000018   Code   RO         1474    i.DMA_Cmd           stm32f10x_dma.o
    0x080007d8   0x0000014c   Code   RO         1475    i.DMA_DeInit        stm32f10x_dma.o
    0x08000924   0x00000012   Code   RO         1479    i.DMA_ITConfig      stm32f10x_dma.o
    0x08000936   0x0000003c   Code   RO         1480    i.DMA_Init          stm32f10x_dma.o
    0x08000972   0x00000002   Code   RO         1333    i.DebugMon_Handler  stm32f10x_it.o
    0x08000974   0x00000116   Code   RO         1550    i.GPIO_Init         stm32f10x_gpio.o
    0x08000a8a   0x00000004   Code   RO         1334    i.HardFault_Handler  stm32f10x_it.o
    0x08000a8e   0x00000004   Code   RO         1335    i.MemManage_Handler  stm32f10x_it.o
    0x08000a92   0x00000002   Code   RO         1336    i.NMI_Handler       stm32f10x_it.o
    0x08000a94   0x00000070   Code   RO         1436    i.NVIC_Init         misc.o
    0x08000b04   0x00000014   Code   RO         1437    i.NVIC_PriorityGroupConfig  misc.o
    0x08000b18   0x00000014   Code   RO         1438    i.NVIC_SetVectorTable  misc.o
    0x08000b2c   0x00000002   Code   RO         1337    i.PendSV_Handler    stm32f10x_it.o
    0x08000b2e   0x00000002   PAD
    0x08000b30   0x00000020   Code   RO         1659    i.RCC_AHBPeriphClockCmd  stm32f10x_rcc.o
    0x08000b50   0x00000020   Code   RO         1662    i.RCC_APB2PeriphClockCmd  stm32f10x_rcc.o
    0x08000b70   0x000000d4   Code   RO         1670    i.RCC_GetClocksFreq  stm32f10x_rcc.o
    0x08000c44   0x00000002   Code   RO         1338    i.SVC_Handler       stm32f10x_it.o
    0x08000c46   0x00000008   Code   RO         1395    i.SetSysClock       system_stm32f10x.o
    0x08000c4e   0x00000002   PAD
    0x08000c50   0x000000e0   Code   RO         1396    i.SetSysClockTo72   system_stm32f10x.o
    0x08000d30   0x00000002   Code   RO         1339    i.SysTick_Handler   stm32f10x_it.o
    0x08000d32   0x00000002   PAD
    0x08000d34   0x00000060   Code   RO         1398    i.SystemInit        system_stm32f10x.o
    0x08000d94   0x00000048   Code   RO          679    i.USART1_IRQHandler  usart.o
    0x08000ddc   0x00000012   Code   RO         1858    i.USART_ClearFlag   stm32f10x_usart.o
    0x08000dee   0x0000001e   Code   RO         1859    i.USART_ClearITPendingBit  stm32f10x_usart.o
    0x08000e0c   0x00000018   Code   RO         1862    i.USART_Cmd         stm32f10x_usart.o
    0x08000e24   0x00000012   Code   RO         1863    i.USART_DMACmd      stm32f10x_usart.o
    0x08000e36   0x00000054   Code   RO         1866    i.USART_GetITStatus  stm32f10x_usart.o
    0x08000e8a   0x0000004a   Code   RO         1868    i.USART_ITConfig    stm32f10x_usart.o
    0x08000ed4   0x000000d8   Code   RO         1869    i.USART_Init        stm32f10x_usart.o
    0x08000fac   0x0000000a   Code   RO         1876    i.USART_ReceiveData  stm32f10x_usart.o
    0x08000fb6   0x00000004   Code   RO         1340    i.UsageFault_Handler  stm32f10x_it.o
    0x08000fba   0x00000002   PAD
    0x08000fbc   0x00000074   Code   RO          180    i._Z13ros_node_initPv  ros_test.o
    0x08001030   0x00000068   Code   RO          181    i._Z17node_test_publishPv  ros_test.o
    0x08001098   0x00000044   Code   RO          182    i._Z19node_test_subscribePv  ros_test.o
    0x080010dc   0x00000002   Code   RO          183    i._Z8CallBackRKN8std_msgs6StringE  ros_test.o
    0x080010de   0x0000000a   Code   RO          281    i._ZN13Stm32Hardware4timeEv  ros_test.o
    0x080010e8   0x00000144   Code   RO          243    i._ZN14rosserial_msgs20RequestParamResponse11deserializeEPh  ros_test.o
    0x0800122c   0x0000000c   Code   RO          444    i._ZN14rosserial_msgs20RequestParamResponse6getMD5Ev  ros_test.o
    0x08001238   0x0000000c   Code   RO          438    i._ZN14rosserial_msgs20RequestParamResponse7getTypeEv  ros_test.o
    0x08001244   0x0000000c   Code   RO          472    i._ZN14rosserial_msgs3Log6getMD5Ev  ros_test.o
    0x08001250   0x0000000c   Code   RO          466    i._ZN14rosserial_msgs3Log7getTypeEv  ros_test.o
    0x0800125c   0x0000000c   Code   RO          426    i._ZN14rosserial_msgs9TopicInfo6getMD5Ev  ros_test.o
    0x08001268   0x0000000c   Code   RO          420    i._ZN14rosserial_msgs9TopicInfo7getTypeEv  ros_test.o
    0x08001274   0x00000024   Code   RO         2071    i._ZN3ros16normalizeSecNSecERmS0_  time.o
    0x08001298   0x0000000c   Code   RO          287    i._ZN3ros3MsgC2Ev   ros_test.o
    0x080012a4   0x0000005c   Code   RO          249    i._ZN8std_msgs4Time11deserializeEPh  ros_test.o
    0x08001300   0x0000000c   Code   RO          396    i._ZN8std_msgs4Time6getMD5Ev  ros_test.o
    0x0800130c   0x0000000c   Code   RO          390    i._ZN8std_msgs4Time7getTypeEv  ros_test.o
    0x08001318   0x00000024   Code   RO          233    i._ZN8std_msgs4TimeC1Ev  ros_test.o
    0x0800133c   0x00000030   Code   RO          275    i._ZN8std_msgs6String11deserializeEPh  ros_test.o
    0x0800136c   0x0000000c   Code   RO          366    i._ZN8std_msgs6String6getMD5Ev  ros_test.o
    0x08001378   0x0000000c   Code   RO          354    i._ZN8std_msgs6String7getTypeEv  ros_test.o
    0x08001384   0x00000018   Code   RO          296    i._ZN8std_msgs6StringC1Ev  ros_test.o
    0x0800139c   0x000000fe   Code   RO          432    i._ZNK14rosserial_msgs20RequestParamResponse9serializeEPh  ros_test.o
    0x0800149a   0x00000030   Code   RO          454    i._ZNK14rosserial_msgs3Log9serializeEPh  ros_test.o
    0x080014ca   0x00000092   Code   RO          408    i._ZNK14rosserial_msgs9TopicInfo9serializeEPh  ros_test.o
    0x0800155c   0x00000044   Code   RO          384    i._ZNK8std_msgs4Time9serializeEPh  ros_test.o
    0x080015a0   0x0000002a   Code   RO          402    i._ZNK8std_msgs6String9serializeEPh  ros_test.o
    0x080015ca   0x00000006   Code   RO         2178    i.__cxa_pure_virtual  cpprt_w.l(pure_virt.o)
    0x080015d0   0x00000080   Code   RO          184    i.__sti___12_ros_test_cpp_356953f6  ros_test.o
    0x08001650   0x00000026   Code   RO            1    i.main              main.o
    0x08001676   0x00000002   PAD
    0x08001678   0x00000098   Code   RO          730    i.prvAddCurrentTaskToDelayedList  tasks.o
    0x08001710   0x000000b4   Code   RO          731    i.prvAddNewTaskToReadyList  tasks.o
    0x080017c4   0x00000048   Code   RO          732    i.prvCheckTasksWaitingTermination  tasks.o
    0x0800180c   0x0000002a   Code   RO         1028    i.prvCopyDataFromQueue  queue.o
    0x08001836   0x0000006a   Code   RO         1029    i.prvCopyDataToQueue  queue.o
    0x080018a0   0x00000012   Code   RO          733    i.prvDeleteTCB      tasks.o
    0x080018b2   0x00000002   PAD
    0x080018b4   0x0000007c   Code   RO         1283    i.prvHeapInit       heap_4.o
    0x08001930   0x00000028   Code   RO          734    i.prvIdleTask       tasks.o
    0x08001958   0x00000026   Code   RO         1030    i.prvInitialiseNewQueue  queue.o
    0x0800197e   0x00000080   Code   RO          735    i.prvInitialiseNewTask  tasks.o
    0x080019fe   0x00000002   PAD
    0x08001a00   0x00000068   Code   RO          736    i.prvInitialiseTaskLists  tasks.o
    0x08001a68   0x00000068   Code   RO         1284    i.prvInsertBlockIntoFreeList  heap_4.o
    0x08001ad0   0x0000001a   Code   RO         1031    i.prvIsQueueEmpty   queue.o
    0x08001aea   0x0000001e   Code   RO         1032    i.prvIsQueueFull    queue.o
    0x08001b08   0x00000034   Code   RO          737    i.prvResetNextTaskUnblockTime  tasks.o
    0x08001b3c   0x00000016   Code   RO         1212    i.prvTaskExitError  port.o
    0x08001b52   0x0000007e   Code   RO         1033    i.prvUnlockQueue    queue.o
    0x08001bd0   0x000000d0   Code   RO         1285    i.pvPortMalloc      heap_4.o
    0x08001ca0   0x00000024   Code   RO         1213    i.pxPortInitialiseStack  port.o
    0x08001cc4   0x00000084   Code   RO           92    i.ros_communication_bsp_init  ros_bsp.o
    0x08001d48   0x0000000c   Code   RO           93    i.ros_dealy_ms      ros_bsp.o
    0x08001d54   0x00000008   Code   RO           94    i.ros_get_system_time  ros_bsp.o
    0x08001d5c   0x00000038   Code   RO           95    i.ros_receive_char_callback  ros_bsp.o
    0x08001d94   0x00000030   Code   RO           96    i.ros_send_frame_over_callback  ros_bsp.o
    0x08001dc4   0x0000001c   Code   RO           97    i.ros_serial_init   ros_bsp.o
    0x08001de0   0x00000024   Code   RO           98    i.ros_serial_read_char  ros_bsp.o
    0x08001e04   0x00000008   Code   RO           99    i.ros_serial_recv_enable_init  ros_bsp.o
    0x08001e0c   0x00000038   Code   RO          100    i.ros_serial_write_length  ros_bsp.o
    0x08001e44   0x0000002c   Code   RO          185    i.ros_task_create   ros_test.o
    0x08001e70   0x0000004c   Code   RO          101    i.ros_task_send     ros_bsp.o
    0x08001ebc   0x00000010   Code   RO          625    i.serial_ros_init   serial.o
    0x08001ecc   0x00000008   Code   RO          626    i.serial_ros_recv_enable  serial.o
    0x08001ed4   0x00000018   Code   RO          627    i.serial_ros_send_data  serial.o
    0x08001eec   0x0000000c   Code   RO          628    i.serial_ros_send_data_init  serial.o
    0x08001ef8   0x000000a8   Code   RO          680    i.uart_ros_dma_init  usart.o
    0x08001fa0   0x000000d8   Code   RO          681    i.uart_ros_init     usart.o
    0x08002078   0x00000014   Code   RO          682    i.uart_ros_rx_isr_enable  usart.o
    0x0800208c   0x00000030   Code   RO          683    i.uart_send_data_by_dma  usart.o
    0x080020bc   0x00000028   Code   RO         1172    i.uxListRemove      list.o
    0x080020e4   0x0000001a   Code   RO         1173    i.vListInitialise   list.o
    0x080020fe   0x00000006   Code   RO         1174    i.vListInitialiseItem  list.o
    0x08002104   0x00000034   Code   RO         1175    i.vListInsert       list.o
    0x08002138   0x00000018   Code   RO         1176    i.vListInsertEnd    list.o
    0x08002150   0x00000024   Code   RO         1215    i.vPortEnterCritical  port.o
    0x08002174   0x00000020   Code   RO         1216    i.vPortExitCritical  port.o
    0x08002194   0x00000048   Code   RO         1286    i.vPortFree         heap_4.o
    0x080021dc   0x00000018   Code   RO         1217    i.vPortSetupTimerInterrupt  port.o
    0x080021f4   0x00000034   Code   RO          744    i.vTaskDelay        tasks.o
    0x08002228   0x000000cc   Code   RO          746    i.vTaskDelete       tasks.o
    0x080022f4   0x00000018   Code   RO          748    i.vTaskInternalSetTimeOutState  tasks.o
    0x0800230c   0x0000000c   Code   RO          749    i.vTaskMissedYield  tasks.o
    0x08002318   0x00000020   Code   RO          751    i.vTaskPlaceOnEventList  tasks.o
    0x08002338   0x00000064   Code   RO          757    i.vTaskStartScheduler  tasks.o
    0x0800239c   0x00000010   Code   RO          759    i.vTaskSuspendAll   tasks.o
    0x080023ac   0x00000060   Code   RO          760    i.vTaskSwitchContext  tasks.o
    0x0800240c   0x00000034   Code   RO         1218    i.xPortStartScheduler  port.o
    0x08002440   0x00000038   Code   RO         1038    i.xQueueGenericCreate  queue.o
    0x08002478   0x00000080   Code   RO         1039    i.xQueueGenericReset  queue.o
    0x080024f8   0x00000118   Code   RO         1040    i.xQueueGenericSend  queue.o
    0x08002610   0x00000086   Code   RO         1041    i.xQueueGenericSendFromISR  queue.o
    0x08002696   0x00000078   Code   RO         1042    i.xQueueGiveFromISR  queue.o
    0x0800270e   0x00000002   PAD
    0x08002710   0x00000104   Code   RO         1047    i.xQueueReceive     queue.o
    0x08002814   0x000000f0   Code   RO         1049    i.xQueueSemaphoreTake  queue.o
    0x08002904   0x0000005c   Code   RO          761    i.xTaskCheckForTimeOut  tasks.o
    0x08002960   0x00000060   Code   RO          762    i.xTaskCreate       tasks.o
    0x080029c0   0x0000000c   Code   RO          765    i.xTaskGetTickCount  tasks.o
    0x080029cc   0x0000011c   Code   RO          767    i.xTaskIncrementTick  tasks.o
    0x08002ae8   0x00000080   Code   RO          770    i.xTaskRemoveFromEventList  tasks.o
    0x08002b68   0x000000e8   Code   RO          771    i.xTaskResumeAll    tasks.o
    0x08002c50   0x0000000c   Code   RO          360    t._ZN3ros10SubscriberIN8std_msgs6StringEE10getMsgTypeEv  ros_test.o
    0x08002c5c   0x00000006   Code   RO          378    t._ZN3ros10SubscriberIN8std_msgs6StringEE15getEndpointTypeEv  ros_test.o
    0x08002c62   0x0000001a   Code   RO          348    t._ZN3ros10SubscriberIN8std_msgs6StringEE8callbackEPh  ros_test.o
    0x08002c7c   0x0000000c   Code   RO          372    t._ZN3ros10SubscriberIN8std_msgs6StringEE9getMsgMD5Ev  ros_test.o
    0x08002c88   0x00000124   Code   RO          255    t._ZN3ros11NodeHandle_I13Stm32HardwareLi25ELi25ELi512ELi512EE15negotiateTopicsEv  ros_test.o
    0x08002dac   0x00000020   Code   RO          236    t._ZN3ros11NodeHandle_I13Stm32HardwareLi25ELi25ELi512ELi512EE15requestSyncTimeEv  ros_test.o
    0x08002dcc   0x000000fc   Code   RO          341    t._ZN3ros11NodeHandle_I13Stm32HardwareLi25ELi25ELi512ELi512EE7publishEiPKNS_3MsgE  ros_test.o
    0x08002ec8   0x00000272   Code   RO          262    t._ZN3ros11NodeHandle_I13Stm32HardwareLi25ELi25ELi512ELi512EE8spinOnceEv  ros_test.o
    0x0800313a   0x00000002   PAD
    0x0800313c   0x000000a0   Code   RO          290    t._ZN3ros11NodeHandle_I13Stm32HardwareLi25ELi25ELi512ELi512EE8syncTimeEPh  ros_test.o
    0x080031dc   0x000000b0   Code   RO          269    t._ZN3ros11NodeHandle_I13Stm32HardwareLi25ELi25ELi512ELi512EEC1Ev  ros_test.o
    0x0800328c   0x0000001c   Data   RO          194    .constdata          ros_test.o
    0x080032a8   0x00000018   Data   RO          306    .constdata__ZTVN14rosserial_msgs20RequestParamResponseE  ros_test.o
    0x080032c0   0x00000018   Data   RO          451    .constdata__ZTVN14rosserial_msgs3LogE  ros_test.o
    0x080032d8   0x00000018   Data   RO          304    .constdata__ZTVN14rosserial_msgs9TopicInfoE  ros_test.o
    0x080032f0   0x00000018   Data   RO          316    .constdata__ZTVN3ros10SubscriberIN8std_msgs6StringEEE  ros_test.o
    0x08003308   0x00000014   Data   RO          314    .constdata__ZTVN3ros11NodeHandle_I13Stm32HardwareLi25ELi25ELi512ELi512EEE  ros_test.o
    0x0800331c   0x00000018   Data   RO          310    .constdata__ZTVN3ros11Subscriber_E  ros_test.o
    0x08003334   0x00000014   Data   RO          308    .constdata__ZTVN3ros15NodeHandleBase_E  ros_test.o
    0x08003348   0x00000018   Data   RO          300    .constdata__ZTVN3ros3MsgE  ros_test.o
    0x08003360   0x00000018   Data   RO          302    .constdata__ZTVN8std_msgs4TimeE  ros_test.o
    0x08003378   0x00000018   Data   RO          312    .constdata__ZTVN8std_msgs6StringE  ros_test.o
    0x08003390   0x00000021   Data   RO          229    .constdata__ZZN14rosserial_msgs20RequestParamResponse6getMD5EvEs  ros_test.o
    0x080033b1   0x00000021   Data   RO          228    .constdata__ZZN14rosserial_msgs3Log6getMD5EvEs  ros_test.o
    0x080033d2   0x00000013   Data   RO          227    .constdata__ZZN14rosserial_msgs3Log7getTypeEvEs  ros_test.o
    0x080033e5   0x00000021   Data   RO          226    .constdata__ZZN14rosserial_msgs9TopicInfo6getMD5EvEs  ros_test.o
    0x08003406   0x00000019   Data   RO          225    .constdata__ZZN14rosserial_msgs9TopicInfo7getTypeEvEs  ros_test.o
    0x0800341f   0x00000039   Data   RO          232    .constdata__ZZN3ros11NodeHandle_I13Stm32HardwareLi25ELi25ELi512ELi512EE7publishEiPKNS_3MsgEEs  ros_test.o
    0x08003458   0x00000021   Data   RO          224    .constdata__ZZN8std_msgs4Time6getMD5EvEs  ros_test.o
    0x08003479   0x0000000e   Data   RO          223    .constdata__ZZN8std_msgs4Time7getTypeEvEs  ros_test.o
    0x08003487   0x00000021   Data   RO          231    .constdata__ZZN8std_msgs6String6getMD5EvEs  ros_test.o
    0x080034a8   0x00000010   Data   RO          230    .constdata__ZZN8std_msgs6String7getTypeEvEs  ros_test.o
    0x080034b8   0x00000020   Data   RO         2558    Region$$Table       anon$$obj.o
    0x080034d8   0x00000004   Data   RO          196    .init_array         ros_test.o
    0x080034dc   0x00000000   Data   RO         2173    .init_array         c_w.l(init_aeabi.o)


    Execution Region RW_IRAM1 (Base: 0x20000000, Size: 0x00005440, Max: 0x0000c000, ABSOLUTE)

    Base Addr    Size         Type   Attr      Idx    E Section Name        Object

    0x20000000   0x0000000c   Data   RW          103    .data               ros_bsp.o
    0x2000000c   0x00000054   Data   RW          195    .data               ros_test.o
    0x20000060   0x00000008   Data   RW          684    .data               usart.o
    0x20000068   0x0000003c   Data   RW          774    .data               tasks.o
    0x200000a4   0x00000004   Data   RW         1220    .data               port.o
    0x200000a8   0x00000018   Data   RW         1291    .data               heap_4.o
    0x200000c0   0x00000014   Data   RW         1690    .data               stm32f10x_rcc.o
    0x200000d4   0x00000208   Zero   RW          102    .bss                ros_bsp.o
    0x200002dc   0x0000055c   Zero   RW          193    .bss                ros_test.o
    0x20000838   0x000001a4   Zero   RW          773    .bss                tasks.o
    0x200009dc   0x00004400   Zero   RW         1290    .bss                heap_4.o
    0x20004ddc   0x00000060   Zero   RW         2405    .bss                c_w.l(libspace.o)
    0x20004e3c   0x00000004   PAD
    0x20004e40   0x00000200   Zero   RW         1430    HEAP                startup_stm32f10x_md.o
    0x20005040   0x00000400   Zero   RW         1429    STACK               startup_stm32f10x_md.o


==============================================================================

Image component sizes


      Code (inc. data)   RO Data    RW Data    ZI Data      Debug   Object Name

       508         62          0         24      17408       3835   heap_4.o
       148          0          0          0          0       3086   list.o
        38          0          0          0          0     266518   main.o
       152         30          0          0          0       2513   misc.o
       352         42          0          4          0       8506   port.o
      1586         20          0          0          0      19832   queue.o
       460         84          0         12        520      10465   ros_bsp.o
      3280        232        560         84       1372      44030   ros_test.o
        60          6          0          0          0       2406   serial.o
        64         26        236          0       1536        968   startup_stm32f10x_md.o
       462         18          0          0          0       5149   stm32f10x_dma.o
       278          0          0          0          0       2200   stm32f10x_gpio.o
        26          0          0          0          0       4418   stm32f10x_it.o
       276         32          0         20          0       4909   stm32f10x_rcc.o
       474          6          0          0          0       7665   stm32f10x_usart.o
       328         28          0          0          0       2509   system_stm32f10x.o
      2126        356          0         60        420      26775   tasks.o
        36          6          0          0          0        548   time.o
       524         46          0          8          0       4085   usart.o

    ----------------------------------------------------------------------
     11198        994        828        212      21256     420417   Object Totals
         0          0         32          0          0          0   (incl. Generated)
        20          0          0          0          0          0   (incl. Padding)

    ----------------------------------------------------------------------

      Code (inc. data)   RO Data    RW Data    ZI Data      Debug   Library Member Name

         8          0          0          0          0         68   __main.o
         0          0          0          0          0          0   __rtentry.o
        12          0          0          0          0          0   __rtentry2.o
         6          0          0          0          0          0   __rtentry4.o
        52          8          0          0          0          0   __scatter.o
        26          0          0          0          0          0   __scatter_copy.o
        28          0          0          0          0          0   __scatter_zi.o
        10          0          0          0          0         68   defsig_exit.o
        50          0          0          0          0         88   defsig_general.o
        48         34          0          0          0         76   defsig_pvfn_inner.o
        14          0          0          0          0         80   defsig_pvfn_outer.o
        80         58          0          0          0         76   defsig_rtmem_inner.o
        14          0          0          0          0         80   defsig_rtmem_outer.o
        12          0          0          0          0         72   exit.o
        94          0          0          0          0         80   h1_alloc.o
        52          0          0          0          0         68   h1_extend.o
        78          0          0          0          0         80   h1_free.o
        14          0          0          0          0         84   h1_init.o
       184          0          0          0          0         92   h1_realloc.o
         6          0          0          0          0        152   heapauxi.o
         4          0          0          0          0        136   hguard.o
         0          0          0          0          0          0   indicate_semi.o
        36         10          0          0          0         80   init_aeabi.o
       138          0          0          0          0        168   init_alloc.o
         2          0          0          0          0          0   libinit.o
        14          0          0          0          0          0   libinit2.o
         2          0          0          0          0          0   libshutdown.o
         2          0          0          0          0          0   libshutdown2.o
         8          4          0          0         96         68   libspace.o
         0          0          0          0          0          0   maybetermalloc1.o
         8          4          0          0          0         68   rt_heap_descriptor_intlibspace.o
        78          0          0          0          0         80   rt_memclr_w.o
       138          0          0          0          0         68   rt_memcpy_v6.o
       100          0          0          0          0         80   rt_memcpy_w.o
         2          0          0          0          0          0   rtexit.o
        10          0          0          0          0          0   rtexit2.o
        62          0          0          0          0         76   strlen.o
        12          4          0          0          0         68   sys_exit.o
        74          0          0          0          0         80   sys_stackheap_outer.o
        14          0          0          0          0         76   sys_wrch.o
         2          0          0          0          0         68   use_no_semi.o
         6          0          0          0          0         68   pure_virt.o

    ----------------------------------------------------------------------
      1506        122          0          0        100       2348   Library Totals
         6          0          0          0          4          0   (incl. Padding)

    ----------------------------------------------------------------------

      Code (inc. data)   RO Data    RW Data    ZI Data      Debug   Library Name

      1494        122          0          0         96       2280   c_w.l
         6          0          0          0          0         68   cpprt_w.l

    ----------------------------------------------------------------------
      1506        122          0          0        100       2348   Library Totals

    ----------------------------------------------------------------------

==============================================================================


      Code (inc. data)   RO Data    RW Data    ZI Data      Debug   

     12704       1116        828        212      21356     414285   Grand Totals
     12704       1116        828        212      21356     414285   ELF Image Totals
     12704       1116        828        212          0          0   ROM Totals

==============================================================================

    Total RO  Size (Code + RO Data)                13532 (  13.21kB)
    Total RW  Size (RW Data + ZI Data)             21568 (  21.06kB)
    Total ROM Size (Code + RO Data + RW Data)      13744 (  13.42kB)

==============================================================================

