Component: ARM Compiler 5.05 update 1 (build 106) Tool: armlink [4d0efa]

==============================================================================

Section Cross References

    main.o(i.main) refers to misc.o(i.NVIC_SetVectorTable) for NVIC_SetVectorTable
    main.o(i.main) refers to misc.o(i.NVIC_PriorityGroupConfig) for NVIC_PriorityGroupConfig
    main.o(i.main) refers to ros_test.o(i.ros_task_create) for ros_task_create
    main.o(i.main) refers to tasks.o(i.vTaskStartScheduler) for vTaskStartScheduler
    ros_bsp.o(i.ros_communication_bsp_init) refers to queue.o(i.xQueueGenericCreate) for xQueueGenericCreate
    ros_bsp.o(i.ros_communication_bsp_init) refers to queue.o(i.xQueueSemaphoreTake) for xQueueSemaphoreTake
    ros_bsp.o(i.ros_communication_bsp_init) refers to ros_bsp.o(i.ros_serial_init) for ros_serial_init
    ros_bsp.o(i.ros_communication_bsp_init) refers to tasks.o(i.xTaskCreate) for xTaskCreate
    ros_bsp.o(i.ros_communication_bsp_init) refers to ros_bsp.o(.data) for xRosSerialRecvCharsQueue
    ros_bsp.o(i.ros_communication_bsp_init) refers to ros_bsp.o(i.ros_task_send) for ros_task_send
    ros_bsp.o(i.ros_dealy_ms) refers to tasks.o(i.vTaskDelay) for vTaskDelay
    ros_bsp.o(i.ros_get_system_time) refers to tasks.o(i.xTaskGetTickCount) for xTaskGetTickCount
    ros_bsp.o(i.ros_receive_char_callback) refers to queue.o(i.xQueueGenericSendFromISR) for xQueueGenericSendFromISR
    ros_bsp.o(i.ros_receive_char_callback) refers to ros_bsp.o(.data) for xRosSerialRecvCharsQueue
    ros_bsp.o(i.ros_send_frame_over_callback) refers to queue.o(i.xQueueGiveFromISR) for xQueueGiveFromISR
    ros_bsp.o(i.ros_send_frame_over_callback) refers to ros_bsp.o(.data) for xRosSerialSendCompleteBinary
    ros_bsp.o(i.ros_serial_init) refers to serial.o(i.serial_ros_init) for serial_ros_init
    ros_bsp.o(i.ros_serial_init) refers to serial.o(i.serial_ros_send_data_init) for serial_ros_send_data_init
    ros_bsp.o(i.ros_serial_init) refers to ros_bsp.o(i.ros_receive_char_callback) for ros_receive_char_callback
    ros_bsp.o(i.ros_serial_init) refers to ros_bsp.o(i.ros_send_frame_over_callback) for ros_send_frame_over_callback
    ros_bsp.o(i.ros_serial_read_char) refers to queue.o(i.xQueueReceive) for xQueueReceive
    ros_bsp.o(i.ros_serial_read_char) refers to ros_bsp.o(.data) for xRosSerialRecvCharsQueue
    ros_bsp.o(i.ros_serial_recv_enable_init) refers to serial.o(i.serial_ros_recv_enable) for serial_ros_recv_enable
    ros_bsp.o(i.ros_serial_write_length) refers to port.o(i.vPortEnterCritical) for vPortEnterCritical
    ros_bsp.o(i.ros_serial_write_length) refers to rt_memcpy_v6.o(.text) for __aeabi_memcpy
    ros_bsp.o(i.ros_serial_write_length) refers to queue.o(i.xQueueGenericSend) for xQueueGenericSend
    ros_bsp.o(i.ros_serial_write_length) refers to port.o(i.vPortExitCritical) for vPortExitCritical
    ros_bsp.o(i.ros_serial_write_length) refers to ros_bsp.o(.bss) for cOutputQueuePush
    ros_bsp.o(i.ros_serial_write_length) refers to ros_bsp.o(.data) for xRosSerialSendCharsQueue
    ros_bsp.o(i.ros_task_send) refers to queue.o(i.xQueueReceive) for xQueueReceive
    ros_bsp.o(i.ros_task_send) refers to queue.o(i.xQueueSemaphoreTake) for xQueueSemaphoreTake
    ros_bsp.o(i.ros_task_send) refers to port.o(i.vPortEnterCritical) for vPortEnterCritical
    ros_bsp.o(i.ros_task_send) refers to serial.o(i.serial_ros_send_data) for serial_ros_send_data
    ros_bsp.o(i.ros_task_send) refers to port.o(i.vPortExitCritical) for vPortExitCritical
    ros_bsp.o(i.ros_task_send) refers to ros_bsp.o(.bss) for cOutputQueuePull
    ros_bsp.o(i.ros_task_send) refers to ros_bsp.o(.data) for xRosSerialSendCharsQueue
    ros_test.o(i._Z13ros_node_initPv) refers to ros_bsp.o(i.ros_serial_recv_enable_init) for ros_serial_recv_enable_init
    ros_test.o(i._Z13ros_node_initPv) refers to tasks.o(i.xTaskCreate) for xTaskCreate
    ros_test.o(i._Z13ros_node_initPv) refers to tasks.o(i.vTaskDelete) for vTaskDelete
    ros_test.o(i._Z13ros_node_initPv) refers to ros_test.o(.bss) for n
    ros_test.o(i._Z13ros_node_initPv) refers to ros_test.o(.data) for psNode
    ros_test.o(i._Z17node_test_publishPv) refers to ros_bsp.o(i.ros_dealy_ms) for ros_dealy_ms
    ros_test.o(i._Z17node_test_publishPv) refers to ros_test.o(.bss) for n
    ros_test.o(i._Z17node_test_publishPv) refers to ros_test.o(.data) for Msg
    ros_test.o(i._Z19node_test_subscribePv) refers to ros_test.o(t._ZN3ros11NodeHandle_I13Stm32HardwareLi25ELi25ELi512ELi512EE8spinOnceEv) for ros::NodeHandle_<Stm32Hardware, (int)25, (int)25, (int)512, (int)512>::spinOnce()
    ros_test.o(i._Z19node_test_subscribePv) refers to ros_bsp.o(i.ros_dealy_ms) for ros_dealy_ms
    ros_test.o(i._Z19node_test_subscribePv) refers to ros_test.o(.bss) for n
[...]
    ros_send_frame_over_callback             0x080021cd   Thumb Code    38  ros_bsp.o(i.ros_send_frame_over_callback)
    i.ros_serial_init                        0x080021fc   Section        0  ros_bsp.o(i.ros_serial_init)
    ros_serial_init                          0x080021fd   Thumb Code    20  ros_bsp.o(i.ros_serial_init)
    i.ros_serial_read_char                   0x08002218   Section        0  ros_bsp.o(i.ros_serial_read_char)
    i.ros_serial_recv_enable_init            0x0800223c   Section        0  ros_bsp.o(i.ros_serial_recv_enable_init)
    i.ros_serial_write_length                0x08002244   Section        0  ros_bsp.o(i.ros_serial_write_length)
    i.ros_task_create                        0x0800227c   Section        0  ros_test.o(i.ros_task_create)
    i.ros_task_send                          0x080022a8   Section        0  ros_bsp.o(i.ros_task_send)
    ros_task_send                            0x080022a9   Thumb Code    62  ros_bsp.o(i.ros_task_send)
    i.serial_ros_init                        0x080022f4   Section        0  serial.o(i.serial_ros_init)
    i.serial_ros_recv_enable                 0x08002304   Section        0  serial.o(i.serial_ros_recv_enable)
    i.serial_ros_send_data                   0x0800230c   Section        0  serial.o(i.serial_ros_send_data)
    i.serial_ros_send_data_init              0x08002324   Section        0  serial.o(i.serial_ros_send_data_init)
    i.uart_ros_dma_init                      0x08002330   Section        0  usart.o(i.uart_ros_dma_init)
    i.uart_ros_init                          0x08002400   Section        0  usart.o(i.uart_ros_init)
    i.uart_ros_rx_isr_enable                 0x080024f8   Section        0  usart.o(i.uart_ros_rx_isr_enable)
    i.uart_send_data_by_dma                  0x0800250c   Section        0  usart.o(i.uart_send_data_by_dma)
    i.uxListRemove                           0x08002568   Section        0  list.o(i.uxListRemove)
    i.vListInitialise                        0x08002590   Section        0  list.o(i.vListInitialise)
    i.vListInitialiseItem                    0x080025aa   Section        0  list.o(i.vListInitialiseItem)
    i.vListInsert                            0x080025b0   Section        0  list.o(i.vListInsert)
    i.vListInsertEnd                         0x080025e4   Section        0  list.o(i.vListInsertEnd)
    i.vPortEnterCritical                     0x080025fc   Section        0  port.o(i.vPortEnterCritical)
    i.vPortExitCritical                      0x08002650   Section        0  port.o(i.vPortExitCritical)
    i.vPortFree                              0x0800268c   Section        0  heap_4.o(i.vPortFree)
    i.vPortSetupTimerInterrupt               0x08002720   Section        0  port.o(i.vPortSetupTimerInterrupt)
    i.vPortValidateInterruptPriority         0x08002738   Section        0  port.o(i.vPortValidateInterruptPriority)
    i.vTaskDelay                             0x080027b0   Section        0  tasks.o(i.vTaskDelay)
    i.vTaskDelete                            0x0800280c   Section        0  tasks.o(i.vTaskDelete)
    i.vTaskInternalSetTimeOutState           0x08002900   Section        0  tasks.o(i.vTaskInternalSetTimeOutState)
    i.vTaskMissedYield                       0x08002918   Section        0  tasks.o(i.vTaskMissedYield)
    i.vTaskPlaceOnEventList                  0x08002924   Section        0  tasks.o(i.vTaskPlaceOnEventList)
    i.vTaskPriorityDisinheritAfterTimeout    0x0800295c   Section        0  tasks.o(i.vTaskPriorityDisinheritAfterTimeout)
    i.vTaskStartScheduler                    0x08002a50   Section        0  tasks.o(i.vTaskStartScheduler)
    i.vTaskSuspendAll                        0x08002ad8   Section        0  tasks.o(i.vTaskSuspendAll)
    i.vTaskSwitchContext                     0x08002ae8   Section        0  tasks.o(i.vTaskSwitchContext)
    i.xPortStartScheduler                    0x08002b74   Section        0  port.o(i.xPortStartScheduler)
    i.xQueueGenericCreate                    0x08002cdc   Section        0  queue.o(i.xQueueGenericCreate)
    i.xQueueGenericReset                     0x08002d34   Section        0  queue.o(i.xQueueGenericReset)
    i.xQueueGenericSend                      0x08002dcc   Section        0  queue.o(i.xQueueGenericSend)
    i.xQueueGenericSendFromISR               0x08002f4c   Section        0  queue.o(i.xQueueGenericSendFromISR)
    i.xQueueGiveFromISR                      0x08003044   Section        0  queue.o(i.xQueueGiveFromISR)
    i.xQueueReceive                          0x08003124   Section        0  queue.o(i.xQueueReceive)
    i.xQueueSemaphoreTake                    0x08003264   Section        0  queue.o(i.xQueueSemaphoreTake)
    i.xTaskCheckForTimeOut                   0x080033f4   Section        0  tasks.o(i.xTaskCheckForTimeOut)
    i.xTaskCreate                            0x08003480   Section        0  tasks.o(i.xTaskCreate)
    i.xTaskGetTickCount                      0x080034e0   Section        0  tasks.o(i.xTaskGetTickCount)
    i.xTaskIncrementTick                     0x080034ec   Section        0  tasks.o(i.xTaskIncrementTick)
    i.xTaskPriorityDisinherit                0x08003634   Section        0  tasks.o(i.xTaskPriorityDisinherit)
    i.xTaskPriorityInherit                   0x080036fc   Section        0  tasks.o(i.xTaskPriorityInherit)
    i.xTaskRemoveFromEventList               0x080037c4   Section        0  tasks.o(i.xTaskRemoveFromEventList)
    i.xTaskResumeAll                         0x0800385c   Section        0  tasks.o(i.xTaskResumeAll)
    t._ZN3ros10SubscriberIN8std_msgs6StringEE10getMsgTypeEv 0x08003960   Section        0  ros_test.o(t._ZN3ros10SubscriberIN8std_msgs6StringEE10getMsgTypeEv)
    t._ZN3ros10SubscriberIN8std_msgs6StringEE15getEndpointTypeEv 0x0800396c   Section        0  ros_test.o(t._ZN3ros10SubscriberIN8std_msgs6StringEE15getEndpointTypeEv)
    t._ZN3ros10SubscriberIN8std_msgs6StringEE8callbackEPh 0x08003972   Section        0  ros_test.o(t._ZN3ros10SubscriberIN8std_msgs6StringEE8callbackEPh)
    t._ZN3ros10SubscriberIN8std_msgs6StringEE9getMsgMD5Ev 0x0800398c   Section        0  ros_test.o(t._ZN3ros10SubscriberIN8std_msgs6StringEE9getMsgMD5Ev)
    t._ZN3ros11NodeHandle_I13Stm32HardwareLi25ELi25ELi512ELi512EE15negotiateTopicsEv 0x08003998   Section        0  ros_test.o(t._ZN3ros11NodeHandle_I13Stm32HardwareLi25ELi25ELi512ELi512EE15negotiateTopicsEv)
    t._ZN3ros11NodeHandle_I13Stm32HardwareLi25ELi25ELi512ELi512EE15requestSyncTimeEv 0x08003abc   Section        0  ros_test.o(t._ZN3ros11NodeHandle_I13Stm32HardwareLi25ELi25ELi512ELi512EE15requestSyncTimeEv)
    t._ZN3ros11NodeHandle_I13Stm32HardwareLi25ELi25ELi512ELi512EE7publishEiPKNS_3MsgE 0x08003adc   Section        0  ros_test.o(t._ZN3ros11NodeHandle_I13Stm32HardwareLi25ELi25ELi512ELi512EE7publishEiPKNS_3MsgE)
    t._ZN3ros11NodeHandle_I13Stm32HardwareLi25ELi25ELi512ELi512EE8spinOnceEv 0x08003bd8   Section        0  ros_test.o(t._ZN3ros11NodeHandle_I13Stm32HardwareLi25ELi25ELi512ELi512EE8spinOnceEv)
    t._ZN3ros11NodeHandle_I13Stm32HardwareLi25ELi25ELi512ELi512EE8syncTimeEPh 0x08003e4c   Section        0  ros_test.o(t._ZN3ros11NodeHandle_I13Stm32HardwareLi25ELi25ELi512ELi512EE8syncTimeEPh)
    t._ZN3ros11NodeHandle_I13Stm32HardwareLi25ELi25ELi512ELi512EEC1Ev 0x08003eec   Section        0  ros_test.o(t._ZN3ros11NodeHandle_I13Stm32HardwareLi25ELi25ELi512ELi512EEC1Ev)
    x$fpl$fpinit                             0x08003f9c   Section       10  fpinit.o(x$fpl$fpinit)
    $v0                                      0x08003f9c   Number         0  fpinit.o(x$fpl$fpinit)
    .constdata                               0x08003fa6   Section       28  ros_test.o(.constdata)
    rosserial_msgs::REQUESTPARAM             0x08003fa6   Data          28  ros_test.o(.constdata)
    .constdata__ZTVN14rosserial_msgs20RequestParamResponseE 0x08003fc4   Section       24  ros_test.o(.constdata__ZTVN14rosserial_msgs20RequestParamResponseE)
    .constdata__ZTVN14rosserial_msgs3LogE    0x08003fdc   Section       24  ros_test.o(.constdata__ZTVN14rosserial_msgs3LogE)
    .constdata__ZTVN14rosserial_msgs9TopicInfoE 0x08003ff4   Section       24  ros_test.o(.constdata__ZTVN14rosserial_msgs9TopicInfoE)
    .constdata__ZTVN3ros10SubscriberIN8std_msgs6StringEEE 0x0800400c   Section       24  ros_test.o(.constdata__ZTVN3ros10SubscriberIN8std_msgs6StringEEE)
    .constdata__ZTVN3ros11NodeHandle_I13Stm32HardwareLi25ELi25ELi512ELi512EEE 0x08004024   Section       20  ros_test.o(.constdata__ZTVN3ros11NodeHandle_I13Stm32HardwareLi25ELi25ELi512ELi512EEE)
    .constdata__ZTVN3ros11Subscriber_E       0x08004038   Section       24  ros_test.o(.constdata__ZTVN3ros11Subscriber_E)
    .constdata__ZTVN3ros15NodeHandleBase_E   0x08004050   Section       20  ros_test.o(.constdata__ZTVN3ros15NodeHandleBase_E)
    .constdata__ZTVN3ros3MsgE                0x08004064   Section       24  ros_test.o(.constdata__ZTVN3ros3MsgE)
    .constdata__ZTVN8std_msgs4TimeE          0x0800407c   Section       24  ros_test.o(.constdata__ZTVN8std_msgs4TimeE)
    .constdata__ZTVN8std_msgs6StringE        0x08004094   Section       24  ros_test.o(.constdata__ZTVN8std_msgs6StringE)
    .constdata__ZZN14rosserial_msgs20RequestParamResponse6getMD5EvEs 0x080040ac   Section       33  ros_test.o(.constdata__ZZN14rosserial_msgs20RequestParamResponse6getMD5EvEs)
    .constdata__ZZN14rosserial_msgs3Log6getMD5EvEs 0x080040cd   Section       33  ros_test.o(.constdata__ZZN14rosserial_msgs3Log6getMD5EvEs)
    .constdata__ZZN14rosserial_msgs3Log7getTypeEvEs 0x080040ee   Section       19  ros_test.o(.constdata__ZZN14rosserial_msgs3Log7getTypeEvEs)
    .constdata__ZZN14rosserial_msgs9TopicInfo6getMD5EvEs 0x08004101   Section       33  ros_test.o(.constdata__ZZN14rosserial_msgs9TopicInfo6getMD5EvEs)
    .constdata__ZZN14rosserial_msgs9TopicInfo7getTypeEvEs 0x08004122   Section       25  ros_test.o(.constdata__ZZN14rosserial_msgs9TopicInfo7getTypeEvEs)
    .constdata__ZZN3ros11NodeHandle_I13Stm32HardwareLi25ELi25ELi512ELi512EE7publishEiPKNS_3MsgEEs 0x0800413b   Section       57  ros_test.o(.constdata__ZZN3ros11NodeHandle_I13Stm32HardwareLi25ELi25ELi512ELi512EE7publishEiPKNS_3MsgEEs)
    .constdata__ZZN8std_msgs4Time6getMD5EvEs 0x08004174   Section       33  ros_test.o(.constdata__ZZN8std_msgs4Time6getMD5EvEs)
    .constdata__ZZN8std_msgs4Time7getTypeEvEs 0x08004195   Section       14  ros_test.o(.constdata__ZZN8std_msgs4Time7getTypeEvEs)
    .constdata__ZZN8std_msgs6String6getMD5EvEs 0x080041a3   Section       33  ros_test.o(.constdata__ZZN8std_msgs6String6getMD5EvEs)
    .constdata__ZZN8std_msgs6String7getTypeEvEs 0x080041c4   Section       16  ros_test.o(.constdata__ZZN8std_msgs6String7getTypeEvEs)
    .init_array                              0x080041f4   Section        4  ros_test.o(.init_array)
    .init_array                              0x080041f8   Section        0  init_aeabi.o(.init_array)
    .data                                    0x20000000   Section       12  ros_bsp.o(.data)
    xRosSerialRecvCharsQueue                 0x20000000   Data           4  ros_bsp.o(.data)
    xRosSerialSendCharsQueue                 0x20000004   Data           4  ros_bsp.o(.data)
    xRosSerialSendCompleteBinary             0x20000008   Data           4  ros_bsp.o(.data)
    .data                                    0x2000000c   Section       84  ros_test.o(.data)
    xRegisteredNode                          0x2000000c   Data          72  ros_test.o(.data)
    psNode                                   0x20000054   Data           4  ros_test.o(.data)
    Msg                                      0x20000058   Data           8  ros_test.o(.data)
    .data                                    0x20000060   Section       16  usart.o(.data)
    uartRosReceiveOneByte                    0x20000060   Data           4  usart.o(.data)
    uartRosDmaSendOver                       0x20000064   Data           4  usart.o(.data)
    uartDebugReceiveOneByte                  0x20000068   Data           4  usart.o(.data)
    uartDebugDmaSendOver                     0x2000006c   Data           4  usart.o(.data)
    .data                                    0x20000070   Section       60  tasks.o(.data)
    pxDelayedTaskList                        0x20000074   Data           4  tasks.o(.data)
    pxOverflowDelayedTaskList                0x20000078   Data           4  tasks.o(.data)
    uxDeletedTasksWaitingCleanUp             0x2000007c   Data           4  tasks.o(.data)
    uxCurrentNumberOfTasks                   0x20000080   Data           4  tasks.o(.data)
    xTickCount                               0x20000084   Data           4  tasks.o(.data)
    uxTopReadyPriority                       0x20000088   Data           4  tasks.o(.data)
    xSchedulerRunning                        0x2000008c   Data           4  tasks.o(.data)
    uxPendedTicks                            0x20000090   Data           4  tasks.o(.data)
    xYieldPending                            0x20000094   Data           4  tasks.o(.data)
    xNumOfOverflows                          0x20000098   Data           4  tasks.o(.data)
    uxTaskNumber                             0x2000009c   Data           4  tasks.o(.data)
    xNextTaskUnblockTime                     0x200000a0   Data           4  tasks.o(.data)
    xIdleTaskHandle                          0x200000a4   Data           4  tasks.o(.data)
    uxSchedulerSuspended                     0x200000a8   Data           4  tasks.o(.data)
    .data                                    0x200000ac   Section       12  port.o(.data)
    uxCriticalNesting                        0x200000ac   Data           4  port.o(.data)
    ucMaxSysCallPriority                     0x200000b0   Data           1  port.o(.data)
    ulMaxPRIGROUPValue                       0x200000b4   Data           4  port.o(.data)
    .data                                    0x200000b8   Section       24  heap_4.o(.data)
    xStart                                   0x200000b8   Data           8  heap_4.o(.data)
    pxEnd                                    0x200000c0   Data           4  heap_4.o(.data)
    xFreeBytesRemaining                      0x200000c4   Data           4  heap_4.o(.data)
    xMinimumEverFreeBytesRemaining           0x200000c8   Data           4  heap_4.o(.data)
    xBlockAllocatedBit                       0x200000cc   Data           4  heap_4.o(.data)
    .data                                    0x200000d0   Section       16  stm32f4xx_rcc.o(.data)
    APBAHBPrescTable                         0x200000d0   Data          16  stm32f4xx_rcc.o(.data)
    .bss                                     0x200000e0   Section      520  ros_bsp.o(.bss)
    cOutputQueuePull                         0x200000e0   Data         260  ros_bsp.o(.bss)
    cOutputQueuePush                         0x200001e4   Data         260  ros_bsp.o(.bss)
    .bss                                     0x200002e8   Section     1372  ros_test.o(.bss)
    n                                        0x200002e8   Data        1324  ros_test.o(.bss)
    stm_publish                              0x20000814   Data          20  ros_test.o(.bss)
    stm_subscribe                            0x20000828   Data          28  ros_test.o(.bss)
    .bss                                     0x20000844   Section      420  tasks.o(.bss)
    pxReadyTasksLists                        0x20000844   Data         320  tasks.o(.bss)
    xDelayedTaskList1                        0x20000984   Data          20  tasks.o(.bss)
    xDelayedTaskList2                        0x20000998   Data          20  tasks.o(.bss)
    xPendingReadyList                        0x200009ac   Data          20  tasks.o(.bss)
    xTasksWaitingTermination                 0x200009c0   Data          20  tasks.o(.bss)
    xSuspendedTaskList                       0x200009d4   Data          20  tasks.o(.bss)
    .bss                                     0x200009e8   Section    81920  heap_4.o(.bss)
    ucHeap                                   0x200009e8   Data       81920  heap_4.o(.bss)
    .bss                                     0x200149e8   Section       96  libspace.o(.bss)
    HEAP                                     0x20014a48   Section      512  startup_stm32f40_41xxx.o(HEAP)
    Heap_Mem                                 0x20014a48   Data         512  startup_stm32f40_41xxx.o(HEAP)
    STACK                                    0x20014c48   Section     1024  startup_stm32f40_41xxx.o(STACK)
    Stack_Mem                                0x20014c48   Data        1024  startup_stm32f40_41xxx.o(STACK)
    __initial_sp                             0x20015048   Data           0  startup_stm32f40_41xxx.o(STACK)

    Global Symbols

    Symbol Name                              Value     Ov Type        Size  Object(Section)

    BuildAttributes$$THM_ISAv4$E$P$D$K$B$S$7EM$VFPi3$EXTD16$VFPS$VFMA$PE$A:L22UL41UL21$X:L11$S22US41US21$IEEE1$IW$USESV6$~STKCKD$USESV7$~SHL$OTIME$ROPI$EBA8$UX$STANDARDLIB$REQ8$PRES8$EABIv2 0x00000000   Number         0  anon$$obj.o ABSOLUTE
    __ARM_use_no_argv                        0x00000000   Number         0  main.o ABSOLUTE
    __ARM::default_unexpected_handler()       - Undefined Weak Reference
    __ARM_exceptions_buffer_required          - Undefined Weak Reference
    __ARM_exceptions_init                     - Undefined Weak Reference
    __alloca_initialize                       - Undefined Weak Reference
    __arm_preinit_                            - Undefined Weak Reference
    __cxa_finalize                            - Undefined Weak Reference
    __rt_locale                               - Undefined Weak Reference
    __sigvec_lookup                           - Undefined Weak Reference
    __user_heap_extent                        - Undefined Weak Reference
    _atexit_init                              - Undefined Weak Reference
    _call_atexit_fns                          - Undefined Weak Reference
    _clock_init                               - Undefined Weak Reference
    _fp_trap_init                             - Undefined Weak Reference
    _fp_trap_shutdown                         - Undefined Weak Reference
    _get_lc_collate                           - Undefined Weak Reference
    _get_lc_ctype                             - Undefined Weak Reference
    _get_lc_monetary                          - Undefined Weak Reference
    _get_lc_numeric                           - Undefined Weak Reference
    _get_lc_time                              - Undefined Weak Reference
    _getenv_init                              - Undefined Weak Reference
    _handle_redirection                       - Undefined Weak Reference
    _initio                                   - Undefined Weak Reference
    _mutex_acquire                            - Undefined Weak Reference
    _mutex_free                               - Undefined Weak Reference
    _mutex_release                            - Undefined Weak Reference
    _printf_mbtowc                            - Undefined Weak Reference
    _printf_post_padding                      - Undefined Weak Reference
    _printf_pre_padding                       - Undefined Weak Reference
    _printf_truncate_signed                   - Undefined Weak Reference
    _printf_truncate_unsigned                 - Undefined Weak Reference
    _rand_init                                - Undefined Weak Reference
    _signal_finish                            - Undefined Weak Reference
    _signal_init                              - Undefined Weak Reference
    _terminateio                              - Undefined Weak Reference
    __Vectors_Size                           0x00000188   Number         0  startup_stm32f40_41xxx.o ABSOLUTE
    __Vectors                                0x08000000   Data           4  startup_stm32f40_41xxx.o(RESET)
    __Vectors_End                            0x08000188   Data           0  startup_stm32f40_41xxx.o(RESET)
    __main                                   0x08000189   Thumb Code     8  __main.o(!!!main)
    __scatterload                            0x08000191   Thumb Code     0  __scatter.o(!!!scatter)
    __scatterload_rt2                        0x08000191   Thumb Code    44  __scatter.o(!!!scatter)
    __scatterload_rt2_thumb_only             0x08000191   Thumb Code     0  __scatter.o(!!!scatter)
    __scatterload_null                       0x0800019f   Thumb Code     0  __scatter.o(!!!scatter)
    __scatterload_copy                       0x080001c5   Thumb Code    26  __scatter_copy.o(!!handler_copy)
    __scatterload_zeroinit                   0x080001e1   Thumb Code    28  __scatter_zi.o(!!handler_zi)
    __rt_lib_init                            0x080001fd   Thumb Code     0  libinit.o(.ARM.Collect$$libinit$$00000000)
    __rt_lib_init_fp_1                       0x080001ff   Thumb Code     0  libinit2.o(.ARM.Collect$$libinit$$00000001)
    __rt_lib_init_heap_2                     0x08000203   Thumb Code     0  libinit2.o(.ARM.Collect$$libinit$$00000005)
    __rt_lib_init_preinit_1                  0x08000203   Thumb Code     0  libinit2.o(.ARM.Collect$$libinit$$00000004)
    __rt_lib_init_alloca_1                   0x0800020b   Thumb Code     0  libinit2.o(.ARM.Collect$$libinit$$0000002E)
    __rt_lib_init_argv_1                     0x0800020b   Thumb Code     0  libinit2.o(.ARM.Collect$$libinit$$0000002C)
    __rt_lib_init_atexit_1                   0x0800020b   Thumb Code     0  libinit2.o(.ARM.Collect$$libinit$$0000001B)
    __rt_lib_init_clock_1                    0x0800020b   Thumb Code     0  libinit2.o(.ARM.Collect$$libinit$$00000021)
    __rt_lib_init_cpp_2                      0x0800020b   Thumb Code     0  libinit2.o(.ARM.Collect$$libinit$$00000031)
    __rt_lib_init_exceptions_1               0x0800020b   Thumb Code     0  libinit2.o(.ARM.Collect$$libinit$$00000030)
    __rt_lib_init_fp_trap_1                  0x0800020b   Thumb Code     0  libinit2.o(.ARM.Collect$$libinit$$0000001F)
    __rt_lib_init_getenv_1                   0x0800020b   Thumb Code     0  libinit2.o(.ARM.Collect$$libinit$$00000023)
    __rt_lib_init_heap_1                     0x0800020b   Thumb Code     0  libinit2.o(.ARM.Collect$$libinit$$0000000A)
    __rt_lib_init_lc_collate_1               0x0800020b   Thumb Code     0  libinit2.o(.ARM.Collect$$libinit$$00000011)
    __rt_lib_init_lc_ctype_1                 0x0800020b   Thumb Code     0  libinit2.o(.ARM.Collect$$libinit$$00000013)
    __rt_lib_init_lc_monetary_1              0x0800020b   Thumb Code     0  libinit2.o(.ARM.Collect$$libinit$$00000015)
    __rt_lib_init_lc_numeric_1               0x0800020b   Thumb Code     0  libinit2.o(.ARM.Collect$$libinit$$00000017)
    __rt_lib_init_lc_time_1                  0x0800020b   Thumb Code     0  libinit2.o(.ARM.Collect$$libinit$$00000019)
    __rt_lib_init_rand_1                     0x0800020b   Thumb Code     0  libinit2.o(.ARM.Collect$$libinit$$0000000E)
    __rt_lib_init_signal_1                   0x0800020b   Thumb Code     0  libinit2.o(.ARM.Collect$$libinit$$0000001D)
    __rt_lib_init_stdio_1                    0x0800020b   Thumb Code     0  libinit2.o(.ARM.Collect$$libinit$$00000025)
    __rt_lib_init_user_alloc_1               0x0800020b   Thumb Code     0  libinit2.o(.ARM.Collect$$libinit$$0000000C)
    __rt_lib_init_cpp_1                      0x0800020f   Thumb Code     0  libinit2.o(.ARM.Collect$$libinit$$00000032)
    __rt_lib_init_return                     0x0800020f   Thumb Code     0  libinit2.o(.ARM.Collect$$libinit$$00000033)
    __rt_lib_shutdown                        0x08000211   Thumb Code     0  libshutdown.o(.ARM.Collect$$libshutdown$$00000000)
    __rt_lib_shutdown_fp_trap_1              0x08000213   Thumb Code     0  libshutdown2.o(.ARM.Collect$$libshutdown$$00000006)
    __rt_lib_shutdown_heap_1                 0x08000213   Thumb Code     0  libshutdown2.o(.ARM.Collect$$libshutdown$$0000000E)
    __rt_lib_shutdown_return                 0x08000213   Thumb Code     0  libshutdown2.o(.ARM.Collect$$libshutdown$$0000000F)
    __rt_lib_shutdown_signal_1               0x08000213   Thumb Code     0  libshutdown2.o(.ARM.Collect$$libshutdown$$00000009)
    __rt_lib_shutdown_stdio_1                0x08000213   Thumb Code     0  libshutdown2.o(.ARM.Collect$$libshutdown$$00000003)
    __rt_lib_shutdown_user_alloc_1           0x08000213   Thumb Code     0  libshutdown2.o(.ARM.Collect$$libshutdown$$0000000B)
    __rt_entry                               0x08000215   Thumb Code     0  __rtentry.o(.ARM.Collect$$rtentry$$00000000)
    __rt_entry_presh_1                       0x08000215   Thumb Code     0  __rtentry2.o(.ARM.Collect$$rtentry$$00000002)
    __rt_entry_sh                            0x08000215   Thumb Code     0  __rtentry4.o(.ARM.Collect$$rtentry$$00000004)
    __rt_entry_li                            0x0800021b   Thumb Code     0  __rtentry2.o(.ARM.Collect$$rtentry$$0000000A)
    __rt_entry_postsh_1                      0x0800021b   Thumb Code     0  __rtentry2.o(.ARM.Collect$$rtentry$$00000009)
    __rt_entry_main                          0x0800021f   Thumb Code     0  __rtentry2.o(.ARM.Collect$$rtentry$$0000000D)
    __rt_entry_postli_1                      0x0800021f   Thumb Code     0  __rtentry2.o(.ARM.Collect$$rtentry$$0000000C)
    __rt_exit                                0x08000227   Thumb Code     0  rtexit.o(.ARM.Collect$$rtexit$$00000000)
    __rt_exit_ls                             0x08000229   Thumb Code     0  rtexit2.o(.ARM.Collect$$rtexit$$00000003)
    __rt_exit_prels_1                        0x08000229   Thumb Code     0  rtexit2.o(.ARM.Collect$$rtexit$$00000002)
    __rt_exit_exit                           0x0800022d   Thumb Code     0  rtexit2.o(.ARM.Collect$$rtexit$$00000004)
    SVC_Handler                              0x08000235   Thumb Code    28  port.o(.emb_text)
    __asm___6_port_c_39a90d8d__prvStartFirstTask 0x08000255   Thumb Code    36  port.o(.emb_text)
    __asm___6_port_c_39a90d8d__prvEnableVFP  0x0800027d   Thumb Code    16  port.o(.emb_text)
    PendSV_Handler                           0x08000291   Thumb Code    88  port.o(.emb_text)
    vPortGetIPSR                             0x080002ed   Thumb Code     6  port.o(.emb_text)
    Reset_Handler                            0x080002f5   Thumb Code     8  startup_stm32f40_41xxx.o(.text)
    _maybe_terminate_alloc                   0x080002f5   Thumb Code     0  maybetermalloc1.o(.emb_text)
    ADC_IRQHandler                           0x0800030f   Thumb Code     0  startup_stm32f40_41xxx.o(.text)
    CAN1_RX0_IRQHandler                      0x0800030f   Thumb Code     0  startup_stm32f40_41xxx.o(.text)
    CAN1_RX1_IRQHandler                      0x0800030f   Thumb Code     0  startup_stm32f40_41xxx.o(.text)
    CAN1_SCE_IRQHandler                      0x0800030f   Thumb Code     0  startup_stm32f40_41xxx.o(.text)
    CAN1_TX_IRQHandler                       0x0800030f   Thumb Code     0  startup_stm32f40_41xxx.o(.text)
    CAN2_RX0_IRQHandler                      0x0800030f   Thumb Code     0  startup_stm32f40_41xxx.o(.text)
    CAN2_RX1_IRQHandler                      0x0800030f   Thumb Code     0  startup_stm32f40_41xxx.o(.text)
    CAN2_SCE_IRQHandler                      0x0800030f   Thumb Code     0  startup_stm32f40_41xxx.o(.text)
    CAN2_TX_IRQHandler                       0x0800030f   Thumb Code     0  startup_stm32f40_41xxx.o(.text)
    CRYP_IRQHandler                          0x0800030f   Thumb Code     0  startup_stm32f40_41xxx.o(.text)
    DCMI_IRQHandler                          0x0800030f   Thumb Code     0  startup_stm32f40_41xxx.o(.text)
    DMA1_Stream0_IRQHandler                  0x0800030f   Thumb Code     0  startup_stm32f40_41xxx.o(.text)
    DMA1_Stream1_IRQHandler                  0x0800030f   Thumb Code     0  startup_stm32f40_41xxx.o(.text)
    DMA1_Stream2_IRQHandler                  0x0800030f   Thumb Code     0  startup_stm32f40_41xxx.o(.text)
    DMA1_Stream3_IRQHandler                  0x0800030f   Thumb Code     0  startup_stm32f40_41xxx.o(.text)
    DMA1_Stream5_IRQHandler                  0x0800030f   Thumb Code     0  startup_stm32f40_41xxx.o(.text)
    DMA1_Stream6_IRQHandler                  0x0800030f   Thumb Code     0  startup_stm32f40_41xxx.o(.text)
    DMA1_Stream7_IRQHandler                  0x0800030f   Thumb Code     0  startup_stm32f40_41xxx.o(.text)
    DMA2_Stream0_IRQHandler                  0x0800030f   Thumb Code     0  startup_stm32f40_41xxx.o(.text)
    DMA2_Stream1_IRQHandler                  0x0800030f   Thumb Code     0  startup_stm32f40_41xxx.o(.text)
    DMA2_Stream2_IRQHandler                  0x0800030f   Thumb Code     0  startup_stm32f40_41xxx.o(.text)
    DMA2_Stream3_IRQHandler                  0x0800030f   Thumb Code     0  startup_stm32f40_41xxx.o(.text)
    DMA2_Stream4_IRQHandler                  0x0800030f   Thumb Code     0  startup_stm32f40_41xxx.o(.text)
    DMA2_Stream5_IRQHandler                  0x0800030f   Thumb Code     0  startup_stm32f40_41xxx.o(.text)
    DMA2_Stream6_IRQHandler                  0x0800030f   Thumb Code     0  startup_stm32f40_41xxx.o(.text)
    ETH_IRQHandler                           0x0800030f   Thumb Code     0  startup_stm32f40_41xxx.o(.text)
    ETH_WKUP_IRQHandler                      0x0800030f   Thumb Code     0  startup_stm32f40_41xxx.o(.text)
    EXTI0_IRQHandler                         0x0800030f   Thumb Code     0  startup_stm32f40_41xxx.o(.text)
    EXTI15_10_IRQHandler                     0x0800030f   Thumb Code     0  startup_stm32f40_41xxx.o(.text)
    EXTI1_IRQHandler                         0x0800030f   Thumb Code     0  startup_stm32f40_41xxx.o(.text)
    EXTI2_IRQHandler                         0x0800030f   Thumb Code     0  startup_stm32f40_41xxx.o(.text)
    EXTI3_IRQHandler                         0x0800030f   Thumb Code     0  startup_stm32f40_41xxx.o(.text)
    EXTI4_IRQHandler                         0x0800030f   Thumb Code     0  startup_stm32f40_41xxx.o(.text)
    EXTI9_5_IRQHandler                       0x0800030f   Thumb Code     0  startup_stm32f40_41xxx.o(.text)
    FLASH_IRQHandler                         0x0800030f   Thumb Code     0  startup_stm32f40_41xxx.o(.text)
    FPU_IRQHandler                           0x0800030f   Thumb Code     0  startup_stm32f40_41xxx.o(.text)
    FSMC_IRQHandler                          0x0800030f   Thumb Code     0  startup_stm32f40_41xxx.o(.text)
    HASH_RNG_IRQHandler                      0x0800030f   Thumb Code     0  startup_stm32f40_41xxx.o(.text)
    I2C1_ER_IRQHandler                       0x0800030f   Thumb Code     0  startup_stm32f40_41xxx.o(.text)
    I2C1_EV_IRQHandler                       0x0800030f   Thumb Code     0  startup_stm32f40_41xxx.o(.text)
    I2C2_ER_IRQHandler                       0x0800030f   Thumb Code     0  startup_stm32f40_41xxx.o(.text)
    I2C2_EV_IRQHandler                       0x0800030f   Thumb Code     0  startup_stm32f40_41xxx.o(.text)
    I2C3_ER_IRQHandler                       0x0800030f   Thumb Code     0  startup_stm32f40_41xxx.o(.text)
    I2C3_EV_IRQHandler                       0x0800030f   Thumb Code     0  startup_stm32f40_41xxx.o(.text)
    OTG_FS_IRQHandler                        0x0800030f   Thumb Code     0  startup_stm32f40_41xxx.o(.text)
    OTG_FS_WKUP_IRQHandler                   0x0800030f   Thumb Code     0  startup_stm32f40_41xxx.o(.text)
    OTG_HS_EP1_IN_IRQHandler                 0x0800030f   Thumb Code     0  startup_stm32f40_41xxx.o(.text)
    OTG_HS_EP1_OUT_IRQHandler                0x0800030f   Thumb Code     0  startup_stm32f40_41xxx.o(.text)
    OTG_HS_IRQHandler                        0x0800030f   Thumb Code     0  startup_stm32f40_41xxx.o(.text)
    OTG_HS_WKUP_IRQHandler                   0x0800030f   Thumb Code     0  startup_stm32f40_41xxx.o(.text)
    PVD_IRQHandler                           0x0800030f   Thumb Code     0  startup_stm32f40_41xxx.o(.text)
    RCC_IRQHandler                           0x0800030f   Thumb Code     0  startup_stm32f40_41xxx.o(.text)
    RTC_Alarm_IRQHandler                     0x0800030f   Thumb Code     0  startup_stm32f40_41xxx.o(.text)
    RTC_WKUP_IRQHandler                      0x0800030f   Thumb Code     0  startup_stm32f40_41xxx.o(.text)
    SDIO_IRQHandler                          0x0800030f   Thumb Code     0  startup_stm32f40_41xxx.o(.text)
    SPI1_IRQHandler                          0x0800030f   Thumb Code     0  startup_stm32f40_41xxx.o(.text)
    SPI2_IRQHandler                          0x0800030f   Thumb Code     0  startup_stm32f40_41xxx.o(.text)
    SPI3_IRQHandler                          0x0800030f   Thumb Code     0  startup_stm32f40_41xxx.o(.text)
    TAMP_STAMP_IRQHandler                    0x0800030f   Thumb Code     0  startup_stm32f40_41xxx.o(.text)
    TIM1_BRK_TIM9_IRQHandler                 0x0800030f   Thumb Code     0  startup_stm32f40_41xxx.o(.text)
    TIM1_CC_IRQHandler                       0x0800030f   Thumb Code     0  startup_stm32f40_41xxx.o(.text)
    TIM1_TRG_COM_TIM11_IRQHandler            0x0800030f   Thumb Code     0  startup_stm32f40_41xxx.o(.text)
    TIM1_UP_TIM10_IRQHandler                 0x0800030f   Thumb Code     0  startup_stm32f40_41xxx.o(.text)
    TIM2_IRQHandler                          0x0800030f   Thumb Code     0  startup_stm32f40_41xxx.o(.text)
    TIM3_IRQHandler                          0x0800030f   Thumb Code     0  startup_stm32f40_41xxx.o(.text)
    TIM4_IRQHandler                          0x0800030f   Thumb Code     0  startup_stm32f40_41xxx.o(.text)
    TIM5_IRQHandler                          0x0800030f   Thumb Code     0  startup_stm32f40_41xxx.o(.text)
    TIM6_DAC_IRQHandler                      0x0800030f   Thumb Code     0  startup_stm32f40_41xxx.o(.text)
    TIM7_IRQHandler                          0x0800030f   Thumb Code     0  startup_stm32f40_41xxx.o(.text)
    TIM8_BRK_TIM12_IRQHandler                0x0800030f   Thumb Code     0  startup_stm32f40_41xxx.o(.text)
    TIM8_CC_IRQHandler                       0x0800030f   Thumb Code     0  startup_stm32f40_41xxx.o(.text)
    TIM8_TRG_COM_TIM14_IRQHandler            0x0800030f   Thumb Code     0  startup_stm32f40_41xxx.o(.text)
    TIM8_UP_TIM13_IRQHandler                 0x0800030f   Thumb Code     0  startup_stm32f40_41xxx.o(.text)
    UART5_IRQHandler                         0x0800030f   Thumb Code     0  startup_stm32f40_41xxx.o(.text)
    USART2_IRQHandler                        0x0800030f   Thumb Code     0  startup_stm32f40_41xxx.o(.text)
    USART3_IRQHandler                        0x0800030f   Thumb Code     0  startup_stm32f40_41xxx.o(.text)
    USART6_IRQHandler                        0x0800030f   Thumb Code     0  startup_stm32f40_41xxx.o(.text)
    WWDG_IRQHandler                          0x0800030f   Thumb Code     0  startup_stm32f40_41xxx.o(.text)
    __user_initial_stackheap                 0x08000311   Thumb Code     0  startup_stm32f40_41xxx.o(.text)
    realloc                                  0x08000335   Thumb Code   184  h1_realloc.o(.text)
    strlen                                   0x080003ed   Thumb Code    62  strlen.o(.text)
    __aeabi_memcpy                           0x0800042b   Thumb Code     0  rt_memcpy_v6.o(.text)
    __rt_memcpy                              0x0800042b   Thumb Code   138  rt_memcpy_v6.o(.text)
    _memcpy_lastbytes                        0x08000491   Thumb Code     0  rt_memcpy_v6.o(.text)
    __aeabi_memset                           0x080004b5   Thumb Code    16  aeabi_memset.o(.text)
    __aeabi_memclr4                          0x080004c5   Thumb Code     0  rt_memclr_w.o(.text)
    __aeabi_memclr8                          0x080004c5   Thumb Code     0  rt_memclr_w.o(.text)
    __rt_memclr_w                            0x080004c5   Thumb Code    78  rt_memclr_w.o(.text)
    _memset_w                                0x080004c9   Thumb Code     0  rt_memclr_w.o(.text)
    __use_two_region_memory                  0x08000513   Thumb Code     2  heapauxi.o(.text)
    __rt_heap_escrow                         0x08000515   Thumb Code     2  heapauxi.o(.text)
    __rt_heap_expand                         0x08000517   Thumb Code     2  heapauxi.o(.text)
    __cpp_initialize__aeabi_                 0x08000519   Thumb Code    26  init_aeabi.o(.text)
    __rt_heap_descriptor                     0x0800053d   Thumb Code     8  rt_heap_descriptor_intlibspace.o(.text)
    __use_no_heap                            0x08000545   Thumb Code     2  hguard.o(.text)
    __heap$guard                             0x08000547   Thumb Code     2  hguard.o(.text)
    _terminate_user_alloc                    0x08000549   Thumb Code     2  init_alloc.o(.text)
    _init_user_alloc                         0x0800054b   Thumb Code     2  init_alloc.o(.text)
    __Heap_Full                              0x0800054d   Thumb Code    34  init_alloc.o(.text)
    __Heap_Broken                            0x0800056f   Thumb Code     6  init_alloc.o(.text)
    _init_alloc                              0x08000575   Thumb Code    94  init_alloc.o(.text)
    malloc                                   0x080005d3   Thumb Code    94  h1_alloc.o(.text)
    free                                     0x08000631   Thumb Code    78  h1_free.o(.text)
    __rt_SIGPVFN                             0x0800067f   Thumb Code    14  defsig_pvfn_outer.o(.text)
    __aeabi_memcpy4                          0x0800068d   Thumb Code     0  rt_memcpy_w.o(.text)
    __aeabi_memcpy8                          0x0800068d   Thumb Code     0  rt_memcpy_w.o(.text)
    __rt_memcpy_w                            0x0800068d   Thumb Code   100  rt_memcpy_w.o(.text)
    _memcpy_lastbytes_aligned                0x080006d5   Thumb Code     0  rt_memcpy_w.o(.text)
    __aeabi_memclr                           0x080006f1   Thumb Code     0  rt_memclr.o(.text)
    __rt_memclr                              0x080006f1   Thumb Code    68  rt_memclr.o(.text)
    _memset                                  0x080006f5   Thumb Code     0  rt_memclr.o(.text)
    __user_libspace                          0x08000735   Thumb Code     8  libspace.o(.text)
    __user_perproc_libspace                  0x08000735   Thumb Code     0  libspace.o(.text)
    __user_perthread_libspace                0x08000735   Thumb Code     0  libspace.o(.text)
    __Heap_Initialize                        0x0800073d   Thumb Code    10  h1_init.o(.text)
    __Heap_DescSize                          0x08000747   Thumb Code     4  h1_init.o(.text)
    __Heap_ProvideMemory                     0x0800074b   Thumb Code    52  h1_extend.o(.text)
    __sig_exit                               0x0800077f   Thumb Code    10  defsig_exit.o(.text)
    __rt_SIGRTMEM                            0x08000789   Thumb Code    14  defsig_rtmem_outer.o(.text)
    __rt_SIGPVFN_inner                       0x08000799   Thumb Code    14  defsig_pvfn_inner.o(.text)
    _sys_exit                                0x080007c9   Thumb Code     8  sys_exit.o(.text)
    __user_setup_stackheap                   0x080007d5   Thumb Code    74  sys_stackheap_outer.o(.text)
    exit                                     0x0800081f   Thumb Code    12  exit.o(.text)
    __default_signal_display                 0x0800082b   Thumb Code    50  defsig_general.o(.text)
    __rt_SIGRTMEM_inner                      0x0800085d   Thumb Code    22  defsig_rtmem_inner.o(.text)
    _ttywrch                                 0x080008ad   Thumb Code    14  sys_wrch.o(.text)
    __I$use$semihosting                      0x080008bb   Thumb Code     0  use_no_semi.o(.text)
    __use_no_semihosting_swi                 0x080008bb   Thumb Code     2  use_no_semi.o(.text)
    BusFault_Handler                         0x080008bd   Thumb Code     4  stm32f4xx_it.o(i.BusFault_Handler)
    __semihosting_library_function           0x080008bd   Thumb Code     0  indicate_semi.o(.text)
    DMA1_Stream4_IRQHandler                  0x080008c1   Thumb Code    28  usart.o(i.DMA1_Stream4_IRQHandler)
    DMA2_Stream7_IRQHandler                  0x080008e9   Thumb Code    28  usart.o(i.DMA2_Stream7_IRQHandler)
    DMA_ClearFlag                            0x08000911   Thumb Code    38  stm32f4xx_dma.o(i.DMA_ClearFlag)
    DMA_ClearITPendingBit                    0x08000945   Thumb Code    38  stm32f4xx_dma.o(i.DMA_ClearITPendingBit)
    DMA_Cmd                                  0x08000979   Thumb Code    22  stm32f4xx_dma.o(i.DMA_Cmd)
    DMA_DeInit                               0x08000991   Thumb Code   324  stm32f4xx_dma.o(i.DMA_DeInit)
    DMA_GetCmdStatus                         0x08000ae9   Thumb Code    20  stm32f4xx_dma.o(i.DMA_GetCmdStatus)
    DMA_GetITStatus                          0x08000afd   Thumb Code    82  stm32f4xx_dma.o(i.DMA_GetITStatus)
    DMA_ITConfig                             0x08000b61   Thumb Code    58  stm32f4xx_dma.o(i.DMA_ITConfig)
    DMA_Init                                 0x08000b9d   Thumb Code    82  stm32f4xx_dma.o(i.DMA_Init)
    DebugMon_Handler                         0x08000bf5   Thumb Code     2  stm32f4xx_it.o(i.DebugMon_Handler)
    GPIO_Init                                0x08000bf7   Thumb Code   144  stm32f4xx_gpio.o(i.GPIO_Init)
    GPIO_PinAFConfig                         0x08000c87   Thumb Code    70  stm32f4xx_gpio.o(i.GPIO_PinAFConfig)
    HardFault_Handler                        0x08000ccd   Thumb Code     4  stm32f4xx_it.o(i.HardFault_Handler)
    MemManage_Handler                        0x08000cd1   Thumb Code     4  stm32f4xx_it.o(i.MemManage_Handler)
    NMI_Handler                              0x08000cd5   Thumb Code     2  stm32f4xx_it.o(i.NMI_Handler)
    NVIC_Init                                0x08000cd9   Thumb Code   106  misc.o(i.NVIC_Init)
    NVIC_PriorityGroupConfig                 0x08000d51   Thumb Code    10  misc.o(i.NVIC_PriorityGroupConfig)
    NVIC_SetVectorTable                      0x08000d65   Thumb Code    12  misc.o(i.NVIC_SetVectorTable)
    RCC_AHB1PeriphClockCmd                   0x08000d79   Thumb Code    26  stm32f4xx_rcc.o(i.RCC_AHB1PeriphClockCmd)
    RCC_APB1PeriphClockCmd                   0x08000d99   Thumb Code    26  stm32f4xx_rcc.o(i.RCC_APB1PeriphClockCmd)
    RCC_GetClocksFreq                        0x08000db9   Thumb Code   214  stm32f4xx_rcc.o(i.RCC_GetClocksFreq)
    SysTick_Handler                          0x08000f8d   Thumb Code    46  port.o(i.SysTick_Handler)
    SystemInit                               0x08000fc1   Thumb Code    88  system_stm32f4xx.o(i.SystemInit)
    UART4_IRQHandler                         0x08001029   Thumb Code    64  usart.o(i.UART4_IRQHandler)
    USART1_IRQHandler                        0x08001071   Thumb Code    64  usart.o(i.USART1_IRQHandler)
    USART_ClearFlag                          0x080010b9   Thumb Code    18  stm32f4xx_usart.o(i.USART_ClearFlag)
    USART_ClearITPendingBit                  0x080010cb   Thumb Code    30  stm32f4xx_usart.o(i.USART_ClearITPendingBit)
    USART_Cmd                                0x080010e9   Thumb Code    24  stm32f4xx_usart.o(i.USART_Cmd)
    USART_DMACmd                             0x08001101   Thumb Code    18  stm32f4xx_usart.o(i.USART_DMACmd)
    USART_GetITStatus                        0x08001113   Thumb Code    84  stm32f4xx_usart.o(i.USART_GetITStatus)
    USART_ITConfig                           0x08001167   Thumb Code    74  stm32f4xx_usart.o(i.USART_ITConfig)
    USART_Init                               0x080011b1   Thumb Code   204  stm32f4xx_usart.o(i.USART_Init)
    USART_ReceiveData                        0x08001285   Thumb Code    10  stm32f4xx_usart.o(i.USART_ReceiveData)
    UsageFault_Handler                       0x0800128f   Thumb Code     4  stm32f4xx_it.o(i.UsageFault_Handler)
    Stm32Hardware::time()                    0x080013b7   Thumb Code    10  ros_test.o(i._ZN13Stm32Hardware4timeEv)
    rosserial_msgs::RequestParamResponse::deserialize(unsigned char*) 0x080013c1   Thumb Code   328  ros_test.o(i._ZN14rosserial_msgs20RequestParamResponse11deserializeEPh)
    rosserial_msgs::RequestParamResponse::getMD5() 0x08001509   Thumb Code     6  ros_test.o(i._ZN14rosserial_msgs20RequestParamResponse6getMD5Ev)
    rosserial_msgs::RequestParamResponse::getType() 0x08001515   Thumb Code     6  ros_test.o(i._ZN14rosserial_msgs20RequestParamResponse7getTypeEv)
    rosserial_msgs::Log::getMD5()            0x08001521   Thumb Code     6  ros_test.o(i._ZN14rosserial_msgs3Log6getMD5Ev)
    rosserial_msgs::Log::getType()           0x0800152d   Thumb Code     6  ros_test.o(i._ZN14rosserial_msgs3Log7getTypeEv)
    rosserial_msgs::TopicInfo::getMD5()      0x08001539   Thumb Code     6  ros_test.o(i._ZN14rosserial_msgs9TopicInfo6getMD5Ev)
    rosserial_msgs::TopicInfo::getType()     0x08001545   Thumb Code     6  ros_test.o(i._ZN14rosserial_msgs9TopicInfo7getTypeEv)
    ros::normalizeSecNSec(unsigned long&, unsigned long&) 0x08001551   Thumb Code    30  time.o(i._ZN3ros16normalizeSecNSecERmS0_)
    ros::Msg::Msg__sub_object()              0x08001575   Thumb Code     6  ros_test.o(i._ZN3ros3MsgC2Ev)
    std_msgs::Time::deserialize(unsigned char*) 0x08001581   Thumb Code    92  ros_test.o(i._ZN8std_msgs4Time11deserializeEPh)
    std_msgs::Time::getMD5()                 0x080015dd   Thumb Code     6  ros_test.o(i._ZN8std_msgs4Time6getMD5Ev)
    std_msgs::Time::getType()                0x080015e9   Thumb Code     6  ros_test.o(i._ZN8std_msgs4Time7getTypeEv)
    std_msgs::Time::Time()                   0x080015f5   Thumb Code    32  ros_test.o(i._ZN8std_msgs4TimeC1Ev)
    std_msgs::Time::Time__sub_object()       0x080015f5   Thumb Code     0  ros_test.o(i._ZN8std_msgs4TimeC1Ev)
    std_msgs::String::deserialize(unsigned char*) 0x08001619   Thumb Code    48  ros_test.o(i._ZN8std_msgs6String11deserializeEPh)
    std_msgs::String::getMD5()               0x08001649   Thumb Code     6  ros_test.o(i._ZN8std_msgs6String6getMD5Ev)
    std_msgs::String::getType()              0x08001655   Thumb Code     6  ros_test.o(i._ZN8std_msgs6String7getTypeEv)
    std_msgs::String::String()               0x08001661   Thumb Code    20  ros_test.o(i._ZN8std_msgs6StringC1Ev)
    std_msgs::String::String__sub_object()   0x08001661   Thumb Code     0  ros_test.o(i._ZN8std_msgs6StringC1Ev)
    rosserial_msgs::RequestParamResponse::serialize(unsigned char*) const 0x08001679   Thumb Code   260  ros_test.o(i._ZNK14rosserial_msgs20RequestParamResponse9serializeEPh)
    rosserial_msgs::Log::serialize(unsigned char*) const 0x0800177d   Thumb Code    48  ros_test.o(i._ZNK14rosserial_msgs3Log9serializeEPh)
    rosserial_msgs::TopicInfo::serialize(unsigned char*) const 0x080017ad   Thumb Code   146  ros_test.o(i._ZNK14rosserial_msgs9TopicInfo9serializeEPh)
    std_msgs::Time::serialize(unsigned char*) const 0x0800183f   Thumb Code    68  ros_test.o(i._ZNK8std_msgs4Time9serializeEPh)
    std_msgs::String::serialize(unsigned char*) const 0x08001883   Thumb Code    42  ros_test.o(i._ZNK8std_msgs6String9serializeEPh)
    __cxa_pure_virtual                       0x080018ad   Thumb Code     6  pure_virt.o(i.__cxa_pure_virtual)
    main                                     0x08001935   Thumb Code    38  main.o(i.main)
    pvPortMalloc                             0x08001f21   Thumb Code   296  heap_4.o(i.pvPortMalloc)
    pvTaskIncrementMutexHeldCount            0x0800205d   Thumb Code    26  tasks.o(i.pvTaskIncrementMutexHeldCount)
    pxPortInitialiseStack                    0x0800207d   Thumb Code    38  port.o(i.pxPortInitialiseStack)
    ros_communication_bsp_init               0x080020a9   Thumb Code   188  ros_bsp.o(i.ros_communication_bsp_init)
    ros_dealy_ms                             0x08002181   Thumb Code    12  ros_bsp.o(i.ros_dealy_ms)
    ros_get_system_time                      0x0800218d   Thumb Code     8  ros_bsp.o(i.ros_get_system_time)
    ros_serial_read_char                     0x08002219   Thumb Code    30  ros_bsp.o(i.ros_serial_read_char)
    ros_serial_recv_enable_init              0x0800223d   Thumb Code     8  ros_bsp.o(i.ros_serial_recv_enable_init)
    ros_serial_write_length                  0x08002245   Thumb Code    46  ros_bsp.o(i.ros_serial_write_length)
    ros_task_create                          0x0800227d   Thumb Code    28  ros_test.o(i.ros_task_create)
    serial_ros_init                          0x080022f5   Thumb Code    16  serial.o(i.serial_ros_init)
    serial_ros_recv_enable                   0x08002305   Thumb Code     8  serial.o(i.serial_ros_recv_enable)
    serial_ros_send_data                     0x0800230d   Thumb Code    18  serial.o(i.serial_ros_send_data)
    serial_ros_send_data_init                0x08002325   Thumb Code    12  serial.o(i.serial_ros_send_data_init)
    uart_ros_dma_init                        0x08002331   Thumb Code   192  usart.o(i.uart_ros_dma_init)
    uart_ros_init                            0x08002401   Thumb Code   236  usart.o(i.uart_ros_init)
    uart_ros_rx_isr_enable                   0x080024f9   Thumb Code    16  usart.o(i.uart_ros_rx_isr_enable)
    uart_send_data_by_dma                    0x0800250d   Thumb Code    76  usart.o(i.uart_send_data_by_dma)
    uxListRemove                             0x08002569   Thumb Code    40  list.o(i.uxListRemove)
    vListInitialise                          0x08002591   Thumb Code    26  list.o(i.vListInitialise)
    vListInitialiseItem                      0x080025ab   Thumb Code     6  list.o(i.vListInitialiseItem)
    vListInsert                              0x080025b1   Thumb Code    52  list.o(i.vListInsert)
    vListInsertEnd                           0x080025e5   Thumb Code    24  list.o(i.vListInsertEnd)
    vPortEnterCritical                       0x080025fd   Thumb Code    76  port.o(i.vPortEnterCritical)
    vPortExitCritical                        0x08002651   Thumb Code    56  port.o(i.vPortExitCritical)
    vPortFree                                0x0800268d   Thumb Code   140  heap_4.o(i.vPortFree)
    vPortSetupTimerInterrupt                 0x08002721   Thumb Code    20  port.o(i.vPortSetupTimerInterrupt)
    vPortValidateInterruptPriority           0x08002739   Thumb Code   106  port.o(i.vPortValidateInterruptPriority)
    vTaskDelay                               0x080027b1   Thumb Code    82  tasks.o(i.vTaskDelay)
    vTaskDelete                              0x0800280d   Thumb Code   202  tasks.o(i.vTaskDelete)
    vTaskInternalSetTimeOutState             0x08002901   Thumb Code    14  tasks.o(i.vTaskInternalSetTimeOutState)
    vTaskMissedYield                         0x08002919   Thumb Code     8  tasks.o(i.vTaskMissedYield)
    vTaskPlaceOnEventList                    0x08002925   Thumb Code    52  tasks.o(i.vTaskPlaceOnEventList)
    vTaskPriorityDisinheritAfterTimeout      0x0800295d   Thumb Code   230  tasks.o(i.vTaskPriorityDisinheritAfterTimeout)
    vTaskStartScheduler                      0x08002a51   Thumb Code   108  tasks.o(i.vTaskStartScheduler)
    vTaskSuspendAll                          0x08002ad9   Thumb Code    12  tasks.o(i.vTaskSuspendAll)
    vTaskSwitchContext                       0x08002ae9   Thumb Code   118  tasks.o(i.vTaskSwitchContext)
    xPortStartScheduler                      0x08002b75   Thumb Code   330  port.o(i.xPortStartScheduler)
    xQueueGenericCreate                      0x08002cdd   Thumb Code    88  queue.o(i.xQueueGenericCreate)
    xQueueGenericReset                       0x08002d35   Thumb Code   146  queue.o(i.xQueueGenericReset)
    xQueueGenericSend                        0x08002dcd   Thumb Code   380  queue.o(i.xQueueGenericSend)
    xQueueGenericSendFromISR                 0x08002f4d   Thumb Code   248  queue.o(i.xQueueGenericSendFromISR)
    xQueueGiveFromISR                        0x08003045   Thumb Code   224  queue.o(i.xQueueGiveFromISR)
    xQueueReceive                            0x08003125   Thumb Code   316  queue.o(i.xQueueReceive)
    xQueueSemaphoreTake                      0x08003265   Thumb Code   394  queue.o(i.xQueueSemaphoreTake)
    xTaskCheckForTimeOut                     0x080033f5   Thumb Code   132  tasks.o(i.xTaskCheckForTimeOut)
    xTaskCreate                              0x08003481   Thumb Code    96  tasks.o(i.xTaskCreate)
    xTaskGetTickCount                        0x080034e1   Thumb Code     6  tasks.o(i.xTaskGetTickCount)
    xTaskIncrementTick                       0x080034ed   Thumb Code   282  tasks.o(i.xTaskIncrementTick)
    xTaskPriorityDisinherit                  0x08003635   Thumb Code   188  tasks.o(i.xTaskPriorityDisinherit)
    xTaskPriorityInherit                     0x080036fd   Thumb Code   186  tasks.o(i.xTaskPriorityInherit)
    xTaskRemoveFromEventList                 0x080037c5   Thumb Code   128  tasks.o(i.xTaskRemoveFromEventList)
    xTaskResumeAll                           0x0800385d   Thumb Code   224  tasks.o(i.xTaskResumeAll)
    ros::Subscriber<std_msgs::String>::getMsgType() 0x08003961   Thumb Code     8  ros_test.o(t._ZN3ros10SubscriberIN8std_msgs6StringEE10getMsgTypeEv)
    ros::Subscriber<std_msgs::String>::getEndpointType() 0x0800396d   Thumb Code     6  ros_test.o(t._ZN3ros10SubscriberIN8std_msgs6StringEE15getEndpointTypeEv)
    ros::Subscriber<std_msgs::String>::callback(unsigned char*) 0x08003973   Thumb Code    26  ros_test.o(t._ZN3ros10SubscriberIN8std_msgs6StringEE8callbackEPh)
    ros::Subscriber<std_msgs::String>::getMsgMD5() 0x0800398d   Thumb Code     8  ros_test.o(t._ZN3ros10SubscriberIN8std_msgs6StringEE9getMsgMD5Ev)
    ros::NodeHandle_<Stm32Hardware, (int)25, (int)25, (int)512, (int)512>::negotiateTopics() 0x08003999   Thumb Code   288  ros_test.o(t._ZN3ros11NodeHandle_I13Stm32HardwareLi25ELi25ELi512ELi512EE15negotiateTopicsEv)
    ros::NodeHandle_<Stm32Hardware, (int)25, (int)25, (int)512, (int)512>::requestSyncTime() 0x08003abd   Thumb Code    32  ros_test.o(t._ZN3ros11NodeHandle_I13Stm32HardwareLi25ELi25ELi512ELi512EE15requestSyncTimeEv)
    ros::NodeHandle_<Stm32Hardware, (int)25, (int)25, (int)512, (int)512>::publish(int, const ros::Msg*) 0x08003add   Thumb Code   244  ros_test.o(t._ZN3ros11NodeHandle_I13Stm32HardwareLi25ELi25ELi512ELi512EE7publishEiPKNS_3MsgE)
    ros::NodeHandle_<Stm32Hardware, (int)25, (int)25, (int)512, (int)512>::spinOnce() 0x08003bd9   Thumb Code   626  ros_test.o(t._ZN3ros11NodeHandle_I13Stm32HardwareLi25ELi25ELi512ELi512EE8spinOnceEv)
    ros::NodeHandle_<Stm32Hardware, (int)25, (int)25, (int)512, (int)512>::syncTime(unsigned char*) 0x08003e4d   Thumb Code   154  ros_test.o(t._ZN3ros11NodeHandle_I13Stm32HardwareLi25ELi25ELi512ELi512EE8syncTimeEPh)
    ros::NodeHandle_<Stm32Hardware, (int)25, (int)25, (int)512, (int)512>::NodeHandle_() 0x08003eed   Thumb Code   162  ros_test.o(t._ZN3ros11NodeHandle_I13Stm32HardwareLi25ELi25ELi512ELi512EEC1Ev)
    ros::NodeHandle_<Stm32Hardware, (int)25, (int)25, (int)512, (int)512>::NodeHandle___sub_object() 0x08003eed   Thumb Code     0  ros_test.o(t._ZN3ros11NodeHandle_I13Stm32HardwareLi25ELi25ELi512ELi512EEC1Ev)
    _fp_init                                 0x08003f9d   Thumb Code    10  fpinit.o(x$fpl$fpinit)
    __fplib_config_fpu_vfp                   0x08003fa5   Thumb Code     0  fpinit.o(x$fpl$fpinit)
    __fplib_config_pureend_doubles           0x08003fa5   Thumb Code     0  fpinit.o(x$fpl$fpinit)
    vtable for rosserial_msgs::RequestParamResponse 0x08003fc4   Data          24  ros_test.o(.constdata__ZTVN14rosserial_msgs20RequestParamResponseE)
    vtable for rosserial_msgs::Log           0x08003fdc   Data          24  ros_test.o(.constdata__ZTVN14rosserial_msgs3LogE)
    vtable for rosserial_msgs::TopicInfo     0x08003ff4   Data          24  ros_test.o(.constdata__ZTVN14rosserial_msgs9TopicInfoE)
    vtable for ros::Subscriber<std_msgs::String> 0x0800400c   Data          24  ros_test.o(.constdata__ZTVN3ros10SubscriberIN8std_msgs6StringEEE)
    vtable for ros::NodeHandle_<Stm32Hardware, (int)25, (int)25, (int)512, (int)512> 0x08004024   Data          20  ros_test.o(.constdata__ZTVN3ros11NodeHandle_I13Stm32HardwareLi25ELi25ELi512ELi512EEE)
    vtable for ros::Subscriber_              0x08004038   Data          24  ros_test.o(.constdata__ZTVN3ros11Subscriber_E)
    vtable for ros::NodeHandleBase_          0x08004050   Data          20  ros_test.o(.constdata__ZTVN3ros15NodeHandleBase_E)
    vtable for ros::Msg                      0x08004064   Data          24  ros_test.o(.constdata__ZTVN3ros3MsgE)
    vtable for std_msgs::Time                0x0800407c   Data          24  ros_test.o(.constdata__ZTVN8std_msgs4TimeE)
    vtable for std_msgs::String              0x08004094   Data          24  ros_test.o(.constdata__ZTVN8std_msgs6StringE)
    rosserial_msgs::RequestParamResponse::getMD5()::string 0x080040ac   Data          33  ros_test.o(.constdata__ZZN14rosserial_msgs20RequestParamResponse6getMD5EvEs)
    rosserial_msgs::Log::getMD5()::string    0x080040cd   Data          33  ros_test.o(.constdata__ZZN14rosserial_msgs3Log6getMD5EvEs)
    rosserial_msgs::Log::getType()::string   0x080040ee   Data          19  ros_test.o(.constdata__ZZN14rosserial_msgs3Log7getTypeEvEs)
    rosserial_msgs::TopicInfo::getMD5()::string 0x08004101   Data          33  ros_test.o(.constdata__ZZN14rosserial_msgs9TopicInfo6getMD5EvEs)
    rosserial_msgs::TopicInfo::getType()::string 0x08004122   Data          25  ros_test.o(.constdata__ZZN14rosserial_msgs9TopicInfo7getTypeEvEs)
    ros::NodeHandle_<Stm32Hardware, (int)25, (int)25, (int)512, (int)512>::publish(int, const ros::Msg*)::string 0x0800413b   Data          57  ros_test.o(.constdata__ZZN3ros11NodeHandle_I13Stm32HardwareLi25ELi25ELi512ELi512EE7publishEiPKNS_3MsgEEs)
    std_msgs::Time::getMD5()::string         0x08004174   Data          33  ros_test.o(.constdata__ZZN8std_msgs4Time6getMD5EvEs)
    std_msgs::Time::getType()::string        0x08004195   Data          14  ros_test.o(.constdata__ZZN8std_msgs4Time7getTypeEvEs)
    std_msgs::String::getMD5()::string       0x080041a3   Data          33  ros_test.o(.constdata__ZZN8std_msgs6String6getMD5EvEs)
    std_msgs::String::getType()::string      0x080041c4   Data          16  ros_test.o(.constdata__ZZN8std_msgs6String7getTypeEvEs)
    Region$$Table$$Base                      0x080041d4   Number         0  anon$$obj.o(Region$$Table)
    Region$$Table$$Limit                     0x080041f4   Number         0  anon$$obj.o(Region$$Table)
    SHT$$INIT_ARRAY$$Base                    0x080041f4   Number         0  ros_test.o(.init_array)
    SHT$$INIT_ARRAY$$Limit                   0x080041f8   Number         0  init_aeabi.o(.init_array)
    pxCurrentTCB                             0x20000070   Data           4  tasks.o(.data)
    __libspace_start                         0x200149e8   Data          96  libspace.o(.bss)
    __temporary_stack_top$libspace           0x20014a48   Data           0  libspace.o(.bss)



==============================================================================

Memory Map of the image

  Image Entry point : 0x08000189

  Load Region LR_IROM1 (Base: 0x08000000, Size: 0x000042d8, Max: 0x00100000, ABSOLUTE)

    Execution Region ER_IROM1 (Base: 0x08000000, Size: 0x000041f8, Max: 0x00100000, ABSOLUTE)

    Base Addr    Size         Type   Attr      Idx    E Section Name        Object

    0x08000000   0x00000188   Data   RO         1580    RESET               startup_stm32f40_41xxx.o
    0x08000188   0x00000008   Code   RO         2667  * !!!main             c_w.l(__main.o)
    0x08000190   0x00000034   Code   RO         3070    !!!scatter          c_w.l(__scatter.o)
    0x080001c4   0x0000001a   Code   RO         3072    !!handler_copy      c_w.l(__scatter_copy.o)
    0x080001de   0x00000002   PAD
    0x080001e0   0x0000001c   Code   RO         3074    !!handler_zi        c_w.l(__scatter_zi.o)
    0x080001fc   0x00000002   Code   RO         3008    .ARM.Collect$$libinit$$00000000  c_w.l(libinit.o)
    0x080001fe   0x00000004   Code   RO         2849    .ARM.Collect$$libinit$$00000001  c_w.l(libinit2.o)
    0x08000202   0x00000000   Code   RO         2852    .ARM.Collect$$libinit$$00000004  c_w.l(libinit2.o)
    0x08000202   0x00000008   Code   RO         2853    .ARM.Collect$$libinit$$00000005  c_w.l(libinit2.o)
    0x0800020a   0x00000000   Code   RO         2855    .ARM.Collect$$libinit$$0000000A  c_w.l(libinit2.o)
    0x0800020a   0x00000000   Code   RO         2857    .ARM.Collect$$libinit$$0000000C  c_w.l(libinit2.o)
    0x0800020a   0x00000000   Code   RO         2859    .ARM.Collect$$libinit$$0000000E  c_w.l(libinit2.o)
    0x0800020a   0x00000000   Code   RO         2862    .ARM.Collect$$libinit$$00000011  c_w.l(libinit2.o)
    0x0800020a   0x00000000   Code   RO         2864    .ARM.Collect$$libinit$$00000013  c_w.l(libinit2.o)
    0x0800020a   0x00000000   Code   RO         2866    .ARM.Collect$$libinit$$00000015  c_w.l(libinit2.o)
    0x0800020a   0x00000000   Code   RO         2868    .ARM.Collect$$libinit$$00000017  c_w.l(libinit2.o)
    0x0800020a   0x00000000   Code   RO         2870    .ARM.Collect$$libinit$$00000019  c_w.l(libinit2.o)
    0x0800020a   0x00000000   Code   RO         2872    .ARM.Collect$$libinit$$0000001B  c_w.l(libinit2.o)
    0x0800020a   0x00000000   Code   RO         2874    .ARM.Collect$$libinit$$0000001D  c_w.l(libinit2.o)
    0x0800020a   0x00000000   Code   RO         2876    .ARM.Collect$$libinit$$0000001F  c_w.l(libinit2.o)
    0x0800020a   0x00000000   Code   RO         2878    .ARM.Collect$$libinit$$00000021  c_w.l(libinit2.o)
    0x0800020a   0x00000000   Code   RO         2880    .ARM.Collect$$libinit$$00000023  c_w.l(libinit2.o)
    0x0800020a   0x00000000   Code   RO         2882    .ARM.Collect$$libinit$$00000025  c_w.l(libinit2.o)
    0x0800020a   0x00000000   Code   RO         2886    .ARM.Collect$$libinit$$0000002C  c_w.l(libinit2.o)
    0x0800020a   0x00000000   Code   RO         2888    .ARM.Collect$$libinit$$0000002E  c_w.l(libinit2.o)
    0x0800020a   0x00000000   Code   RO         2890    .ARM.Collect$$libinit$$00000030  c_w.l(libinit2.o)
    0x0800020a   0x00000004   Code   RO         2891    .ARM.Collect$$libinit$$00000031  c_w.l(libinit2.o)
    0x0800020e   0x00000000   Code   RO         2892    .ARM.Collect$$libinit$$00000032  c_w.l(libinit2.o)
    0x0800020e   0x00000002   Code   RO         2893    .ARM.Collect$$libinit$$00000033  c_w.l(libinit2.o)
    0x08000210   0x00000002   Code   RO         3067    .ARM.Collect$$libshutdown$$00000000  c_w.l(libshutdown.o)
    0x08000212   0x00000000   Code   RO         3031    .ARM.Collect$$libshutdown$$00000003  c_w.l(libshutdown2.o)
    0x08000212   0x00000000   Code   RO         3034    .ARM.Collect$$libshutdown$$00000006  c_w.l(libshutdown2.o)
    0x08000212   0x00000000   Code   RO         3037    .ARM.Collect$$libshutdown$$00000009  c_w.l(libshutdown2.o)
    0x08000212   0x00000000   Code   RO         3039    .ARM.Collect$$libshutdown$$0000000B  c_w.l(libshutdown2.o)
    0x08000212   0x00000000   Code   RO         3042    .ARM.Collect$$libshutdown$$0000000E  c_w.l(libshutdown2.o)
    0x08000212   0x00000002   Code   RO         3043    .ARM.Collect$$libshutdown$$0000000F  c_w.l(libshutdown2.o)
    0x08000214   0x00000000   Code   RO         2798    .ARM.Collect$$rtentry$$00000000  c_w.l(__rtentry.o)
    0x08000214   0x00000000   Code   RO         2916    .ARM.Collect$$rtentry$$00000002  c_w.l(__rtentry2.o)
    0x08000214   0x00000006   Code   RO         2928    .ARM.Collect$$rtentry$$00000004  c_w.l(__rtentry4.o)
    0x0800021a   0x00000000   Code   RO         2918    .ARM.Collect$$rtentry$$00000009  c_w.l(__rtentry2.o)
    0x0800021a   0x00000004   Code   RO         2919    .ARM.Collect$$rtentry$$0000000A  c_w.l(__rtentry2.o)
    0x0800021e   0x00000000   Code   RO         2921    .ARM.Collect$$rtentry$$0000000C  c_w.l(__rtentry2.o)
    0x0800021e   0x00000008   Code   RO         2922    .ARM.Collect$$rtentry$$0000000D  c_w.l(__rtentry2.o)
    0x08000226   0x00000002   Code   RO         3017    .ARM.Collect$$rtexit$$00000000  c_w.l(rtexit.o)
    0x08000228   0x00000000   Code   RO         3045    .ARM.Collect$$rtexit$$00000002  c_w.l(rtexit2.o)
    0x08000228   0x00000004   Code   RO         3046    .ARM.Collect$$rtexit$$00000003  c_w.l(rtexit2.o)
    0x0800022c   0x00000006   Code   RO         3047    .ARM.Collect$$rtexit$$00000004  c_w.l(rtexit2.o)
    0x08000232   0x00000002   PAD
    0x08000234   0x000000be   Code   RO         1392    .emb_text           port.o
    0x080002f2   0x00000002   PAD
    0x080002f4   0x00000000   Code   RO         2932    .emb_text           c_w.l(maybetermalloc1.o)
    0x080002f4   0x00000040   Code   RO         1581    .text               startup_stm32f40_41xxx.o
    0x08000334   0x000000b8   Code   RO         2568    .text               c_w.l(h1_realloc.o)
    0x080003ec   0x0000003e   Code   RO         2657    .text               c_w.l(strlen.o)
    0x0800042a   0x0000008a   Code   RO         2659    .text               c_w.l(rt_memcpy_v6.o)
    0x080004b4   0x00000010   Code   RO         2661    .text               c_w.l(aeabi_memset.o)
    0x080004c4   0x0000004e   Code   RO         2663    .text               c_w.l(rt_memclr_w.o)
    0x08000512   0x00000006   Code   RO         2665    .text               c_w.l(heapauxi.o)
    0x08000518   0x00000024   Code   RO         2672    .text               c_w.l(init_aeabi.o)
    0x0800053c   0x00000008   Code   RO         2802    .text               c_w.l(rt_heap_descriptor_intlibspace.o)
    0x08000544   0x00000004   Code   RO         2804    .text               c_w.l(hguard.o)
    0x08000548   0x0000008a   Code   RO         2806    .text               c_w.l(init_alloc.o)
    0x080005d2   0x0000005e   Code   RO         2814    .text               c_w.l(h1_alloc.o)
    0x08000630   0x0000004e   Code   RO         2816    .text               c_w.l(h1_free.o)
    0x0800067e   0x0000000e   Code   RO         2841    .text               c_w.l(defsig_pvfn_outer.o)
    0x0800068c   0x00000064   Code   RO         2845    .text               c_w.l(rt_memcpy_w.o)
    0x080006f0   0x00000044   Code   RO         2847    .text               c_w.l(rt_memclr.o)
    0x08000734   0x00000008   Code   RO         2912    .text               c_w.l(libspace.o)
    0x0800073c   0x0000000e   Code   RO         2934    .text               c_w.l(h1_init.o)
    0x0800074a   0x00000034   Code   RO         2936    .text               c_w.l(h1_extend.o)
    0x0800077e   0x0000000a   Code   RO         2944    .text               c_w.l(defsig_exit.o)
    0x08000788   0x0000000e   Code   RO         2946    .text               c_w.l(defsig_rtmem_outer.o)
    0x08000796   0x00000002   PAD
    0x08000798   0x00000030   Code   RO         2950    .text               c_w.l(defsig_pvfn_inner.o)
    0x080007c8   0x0000000c   Code   RO         2976    .text               c_w.l(sys_exit.o)
    0x080007d4   0x0000004a   Code   RO         2978    .text               c_w.l(sys_stackheap_outer.o)
    0x0800081e   0x0000000c   Code   RO         2989    .text               c_w.l(exit.o)
    0x0800082a   0x00000032   Code   RO         2995    .text               c_w.l(defsig_general.o)
    0x0800085c   0x00000050   Code   RO         2997    .text               c_w.l(defsig_rtmem_inner.o)
    0x080008ac   0x0000000e   Code   RO         3012    .text               c_w.l(sys_wrch.o)
    0x080008ba   0x00000002   Code   RO         3014    .text               c_w.l(use_no_semi.o)
    0x080008bc   0x00000000   Code   RO         3016    .text               c_w.l(indicate_semi.o)
    0x080008bc   0x00000004   Code   RO         1524    i.BusFault_Handler  stm32f4xx_it.o
    0x080008c0   0x00000028   Code   RO          735    i.DMA1_Stream4_IRQHandler  usart.o
    0x080008e8   0x00000028   Code   RO          736    i.DMA2_Stream7_IRQHandler  usart.o
    0x08000910   0x00000034   Code   RO         1677    i.DMA_ClearFlag     stm32f4xx_dma.o
    0x08000944   0x00000034   Code   RO         1678    i.DMA_ClearITPendingBit  stm32f4xx_dma.o
    0x08000978   0x00000016   Code   RO         1679    i.DMA_Cmd           stm32f4xx_dma.o
    0x0800098e   0x00000002   PAD
    0x08000990   0x00000158   Code   RO         1680    i.DMA_DeInit        stm32f4xx_dma.o
    0x08000ae8   0x00000014   Code   RO         1684    i.DMA_GetCmdStatus  stm32f4xx_dma.o
    0x08000afc   0x00000064   Code   RO         1689    i.DMA_GetITStatus   stm32f4xx_dma.o
    0x08000b60   0x0000003a   Code   RO         1690    i.DMA_ITConfig      stm32f4xx_dma.o
    0x08000b9a   0x00000002   PAD
    0x08000b9c   0x00000058   Code   RO         1691    i.DMA_Init          stm32f4xx_dma.o
    0x08000bf4   0x00000002   Code   RO         1525    i.DebugMon_Handler  stm32f4xx_it.o
    0x08000bf6   0x00000090   Code   RO         1810    i.GPIO_Init         stm32f4xx_gpio.o
    0x08000c86   0x00000046   Code   RO         1811    i.GPIO_PinAFConfig  stm32f4xx_gpio.o
    0x08000ccc   0x00000004   Code   RO         1526    i.HardFault_Handler  stm32f4xx_it.o
    0x08000cd0   0x00000004   Code   RO         1527    i.MemManage_Handler  stm32f4xx_it.o
    0x08000cd4   0x00000002   Code   RO         1528    i.NMI_Handler       stm32f4xx_it.o
    0x08000cd6   0x00000002   PAD
    0x08000cd8   0x00000078   Code   RO         1629    i.NVIC_Init         misc.o
    0x08000d50   0x00000014   Code   RO         1630    i.NVIC_PriorityGroupConfig  misc.o
    0x08000d64   0x00000014   Code   RO         1631    i.NVIC_SetVectorTable  misc.o
    0x08000d78   0x00000020   Code   RO         1911    i.RCC_AHB1PeriphClockCmd  stm32f4xx_rcc.o
    0x08000d98   0x00000020   Code   RO         1920    i.RCC_APB1PeriphClockCmd  stm32f4xx_rcc.o
    0x08000db8   0x000000e8   Code   RO         1932    i.RCC_GetClocksFreq  stm32f4xx_rcc.o
    0x08000ea0   0x000000ec   Code   RO         1588    i.SetSysClock       system_stm32f4xx.o
    0x08000f8c   0x00000034   Code   RO         1393    i.SysTick_Handler   port.o
    0x08000fc0   0x00000068   Code   RO         1590    i.SystemInit        system_stm32f4xx.o
    0x08001028   0x00000048   Code   RO          737    i.UART4_IRQHandler  usart.o
    0x08001070   0x00000048   Code   RO          738    i.USART1_IRQHandler  usart.o
    0x080010b8   0x00000012   Code   RO         2309    i.USART_ClearFlag   stm32f4xx_usart.o
    0x080010ca   0x0000001e   Code   RO         2310    i.USART_ClearITPendingBit  stm32f4xx_usart.o
    0x080010e8   0x00000018   Code   RO         2313    i.USART_Cmd         stm32f4xx_usart.o
    0x08001100   0x00000012   Code   RO         2314    i.USART_DMACmd      stm32f4xx_usart.o
    0x08001112   0x00000054   Code   RO         2317    i.USART_GetITStatus  stm32f4xx_usart.o
    0x08001166   0x0000004a   Code   RO         2319    i.USART_ITConfig    stm32f4xx_usart.o
    0x080011b0   0x000000d4   Code   RO         2320    i.USART_Init        stm32f4xx_usart.o
    0x08001284   0x0000000a   Code   RO         2327    i.USART_ReceiveData  stm32f4xx_usart.o
    0x0800128e   0x00000004   Code   RO         1529    i.UsageFault_Handler  stm32f4xx_it.o
    0x08001292   0x00000002   PAD
    0x08001294   0x00000074   Code   RO          222    i._Z13ros_node_initPv  ros_test.o
    0x08001308   0x00000068   Code   RO          223    i._Z17node_test_publishPv  ros_test.o
    0x08001370   0x00000044   Code   RO          224    i._Z19node_test_subscribePv  ros_test.o
    0x080013b4   0x00000002   Code   RO          225    i._Z8CallBackRKN8std_msgs6StringE  ros_test.o
    0x080013b6   0x0000000a   Code   RO          323    i._ZN13Stm32Hardware4timeEv  ros_test.o
    0x080013c0   0x00000148   Code   RO          285    i._ZN14rosserial_msgs20RequestParamResponse11deserializeEPh  ros_test.o
    0x08001508   0x0000000c   Code   RO          486    i._ZN14rosserial_msgs20RequestParamResponse6getMD5Ev  ros_test.o
    0x08001514   0x0000000c   Code   RO          480    i._ZN14rosserial_msgs20RequestParamResponse7getTypeEv  ros_test.o
    0x08001520   0x0000000c   Code   RO          514    i._ZN14rosserial_msgs3Log6getMD5Ev  ros_test.o
    0x0800152c   0x0000000c   Code   RO          508    i._ZN14rosserial_msgs3Log7getTypeEv  ros_test.o
    0x08001538   0x0000000c   Code   RO          468    i._ZN14rosserial_msgs9TopicInfo6getMD5Ev  ros_test.o
    0x08001544   0x0000000c   Code   RO          462    i._ZN14rosserial_msgs9TopicInfo7getTypeEv  ros_test.o
    0x08001550   0x00000024   Code   RO         2531    i._ZN3ros16normalizeSecNSecERmS0_  time.o
    0x08001574   0x0000000c   Code   RO          329    i._ZN3ros3MsgC2Ev   ros_test.o
    0x08001580   0x0000005c   Code   RO          291    i._ZN8std_msgs4Time11deserializeEPh  ros_test.o
    0x080015dc   0x0000000c   Code   RO          438    i._ZN8std_msgs4Time6getMD5Ev  ros_test.o
    0x080015e8   0x0000000c   Code   RO          432    i._ZN8std_msgs4Time7getTypeEv  ros_test.o
    0x080015f4   0x00000024   Code   RO          275    i._ZN8std_msgs4TimeC1Ev  ros_test.o
    0x08001618   0x00000030   Code   RO          317    i._ZN8std_msgs6String11deserializeEPh  ros_test.o
    0x08001648   0x0000000c   Code   RO          408    i._ZN8std_msgs6String6getMD5Ev  ros_test.o
    0x08001654   0x0000000c   Code   RO          396    i._ZN8std_msgs6String7getTypeEv  ros_test.o
    0x08001660   0x00000018   Code   RO          338    i._ZN8std_msgs6StringC1Ev  ros_test.o
    0x08001678   0x00000104   Code   RO          474    i._ZNK14rosserial_msgs20RequestParamResponse9serializeEPh  ros_test.o
    0x0800177c   0x00000030   Code   RO          496    i._ZNK14rosserial_msgs3Log9serializeEPh  ros_test.o
    0x080017ac   0x00000092   Code   RO          450    i._ZNK14rosserial_msgs9TopicInfo9serializeEPh  ros_test.o
    0x0800183e   0x00000044   Code   RO          426    i._ZNK8std_msgs4Time9serializeEPh  ros_test.o
    0x08001882   0x0000002a   Code   RO          444    i._ZNK8std_msgs6String9serializeEPh  ros_test.o
    0x080018ac   0x00000006   Code   RO         2675    i.__cxa_pure_virtual  cpprt_w.l(pure_virt.o)
    0x080018b2   0x00000002   PAD
    0x080018b4   0x00000080   Code   RO          226    i.__sti___12_ros_test_cpp_356953f6  ros_test.o
    0x08001934   0x00000026   Code   RO            4    i.main              main.o
    0x0800195a   0x00000002   PAD
    0x0800195c   0x00000098   Code   RO          827    i.prvAddCurrentTaskToDelayedList  tasks.o
    0x080019f4   0x000000b8   Code   RO          828    i.prvAddNewTaskToReadyList  tasks.o
    0x08001aac   0x00000048   Code   RO          829    i.prvCheckTasksWaitingTermination  tasks.o
    0x08001af4   0x0000002a   Code   RO         1187    i.prvCopyDataFromQueue  queue.o
    0x08001b1e   0x0000007c   Code   RO         1188    i.prvCopyDataToQueue  queue.o
    0x08001b9a   0x00000012   Code   RO          830    i.prvDeleteTCB      tasks.o
    0x08001bac   0x00000014   Code   RO         1189    i.prvGetDisinheritPriorityAfterTimeout  queue.o
    0x08001bc0   0x0000007c   Code   RO         1469    i.prvHeapInit       heap_4.o
    0x08001c3c   0x00000008   Code   RO          831    i.prvIdleTask       tasks.o
    0x08001c44   0x0000002a   Code   RO         1191    i.prvInitialiseNewQueue  queue.o
    0x08001c6e   0x000000b4   Code   RO          832    i.prvInitialiseNewTask  tasks.o
    0x08001d22   0x00000002   PAD
    0x08001d24   0x00000068   Code   RO          833    i.prvInitialiseTaskLists  tasks.o
    0x08001d8c   0x00000068   Code   RO         1470    i.prvInsertBlockIntoFreeList  heap_4.o
    0x08001df4   0x0000001a   Code   RO         1192    i.prvIsQueueEmpty   queue.o
    0x08001e0e   0x0000001e   Code   RO         1193    i.prvIsQueueFull    queue.o
    0x08001e2c   0x00000034   Code   RO          835    i.prvResetNextTaskUnblockTime  tasks.o
    0x08001e60   0x00000040   Code   RO         1394    i.prvTaskExitError  port.o
    0x08001ea0   0x0000007e   Code   RO         1194    i.prvUnlockQueue    queue.o
    0x08001f1e   0x00000002   PAD
    0x08001f20   0x0000013c   Code   RO         1471    i.pvPortMalloc      heap_4.o
    0x0800205c   0x00000020   Code   RO          839    i.pvTaskIncrementMutexHeldCount  tasks.o
    0x0800207c   0x0000002c   Code   RO         1395    i.pxPortInitialiseStack  port.o
    0x080020a8   0x000000d8   Code   RO          114    i.ros_communication_bsp_init  ros_bsp.o
    0x08002180   0x0000000c   Code   RO          115    i.ros_dealy_ms      ros_bsp.o
    0x0800218c   0x00000008   Code   RO          116    i.ros_get_system_time  ros_bsp.o
    0x08002194   0x00000038   Code   RO          117    i.ros_receive_char_callback  ros_bsp.o
    0x080021cc   0x00000030   Code   RO          118    i.ros_send_frame_over_callback  ros_bsp.o
    0x080021fc   0x0000001c   Code   RO          119    i.ros_serial_init   ros_bsp.o
    0x08002218   0x00000024   Code   RO          120    i.ros_serial_read_char  ros_bsp.o
    0x0800223c   0x00000008   Code   RO          121    i.ros_serial_recv_enable_init  ros_bsp.o
    0x08002244   0x00000038   Code   RO          122    i.ros_serial_write_length  ros_bsp.o
    0x0800227c   0x0000002c   Code   RO          227    i.ros_task_create   ros_test.o
    0x080022a8   0x0000004c   Code   RO          123    i.ros_task_send     ros_bsp.o
    0x080022f4   0x00000010   Code   RO          670    i.serial_ros_init   serial.o
    0x08002304   0x00000008   Code   RO          671    i.serial_ros_recv_enable  serial.o
    0x0800230c   0x00000018   Code   RO          672    i.serial_ros_send_data  serial.o
    0x08002324   0x0000000c   Code   RO          673    i.serial_ros_send_data_init  serial.o
    0x08002330   0x000000d0   Code   RO          742    i.uart_ros_dma_init  usart.o
    0x08002400   0x000000f8   Code   RO          743    i.uart_ros_init     usart.o
    0x080024f8   0x00000014   Code   RO          744    i.uart_ros_rx_isr_enable  usart.o
    0x0800250c   0x0000005c   Code   RO          745    i.uart_send_data_by_dma  usart.o
    0x08002568   0x00000028   Code   RO         1353    i.uxListRemove      list.o
    0x08002590   0x0000001a   Code   RO         1354    i.vListInitialise   list.o
    0x080025aa   0x00000006   Code   RO         1355    i.vListInitialiseItem  list.o
    0x080025b0   0x00000034   Code   RO         1356    i.vListInsert       list.o
    0x080025e4   0x00000018   Code   RO         1357    i.vListInsertEnd    list.o
    0x080025fc   0x00000054   Code   RO         1397    i.vPortEnterCritical  port.o
    0x08002650   0x0000003c   Code   RO         1398    i.vPortExitCritical  port.o
    0x0800268c   0x00000094   Code   RO         1472    i.vPortFree         heap_4.o
    0x08002720   0x00000018   Code   RO         1399    i.vPortSetupTimerInterrupt  port.o
    0x08002738   0x00000078   Code   RO         1400    i.vPortValidateInterruptPriority  port.o
    0x080027b0   0x0000005c   Code   RO          845    i.vTaskDelay        tasks.o
    0x0800280c   0x000000f4   Code   RO          847    i.vTaskDelete       tasks.o
    0x08002900   0x00000018   Code   RO          850    i.vTaskInternalSetTimeOutState  tasks.o
    0x08002918   0x0000000c   Code   RO          852    i.vTaskMissedYield  tasks.o
    0x08002924   0x00000038   Code   RO          854    i.vTaskPlaceOnEventList  tasks.o
    0x0800295c   0x000000f4   Code   RO          856    i.vTaskPriorityDisinheritAfterTimeout  tasks.o
    0x08002a50   0x00000088   Code   RO          861    i.vTaskStartScheduler  tasks.o
    0x08002ad8   0x00000010   Code   RO          863    i.vTaskSuspendAll   tasks.o
    0x08002ae8   0x0000008c   Code   RO          864    i.vTaskSwitchContext  tasks.o
    0x08002b74   0x00000168   Code   RO         1401    i.xPortStartScheduler  port.o
    0x08002cdc   0x00000058   Code   RO         1203    i.xQueueGenericCreate  queue.o
    0x08002d34   0x00000098   Code   RO         1204    i.xQueueGenericReset  queue.o
    0x08002dcc   0x00000180   Code   RO         1205    i.xQueueGenericSend  queue.o
    0x08002f4c   0x000000f8   Code   RO         1206    i.xQueueGenericSendFromISR  queue.o
    0x08003044   0x000000e0   Code   RO         1207    i.xQueueGiveFromISR  queue.o
    0x08003124   0x00000140   Code   RO         1212    i.xQueueReceive     queue.o
    0x08003264   0x00000190   Code   RO         1214    i.xQueueSemaphoreTake  queue.o
    0x080033f4   0x0000008c   Code   RO          865    i.xTaskCheckForTimeOut  tasks.o
    0x08003480   0x00000060   Code   RO          866    i.xTaskCreate       tasks.o
    0x080034e0   0x0000000c   Code   RO          870    i.xTaskGetTickCount  tasks.o
    0x080034ec   0x00000148   Code   RO          872    i.xTaskIncrementTick  tasks.o
    0x08003634   0x000000c8   Code   RO          875    i.xTaskPriorityDisinherit  tasks.o
    0x080036fc   0x000000c8   Code   RO          876    i.xTaskPriorityInherit  tasks.o
    0x080037c4   0x00000098   Code   RO          877    i.xTaskRemoveFromEventList  tasks.o
    0x0800385c   0x00000104   Code   RO          878    i.xTaskResumeAll    tasks.o
    0x08003960   0x0000000c   Code   RO          402    t._ZN3ros10SubscriberIN8std_msgs6StringEE10getMsgTypeEv  ros_test.o
    0x0800396c   0x00000006   Code   RO          420    t._ZN3ros10SubscriberIN8std_msgs6StringEE15getEndpointTypeEv  ros_test.o
    0x08003972   0x0000001a   Code   RO          390    t._ZN3ros10SubscriberIN8std_msgs6StringEE8callbackEPh  ros_test.o
    0x0800398c   0x0000000c   Code   RO          414    t._ZN3ros10SubscriberIN8std_msgs6StringEE9getMsgMD5Ev  ros_test.o
    0x08003998   0x00000124   Code   RO          297    t._ZN3ros11NodeHandle_I13Stm32HardwareLi25ELi25ELi512ELi512EE15negotiateTopicsEv  ros_test.o
    0x08003abc   0x00000020   Code   RO          278    t._ZN3ros11NodeHandle_I13Stm32HardwareLi25ELi25ELi512ELi512EE15requestSyncTimeEv  ros_test.o
    0x08003adc   0x000000fc   Code   RO          383    t._ZN3ros11NodeHandle_I13Stm32HardwareLi25ELi25ELi512ELi512EE7publishEiPKNS_3MsgE  ros_test.o
    0x08003bd8   0x00000272   Code   RO          304    t._ZN3ros11NodeHandle_I13Stm32HardwareLi25ELi25ELi512ELi512EE8spinOnceEv  ros_test.o
    0x08003e4a   0x00000002   PAD
    0x08003e4c   0x000000a0   Code   RO          332    t._ZN3ros11NodeHandle_I13Stm32HardwareLi25ELi25ELi512ELi512EE8syncTimeEPh  ros_test.o
    0x08003eec   0x000000b0   Code   RO          311    t._ZN3ros11NodeHandle_I13Stm32HardwareLi25ELi25ELi512ELi512EEC1Ev  ros_test.o
    0x08003f9c   0x0000000a   Code   RO         2972    x$fpl$fpinit        fz_wm.l(fpinit.o)
    0x08003fa6   0x0000001c   Data   RO          236    .constdata          ros_test.o
    0x08003fc2   0x00000002   PAD
    0x08003fc4   0x00000018   Data   RO          348    .constdata__ZTVN14rosserial_msgs20RequestParamResponseE  ros_test.o
    0x08003fdc   0x00000018   Data   RO          493    .constdata__ZTVN14rosserial_msgs3LogE  ros_test.o
    0x08003ff4   0x00000018   Data   RO          346    .constdata__ZTVN14rosserial_msgs9TopicInfoE  ros_test.o
    0x0800400c   0x00000018   Data   RO          358    .constdata__ZTVN3ros10SubscriberIN8std_msgs6StringEEE  ros_test.o
    0x08004024   0x00000014   Data   RO          356    .constdata__ZTVN3ros11NodeHandle_I13Stm32HardwareLi25ELi25ELi512ELi512EEE  ros_test.o
    0x08004038   0x00000018   Data   RO          352    .constdata__ZTVN3ros11Subscriber_E  ros_test.o
    0x08004050   0x00000014   Data   RO          350    .constdata__ZTVN3ros15NodeHandleBase_E  ros_test.o
    0x08004064   0x00000018   Data   RO          342    .constdata__ZTVN3ros3MsgE  ros_test.o
    0x0800407c   0x00000018   Data   RO          344    .constdata__ZTVN8std_msgs4TimeE  ros_test.o
    0x08004094   0x00000018   Data   RO          354    .constdata__ZTVN8std_msgs6StringE  ros_test.o
    0x080040ac   0x00000021   Data   RO          271    .constdata__ZZN14rosserial_msgs20RequestParamResponse6getMD5EvEs  ros_test.o
    0x080040cd   0x00000021   Data   RO          270    .constdata__ZZN14rosserial_msgs3Log6getMD5EvEs  ros_test.o
    0x080040ee   0x00000013   Data   RO          269    .constdata__ZZN14rosserial_msgs3Log7getTypeEvEs  ros_test.o
    0x08004101   0x00000021   Data   RO          268    .constdata__ZZN14rosserial_msgs9TopicInfo6getMD5EvEs  ros_test.o
    0x08004122   0x00000019   Data   RO          267    .constdata__ZZN14rosserial_msgs9TopicInfo7getTypeEvEs  ros_test.o
    0x0800413b   0x00000039   Data   RO          274    .constdata__ZZN3ros11NodeHandle_I13Stm32HardwareLi25ELi25ELi512ELi512EE7publishEiPKNS_3MsgEEs  ros_test.o
    0x08004174   0x00000021   Data   RO          266    .constdata__ZZN8std_msgs4Time6getMD5EvEs  ros_test.o
    0x08004195   0x0000000e   Data   RO          265    .constdata__ZZN8std_msgs4Time7getTypeEvEs  ros_test.o
    0x080041a3   0x00000021   Data   RO          273    .constdata__ZZN8std_msgs6String6getMD5EvEs  ros_test.o
    0x080041c4   0x00000010   Data   RO          272    .constdata__ZZN8std_msgs6String7getTypeEvEs  ros_test.o
    0x080041d4   0x00000020   Data   RO         3068    Region$$Table       anon$$obj.o
    0x080041f4   0x00000004   Data   RO          238    .init_array         ros_test.o
    0x080041f8   0x00000000   Data   RO         2670    .init_array         c_w.l(init_aeabi.o)


    Execution Region RW_IRAM1 (Base: 0x20000000, Size: 0x00015048, Max: 0x00020000, ABSOLUTE)

    Base Addr    Size         Type   Attr      Idx    E Section Name        Object

    0x20000000   0x0000000c   Data   RW          125    .data               ros_bsp.o
    0x2000000c   0x00000054   Data   RW          237    .data               ros_test.o
    0x20000060   0x00000010   Data   RW          746    .data               usart.o
    0x20000070   0x0000003c   Data   RW          881    .data               tasks.o
    0x200000ac   0x0000000c   Data   RW         1402    .data               port.o
    0x200000b8   0x00000018   Data   RW         1477    .data               heap_4.o
    0x200000d0   0x00000010   Data   RW         1964    .data               stm32f4xx_rcc.o
    0x200000e0   0x00000208   Zero   RW          124    .bss                ros_bsp.o
    0x200002e8   0x0000055c   Zero   RW          235    .bss                ros_test.o
    0x20000844   0x000001a4   Zero   RW          880    .bss                tasks.o
    0x200009e8   0x00014000   Zero   RW         1476    .bss                heap_4.o
    0x200149e8   0x00000060   Zero   RW         2913    .bss                c_w.l(libspace.o)
    0x20014a48   0x00000200   Zero   RW         1579    HEAP                startup_stm32f40_41xxx.o
    0x20014c48   0x00000400   Zero   RW         1578    STACK               startup_stm32f40_41xxx.o


==============================================================================

Image component sizes


      Code (inc. data)   RO Data    RW Data    ZI Data      Debug   Object Name

       692         62          0         24      81920       4495   heap_4.o
       148          0          0          0          0       3314   list.o
        38          0          0          0          0     294859   main.o
       160         32          0          0          0       2689   misc.o
       998         92          0         12          0      11653   port.o
      2226         20          0          0          0      14868   queue.o
       544         84          0         12        520      13733   ros_bsp.o
      3290        232        560         84       1372      45646   ros_test.o
        60          6          0          0          0       2582   serial.o
        64         26        392          0       1536       1020   startup_stm32f40_41xxx.o
       736         72          0          0          0       7602   stm32f4xx_dma.o
       214          0          0          0          0       2219   stm32f4xx_gpio.o
        20          0          0          0          0       3281   stm32f4xx_it.o
       296         30          0         16          0       4722   stm32f4xx_rcc.o
       470          8          0          0          0       7301   stm32f4xx_usart.o
       340         32          0          0          0       2113   system_stm32f4xx.o
      3154        402          0         60        420      32666   tasks.o
        36          6          0          0          0        596   time.o
       792         88          0         16          0       6536   usart.o

    ----------------------------------------------------------------------
     14296       1192        986        224      85768     461895   Object Totals
         0          0         32          0          0          0   (incl. Generated)
        18          0          2          0          0          0   (incl. Padding)

    ----------------------------------------------------------------------

      Code (inc. data)   RO Data    RW Data    ZI Data      Debug   Library Member Name

         8          0          0          0          0         68   __main.o
         0          0          0          0          0          0   __rtentry.o
        12          0          0          0          0          0   __rtentry2.o
         6          0          0          0          0          0   __rtentry4.o
        52          8          0          0          0          0   __scatter.o
        26          0          0          0          0          0   __scatter_copy.o
        28          0          0          0          0          0   __scatter_zi.o
        16          0          0          0          0         68   aeabi_memset.o
        10          0          0          0          0         68   defsig_exit.o
        50          0          0          0          0         88   defsig_general.o
        48         34          0          0          0         76   defsig_pvfn_inner.o
        14          0          0          0          0         80   defsig_pvfn_outer.o
        80         58          0          0          0         76   defsig_rtmem_inner.o
        14          0          0          0          0         80   defsig_rtmem_outer.o
        12          0          0          0          0         72   exit.o
        94          0          0          0          0         80   h1_alloc.o
        52          0          0          0          0         68   h1_extend.o
        78          0          0          0          0         80   h1_free.o
        14          0          0          0          0         84   h1_init.o
       184          0          0          0          0         92   h1_realloc.o
         6          0          0          0          0        152   heapauxi.o
         4          0          0          0          0        136   hguard.o
         0          0          0          0          0          0   indicate_semi.o
        36         10          0          0          0         80   init_aeabi.o
       138          0          0          0          0        168   init_alloc.o
         2          0          0          0          0          0   libinit.o
        18          0          0          0          0          0   libinit2.o
         2          0          0          0          0          0   libshutdown.o
         2          0          0          0          0          0   libshutdown2.o
         8          4          0          0         96         68   libspace.o
         0          0          0          0          0          0   maybetermalloc1.o
         8          4          0          0          0         68   rt_heap_descriptor_intlibspace.o
        68          0          0          0          0         68   rt_memclr.o
        78          0          0          0          0         80   rt_memclr_w.o
       138          0          0          0          0         68   rt_memcpy_v6.o
       100          0          0          0          0         80   rt_memcpy_w.o
         2          0          0          0          0          0   rtexit.o
        10          0          0          0          0          0   rtexit2.o
        62          0          0          0          0         76   strlen.o
        12          4          0          0          0         68   sys_exit.o
        74          0          0          0          0         80   sys_stackheap_outer.o
        14          0          0          0          0         76   sys_wrch.o
         2          0          0          0          0         68   use_no_semi.o
         6          0          0          0          0         68   pure_virt.o
        10          0          0          0          0        116   fpinit.o

    ----------------------------------------------------------------------
      1606        122          0          0         96       2600   Library Totals
         8          0          0          0          0          0   (incl. Padding)

    ----------------------------------------------------------------------

      Code (inc. data)   RO Data    RW Data    ZI Data      Debug   Library Name

      1582        122          0          0         96       2416   c_w.l
         6          0          0          0          0         68   cpprt_w.l
        10          0          0          0          0        116   fz_wm.l

    ----------------------------------------------------------------------
      1606        122          0          0         96       2600   Library Totals

    ----------------------------------------------------------------------

==============================================================================


      Code (inc. data)   RO Data    RW Data    ZI Data      Debug   

     15902       1314        986        224      85864     448391   Grand Totals
     15902       1314        986        224      85864     448391   ELF Image Totals
     15902       1314        986        224          0          0   ROM Totals

==============================================================================

    Total RO  Size (Code + RO Data)                16888 (  16.49kB)
    Total RW  Size (RW Data + ZI Data)             86088 (  84.07kB)
    Total ROM Size (Code + RO Data + RW Data)      17112 (  16.71kB)

==============================================================================

